Archive member included to satisfy reference by file (symbol)

obj_socket_24/gnu_arcem9d_wei_r16/libembarc.a(hx_drv_iomux.o)
                              obj_socket_24/gnu_arcem9d_wei_r16/app/scenario_app/event_handler/evt_datapath/evt_datapath.o (hx_drv_iomux_cb_register)
obj_socket_24/gnu_arcem9d_wei_r16/libembarc.a(hx_drv_uart.o)
                              obj_socket_24/gnu_arcem9d_wei_r16//./src/main.o (hx_drv_uart_get_dev)
obj_socket_24/gnu_arcem9d_wei_r16/libembarc.a(hx_drv_adcc.o)
                              obj_socket_24/gnu_arcem9d_wei_r16/app/scenario_app/event_handler/evt_datapath/evt_datapath.o (hx_drv_adcc_get_defCfg)
obj_socket_24/gnu_arcem9d_wei_r16/libembarc.a(hx_drv_ckgen.o)
                              obj_socket_24/gnu_arcem9d_wei_r16/app/scenario_app/event_handler/evt_i2ccomm/evt_i2ccomm.o (hx_drv_ckgen_set_gated)
obj_socket_24/gnu_arcem9d_wei_r16/libembarc.a(hx_drv_pmu.o)
                              obj_socket_24/gnu_arcem9d_wei_r16/libembarc.a(hx_drv_adcc.o) (hx_drv_pmu_set_ctrl)
obj_socket_24/gnu_arcem9d_wei_r16/libembarc.a(hx_drv_rtc.o)
                              obj_socket_24/gnu_arcem9d_wei_r16/app/scenario_app/event_handler/evt_datapath/evt_datapath.o (hx_drv_rtc_start)
obj_socket_24/gnu_arcem9d_wei_r16/libembarc.a(hx_drv_timer.o)
                              obj_socket_24/gnu_arcem9d_wei_r16//./src/main.o (board_delay_ms)
obj_socket_24/gnu_arcem9d_wei_r16/libembarc.a(hx_drv_CIS_common.o)
                              obj_socket_24/gnu_arcem9d_wei_r16/app/scenario_app/event_handler/evt_i2ccomm/evt_i2ccomm.o (hx_drv_cis_get_reg)
obj_socket_24/gnu_arcem9d_wei_r16/libembarc.a(board.o)
                              obj_socket_24/gnu_arcem9d_wei_r16/app/scenario_app/event_handler/evt_i2ccomm/evt_i2ccomm.o (hx_board_get_version)
obj_socket_24/gnu_arcem9d_wei_r16/libembarc.a(arc_udma.o)
                              obj_socket_24/gnu_arcem9d_wei_r16/app/scenario_app/event_handler/evt_i2ccomm/evt_i2ccomm.o (dmac_active)
obj_socket_24/gnu_arcem9d_wei_r16/libembarc.a(arc_dmac.o)
                              obj_socket_24/gnu_arcem9d_wei_r16/app/scenario_app/event_handler/evt_i2ccomm/evt_i2ccomm.o (_dma_chan_reset)
obj_socket_24/gnu_arcem9d_wei_r16/libembarc.a(arc_exception.o)
                              obj_socket_24/gnu_arcem9d_wei_r16/libembarc.a(hx_drv_iomux.o) (int_disable)
obj_socket_24/gnu_arcem9d_wei_r16/libembarc.a(arc_timer.o)
                              obj_socket_24/gnu_arcem9d_wei_r16/libembarc.a(hx_drv_timer.o) (timer_present)
obj_socket_24/gnu_arcem9d_wei_r16/libembarc.a(arc_exc_asm.o)
                              obj_socket_24/gnu_arcem9d_wei_r16/libembarc.a(arc_exception.o) (exc_entry_cpu)
obj_socket_24/gnu_arcem9d_wei_r16/libembarc.a(arc_startup.o)
                              obj_socket_24/gnu_arcem9d_wei_r16/libembarc.a(arc_exception.o) (_arc_reset)
obj_socket_24/gnu_arcem9d_wei_r16/libembarc.a(console_io.o)
                              obj_socket_24/gnu_arcem9d_wei_r16/libembarc.a(board.o) (xprintf_setup)
obj_socket_24/gnu_arcem9d_wei_r16/libembarc.a(xprintf.o)
                              obj_socket_24/gnu_arcem9d_wei_r16/libembarc.a(console_io.o) (xfunc_out)
obj_socket_24/gnu_arcem9d_wei_r16/libembarc.a(event.o)
                              obj_socket_24/gnu_arcem9d_wei_r16/app/scenario_app/event_handler/event_handler.o (infra_evt_create)
obj_socket_24/gnu_arcem9d_wei_r16/libembarc.a(i2c_comm.o)
                              obj_socket_24/gnu_arcem9d_wei_r16/app/scenario_app/event_handler/evt_i2ccomm/evt_i2ccomm.o (hx_lib_i2ccomm_init)
obj_socket_24/gnu_arcem9d_wei_r16/libembarc.a(ccitt_crc16.o)
                              obj_socket_24/gnu_arcem9d_wei_r16/libembarc.a(i2c_comm.o) (crc16_ccitt)
obj_socket_24/gnu_arcem9d_wei_r16/libembarc.a(ota.o)
                              obj_socket_24/gnu_arcem9d_wei_r16/app/scenario_app/event_handler/evt_i2ccomm/evt_i2ccomm.o (hx_boot_branch)
obj_socket_24/gnu_arcem9d_wei_r16/libembarc.a(powermode.o)
                              obj_socket_24/gnu_arcem9d_wei_r16/app/scenario_app/event_handler/evt_i2ccomm/evt_i2ccomm.o (hx_lib_pm_cpu_rst)
obj_socket_24/gnu_arcem9d_wei_r16/libembarc.a(sensor_dp_lib.o)
                              obj_socket_24/gnu_arcem9d_wei_r16/libembarc.a(powermode.o) (sensordplib_get_cur_dp_path)
obj_socket_24/gnu_arcem9d_wei_r16/libembarc.a(sensor_dp_hw5x5_jpeg.o)
                              obj_socket_24/gnu_arcem9d_wei_r16/libembarc.a(sensor_dp_lib.o) (setup_dp_hw5x5_jpeg_wdma2)
obj_socket_24/gnu_arcem9d_wei_r16/libembarc.a(sensor_dp_tpg_jpeg.o)
                              obj_socket_24/gnu_arcem9d_wei_r16/libembarc.a(sensor_dp_lib.o) (setup_sensordp_tpg_jpegenc_wdma2)
obj_socket_24/gnu_arcem9d_wei_r16/libembarc.a(hx_drv_hw5x5.o)
                              obj_socket_24/gnu_arcem9d_wei_r16/libembarc.a(sensor_dp_hw5x5_jpeg.o) (hx_drv_hw5x5_set_allCfg)
obj_socket_24/gnu_arcem9d_wei_r16/libembarc.a(hx_drv_cdm.o)
[...]
Memory Configuration

Name             Origin             Length             Attributes
ICCM0            0x0000000000000000 0x0000000000010000
ICCM1            0x0000000010000000 0x0000000000050000
SYSTEM0          0x0000000020020800 0x00000000000e9af0
DCCM             0x0000000080000000 0x0000000000040000
XCCM             0x0000000090000000 0x0000000000008000
YCCM             0x00000000a0000000 0x0000000000008000
*default*        0x0000000000000000 0xffffffffffffffff

Linker script and memory map

LOAD /home/coherent/Downloads/arc_gnu_2019.09_ide_linux_install/bin/../lib/gcc/arc-elf32/9.2.1/../../../../arc-elf32/lib/em4_fpus/libm.a

.ivt            0x0000000010000004      0x148
 *(.init_vector)
 *(.init_bootstrap)
 .init_bootstrap
                0x0000000010000004      0x148 obj_socket_24/gnu_arcem9d_wei_r16/libembarc.a(arc_startup.o)
                0x0000000010000004                _arc_start
                0x0000000010000004                _arc_reset
                0x0000000010000138                _arc_exit_halt
                0x0000000010000138                _exit_loop

.vector         0x0000000010000400      0x400
                0x0000000010000400                . = ALIGN (0x400)
 *(.vector)
 .vector        0x0000000010000400      0x400 obj_socket_24/gnu_arcem9d_wei_r16/libembarc.a(arc_exception.o)
                0x0000000010000400                exc_entry_table

.hash
 *(.hash)

.dynsym
 *(.dynsym)

.dynstr
 *(.dynstr)

.gnu.version
 *(.gnu.version)

.gnu.version_d
 *(.gnu.version_d)

.gnu.version_r
 *(.gnu.version_r)

.rel.init
 *(.rel.init)

.rela.init
 *(.rela.init)

.rel.text
 *(.rel.text .rel.text.* .rel.gnu.linkonce.t.*)

.rela.text
 *(.rela.text .rela.text.* .rela.gnu.linkonce.t.*)

.rel.fini
 *(.rel.fini)

.rela.fini
 *(.rela.fini)

.rel.rodata
 *(.rel.rodata .rel.rodata.* .rel.gnu.linkonce.r.*)

.rela.rodata
 *(.rela.rodata .rela.rodata.* .rela.gnu.linkonce.r.*)

.rel.data
 *(.rel.data .rel.data.* .rel.gnu.linkonce.d.*)

.rela.data
 *(.rela.data .rela.data.* .rela.gnu.linkonce.d.*)

.rel.tdata
 *(.rel.tdata .rel.tdata.* .rel.gnu.linkonce.td.*)

.rela.tdata
 *(.rela.tdata .rela.tdata.* .rela.gnu.linkonce.td.*)

.rel.tbss
 *(.rel.tbss .rel.tbss.* .rel.gnu.linkonce.tb.*)

.rela.tbss
 *(.rela.tbss .rela.tbss.* .rela.gnu.linkonce.tb.*)

.rel.ctors
 *(.rel.ctors)

.rela.ctors
 *(.rela.ctors)

.rel.dtors
 *(.rel.dtors)

.rela.dtors
 *(.rela.dtors)

.rel.got
 *(.rel.got)

.rela.got
 *(.rela.got)

.rel.sdata
 *(.rel.sdata .rel.sdata.* .rel.gnu.linkonce.s.*)

.rela.sdata
 *(.rela.sdata .rela.sdata.* .rela.gnu.linkonce.s.*)

.rel.sbss
 *(.rel.sbss .rel.sbss.* .rel.gnu.linkonce.sb.*)

.rela.sbss
 *(.rela.sbss .rela.sbss.* .rela.gnu.linkonce.sb.*)

.rel.sdata2
 *(.rel.sdata2 .rel.sdata2.* .rel.gnu.linkonce.s2.*)

.rela.sdata2
 *(.rela.sdata2 .rela.sdata2.* .rela.gnu.linkonce.s2.*)

.rel.sbss2
 *(.rel.sbss2 .rel.sbss2.* .rel.gnu.linkonce.sb2.*)

.rela.sbss2
 *(.rela.sbss2 .rela.sbss2.* .rela.gnu.linkonce.sb2.*)

.rel.bss
 *(.rel.bss .rel.bss.* .rel.gnu.linkonce.b.*)

.rela.bss
 *(.rela.bss .rela.bss.* .rela.gnu.linkonce.b.*)

.text           0x0000000010000800    0x10f2c
                0x0000000010000800                . = ALIGN (0x4)
                0x0000000010000800                PROVIDE (_f_text = .)
 *(TYPE bss)
 *(SORT_NONE(.init))
                0x0000000010000800                . = ALIGN (0x4)
 *crt0.o(.text.__startup)
                0x0000000010000800                . = ALIGN (0x4)
 *(.text .stub .text.* .gnu.linkonce.t.*)
 .text.startup.main
                0x0000000010000800      0x1c4 obj_socket_24/gnu_arcem9d_wei_r16//./src/main.o
                0x0000000010000800                main
 .text.iomux_isr_pgpio0
                0x00000000100009c4       0x10 obj_socket_24/gnu_arcem9d_wei_r16/libembarc.a(hx_drv_iomux.o)
 .text.iomux_isr_pgpio1
                0x00000000100009d4       0x10 obj_socket_24/gnu_arcem9d_wei_r16/libembarc.a(hx_drv_iomux.o)
 .text.iomux_isr_pgpio2
                0x00000000100009e4       0x10 obj_socket_24/gnu_arcem9d_wei_r16/libembarc.a(hx_drv_iomux.o)
 .text.iomux_isr_pgpio3
                0x00000000100009f4       0x10 obj_socket_24/gnu_arcem9d_wei_r16/libembarc.a(hx_drv_iomux.o)
 .text.iomux_isr_pgpio4
                0x0000000010000a04       0x10 obj_socket_24/gnu_arcem9d_wei_r16/libembarc.a(hx_drv_iomux.o)
 .text.iomux_isr_pgpio5
                0x0000000010000a14       0x10 obj_socket_24/gnu_arcem9d_wei_r16/libembarc.a(hx_drv_iomux.o)
 .text.iomux_isr_pgpio6
                0x0000000010000a24       0x10 obj_socket_24/gnu_arcem9d_wei_r16/libembarc.a(hx_drv_iomux.o)
 .text.iomux_isr_pgpio7
                0x0000000010000a34       0x10 obj_socket_24/gnu_arcem9d_wei_r16/libembarc.a(hx_drv_iomux.o)
 .text.iomux_isr_pgpio8
                0x0000000010000a44       0x10 obj_socket_24/gnu_arcem9d_wei_r16/libembarc.a(hx_drv_iomux.o)
 .text.iomux_isr_pgpio9
                0x0000000010000a54       0x10 obj_socket_24/gnu_arcem9d_wei_r16/libembarc.a(hx_drv_iomux.o)
 .text.iomux_isr_pgpio10
                0x0000000010000a64       0x10 obj_socket_24/gnu_arcem9d_wei_r16/libembarc.a(hx_drv_iomux.o)
 .text.iomux_isr_pgpio11
                0x0000000010000a74       0x10 obj_socket_24/gnu_arcem9d_wei_r16/libembarc.a(hx_drv_iomux.o)
 .text.iomux_isr_pgpio12
                0x0000000010000a84       0x10 obj_socket_24/gnu_arcem9d_wei_r16/libembarc.a(hx_drv_iomux.o)
 .text.iomux_isr_pgpio13
                0x0000000010000a94       0x10 obj_socket_24/gnu_arcem9d_wei_r16/libembarc.a(hx_drv_iomux.o)
 .text.iomux_isr_pgpio14
                0x0000000010000aa4       0x10 obj_socket_24/gnu_arcem9d_wei_r16/libembarc.a(hx_drv_iomux.o)
 .text.iomux_isr_sgpio0
                0x0000000010000ab4       0x10 obj_socket_24/gnu_arcem9d_wei_r16/libembarc.a(hx_drv_iomux.o)
 .text.iomux_isr_sgpio1
                0x0000000010000ac4       0x10 obj_socket_24/gnu_arcem9d_wei_r16/libembarc.a(hx_drv_iomux.o)
 .text.hx_drv_iomux_init
                0x0000000010000ad4      0x1dc obj_socket_24/gnu_arcem9d_wei_r16/libembarc.a(hx_drv_iomux.o)
                0x0000000010000ad4                hx_drv_iomux_init
 .text.dfss_uart_0_install
                0x0000000010000cb0       0x54 obj_socket_24/gnu_arcem9d_wei_r16/libembarc.a(hx_drv_uart.o)
 .text.dfss_uart_1_install
                0x0000000010000d04       0x54 obj_socket_24/gnu_arcem9d_wei_r16/libembarc.a(hx_drv_uart.o)
 .text.dfss_uart_0_read_nonblock
                0x0000000010000d58       0x10 obj_socket_24/gnu_arcem9d_wei_r16/libembarc.a(hx_drv_uart.o)
 .text.dfss_uart_1_read_nonblock
                0x0000000010000d68       0x10 obj_socket_24/gnu_arcem9d_wei_r16/libembarc.a(hx_drv_uart.o)
 .text.dfss_uart_0_read
                0x0000000010000d78       0x10 obj_socket_24/gnu_arcem9d_wei_r16/libembarc.a(hx_drv_uart.o)
 .text.dfss_uart_1_read
                0x0000000010000d88       0x10 obj_socket_24/gnu_arcem9d_wei_r16/libembarc.a(hx_drv_uart.o)
 .text.dfss_uart_0_write
                0x0000000010000d98       0x10 obj_socket_24/gnu_arcem9d_wei_r16/libembarc.a(hx_drv_uart.o)
 .text.dfss_uart_1_write
                0x0000000010000da8       0x10 obj_socket_24/gnu_arcem9d_wei_r16/libembarc.a(hx_drv_uart.o)
 .text.dfss_uart_0_control
                0x0000000010000db8       0x10 obj_socket_24/gnu_arcem9d_wei_r16/libembarc.a(hx_drv_uart.o)
 .text.dfss_uart_1_control
                0x0000000010000dc8       0x10 obj_socket_24/gnu_arcem9d_wei_r16/libembarc.a(hx_drv_uart.o)
 .text.dfss_uart_0_close
                0x0000000010000dd8        0xc obj_socket_24/gnu_arcem9d_wei_r16/libembarc.a(hx_drv_uart.o)
 .text.dfss_uart_1_close
                0x0000000010000de4        0xc obj_socket_24/gnu_arcem9d_wei_r16/libembarc.a(hx_drv_uart.o)
 .text.dfss_uart_0_open
                0x0000000010000df0        0xc obj_socket_24/gnu_arcem9d_wei_r16/libembarc.a(hx_drv_uart.o)
 .text.dfss_uart_1_open
                0x0000000010000dfc        0xc obj_socket_24/gnu_arcem9d_wei_r16/libembarc.a(hx_drv_uart.o)
 .text.uart_err_cb0
                0x0000000010000e08        0xc obj_socket_24/gnu_arcem9d_wei_r16/libembarc.a(hx_drv_uart.o)
 .text.uart_err_cb1
                0x0000000010000e14        0xc obj_socket_24/gnu_arcem9d_wei_r16/libembarc.a(hx_drv_uart.o)
 .text.uart_rx_cb0
                0x0000000010000e20        0xc obj_socket_24/gnu_arcem9d_wei_r16/libembarc.a(hx_drv_uart.o)
 .text.uart_rx_cb1
                0x0000000010000e2c        0xc obj_socket_24/gnu_arcem9d_wei_r16/libembarc.a(hx_drv_uart.o)
 .text.uart_tx_cb0
                0x0000000010000e38        0xc obj_socket_24/gnu_arcem9d_wei_r16/libembarc.a(hx_drv_uart.o)
 .text.uart_tx_cb1
                0x0000000010000e44        0xc obj_socket_24/gnu_arcem9d_wei_r16/libembarc.a(hx_drv_uart.o)
 .text.hx_drv_uart_init
                0x0000000010000e50       0x60 obj_socket_24/gnu_arcem9d_wei_r16/libembarc.a(hx_drv_uart.o)
                0x0000000010000e50                hx_drv_uart_init
 .text.hx_drv_uart_get_dev
                0x0000000010000eb0       0x48 obj_socket_24/gnu_arcem9d_wei_r16/libembarc.a(hx_drv_uart.o)
                0x0000000010000eb0                hx_drv_uart_get_dev
 .text.hx_drv_ckgen_init
                0x0000000010000ef8        0xc obj_socket_24/gnu_arcem9d_wei_r16/libembarc.a(hx_drv_ckgen.o)
                0x0000000010000ef8                hx_drv_ckgen_init
 .text.hx_drv_ckgen_set_gated
                0x0000000010000f04       0x4c obj_socket_24/gnu_arcem9d_wei_r16/libembarc.a(hx_drv_ckgen.o)
                0x0000000010000f04                hx_drv_ckgen_set_gated
 .text.hx_drv_ckgen_set_div
                0x0000000010000f50       0xe8 obj_socket_24/gnu_arcem9d_wei_r16/libembarc.a(hx_drv_ckgen.o)
                0x0000000010000f50                hx_drv_ckgen_set_div
 .text.hx_drv_ckgen_set_sel
                0x0000000010001038       0x30 obj_socket_24/gnu_arcem9d_wei_r16/libembarc.a(hx_drv_ckgen.o)
                0x0000000010001038                hx_drv_ckgen_set_sel
 .text.hx_drv_swrst_init
                0x0000000010001068        0xc obj_socket_24/gnu_arcem9d_wei_r16/libembarc.a(hx_drv_ckgen.o)
                0x0000000010001068                hx_drv_swrst_init
 .text.pmu_rc36_finish_isr
                0x0000000010001074       0x10 obj_socket_24/gnu_arcem9d_wei_r16/libembarc.a(hx_drv_pmu.o)
 .text.pmu_rc36_done_isr
                0x0000000010001084       0x10 obj_socket_24/gnu_arcem9d_wei_r16/libembarc.a(hx_drv_pmu.o)
 .text.pmu_wdt_isr
                0x0000000010001094       0x24 obj_socket_24/gnu_arcem9d_wei_r16/libembarc.a(hx_drv_pmu.o)
 .text.pmu_adc_isr
                0x00000000100010b8       0x24 obj_socket_24/gnu_arcem9d_wei_r16/libembarc.a(hx_drv_pmu.o)
 .text.hx_drv_pmu_init
                0x00000000100010dc       0x88 obj_socket_24/gnu_arcem9d_wei_r16/libembarc.a(hx_drv_pmu.o)
                0x00000000100010dc                hx_drv_pmu_init
 .text.hx_drv_pmu_get_ctrl
                0x0000000010001164      0xc34 obj_socket_24/gnu_arcem9d_wei_r16/libembarc.a(hx_drv_pmu.o)
                0x0000000010001164                hx_drv_pmu_get_ctrl
 .text.hx_drv_pmu_get_bootflow
                0x0000000010001d98       0x2c obj_socket_24/gnu_arcem9d_wei_r16/libembarc.a(hx_drv_pmu.o)
                0x0000000010001d98                hx_drv_pmu_get_bootflow
 .text.rtc_sen_isr
                0x0000000010001dc4       0x10 obj_socket_24/gnu_arcem9d_wei_r16/libembarc.a(hx_drv_rtc.o)
 .text.rtc_adc_isr
                0x0000000010001dd4       0x10 obj_socket_24/gnu_arcem9d_wei_r16/libembarc.a(hx_drv_rtc.o)
 .text.hx_drv_rtc_init
                0x0000000010001de4       0x78 obj_socket_24/gnu_arcem9d_wei_r16/libembarc.a(hx_drv_rtc.o)
                0x0000000010001de4                hx_drv_rtc_init
 .text.std_timer_isr
                0x0000000010001e5c       0x18 obj_socket_24/gnu_arcem9d_wei_r16/libembarc.a(hx_drv_timer.o)
 .text.sys_timer_isr
                0x0000000010001e74       0x60 obj_socket_24/gnu_arcem9d_wei_r16/libembarc.a(hx_drv_timer.o)
 .text.hx_drv_timer_init
                0x0000000010001ed4       0x50 obj_socket_24/gnu_arcem9d_wei_r16/libembarc.a(hx_drv_timer.o)
                0x0000000010001ed4                hx_drv_timer_init
 .text.board_delay_ms
                0x0000000010001f24       0x3c obj_socket_24/gnu_arcem9d_wei_r16/libembarc.a(hx_drv_timer.o)
                0x0000000010001f24                board_delay_ms
 .text.board_main
                0x0000000010001f60       0x34 obj_socket_24/gnu_arcem9d_wei_r16/libembarc.a(board.o)
                0x0000000010001f60                board_main
 .text._dmac_clear_error
                0x0000000010001f94       0x10 obj_socket_24/gnu_arcem9d_wei_r16/libembarc.a(arc_udma.o)
 .text._dmac_interrupt_error
                0x0000000010001fa4       0x44 obj_socket_24/gnu_arcem9d_wei_r16/libembarc.a(arc_udma.o)
 .text._dmac_interrupt_completed
                0x0000000010001fe8       0x3c obj_socket_24/gnu_arcem9d_wei_r16/libembarc.a(arc_udma.o)
 .text.dmac_init
                0x0000000010002024       0xac obj_socket_24/gnu_arcem9d_wei_r16/libembarc.a(arc_udma.o)
                0x0000000010002024                dmac_init
 .text.dmac_register_callback
                0x00000000100020d0       0x1c obj_socket_24/gnu_arcem9d_wei_r16/libembarc.a(arc_udma.o)
                0x00000000100020d0                dmac_register_callback
 .text.dmac_init_channel
                0x00000000100020ec       0x18 obj_socket_24/gnu_arcem9d_wei_r16/libembarc.a(arc_udma.o)
                0x00000000100020ec                dmac_init_channel
 .text.dmac_reserve_channel
                0x0000000010002104       0x60 obj_socket_24/gnu_arcem9d_wei_r16/libembarc.a(arc_udma.o)
                0x0000000010002104                dmac_reserve_channel
 .text.dmac_release_channel
                0x0000000010002164       0x30 obj_socket_24/gnu_arcem9d_wei_r16/libembarc.a(arc_udma.o)
                0x0000000010002164                dmac_release_channel
 .text._dma_int_clear
                0x0000000010002194        0xc obj_socket_24/gnu_arcem9d_wei_r16/libembarc.a(arc_dmac.o)
                0x0000000010002194                _dma_int_clear
 .text._dma_chan_reset
                0x00000000100021a0        0xc obj_socket_24/gnu_arcem9d_wei_r16/libembarc.a(arc_dmac.o)
                0x00000000100021a0                _dma_chan_reset
 .text._dma_chan_enable
                0x00000000100021ac        0xc obj_socket_24/gnu_arcem9d_wei_r16/libembarc.a(arc_dmac.o)
                0x00000000100021ac                _dma_chan_enable
 .text._dma_chan_desc
                0x00000000100021b8        0xc obj_socket_24/gnu_arcem9d_wei_r16/libembarc.a(arc_dmac.o)
                0x00000000100021b8                _dma_chan_desc
 .text._dma_channel_clear
                0x00000000100021c4        0xc obj_socket_24/gnu_arcem9d_wei_r16/libembarc.a(arc_dmac.o)
                0x00000000100021c4                _dma_channel_clear
 .text._dma_chan_desc_aux
                0x00000000100021d0       0x34 obj_socket_24/gnu_arcem9d_wei_r16/libembarc.a(arc_dmac.o)
                0x00000000100021d0                _dma_chan_desc_aux
 .text._dma_chan_desc_get_ctrl
                0x0000000010002204        0xc obj_socket_24/gnu_arcem9d_wei_r16/libembarc.a(arc_dmac.o)
                0x0000000010002204                _dma_chan_desc_get_ctrl
 .text._dma_chan_desc_aux_get_ctrl
                0x0000000010002210       0x10 obj_socket_24/gnu_arcem9d_wei_r16/libembarc.a(arc_dmac.o)
                0x0000000010002210                _dma_chan_desc_aux_get_ctrl
 .text.arc_int_ipm_set
                0x0000000010002220       0x24 obj_socket_24/gnu_arcem9d_wei_r16/libembarc.a(arc_exception.o)
 .text.int_handler_default
                0x0000000010002244       0x28 obj_socket_24/gnu_arcem9d_wei_r16/libembarc.a(arc_exception.o)
 .text.exc_handler_default
                0x000000001000226c       0x34 obj_socket_24/gnu_arcem9d_wei_r16/libembarc.a(arc_exception.o)
 .text.exc_int_init
                0x00000000100022a0       0x4c obj_socket_24/gnu_arcem9d_wei_r16/libembarc.a(arc_exception.o)
                0x00000000100022a0                exc_int_init
 .text.exc_handler_install
                0x00000000100022ec       0x1c obj_socket_24/gnu_arcem9d_wei_r16/libembarc.a(arc_exception.o)
                0x00000000100022ec                exc_handler_install
 .text.int_disable
                0x0000000010002308       0x34 obj_socket_24/gnu_arcem9d_wei_r16/libembarc.a(arc_exception.o)
                0x0000000010002308                int_disable
 .text.int_enable
                0x000000001000233c       0x34 obj_socket_24/gnu_arcem9d_wei_r16/libembarc.a(arc_exception.o)
                0x000000001000233c                int_enable
 .text.int_pri_set
                0x0000000010002370       0x38 obj_socket_24/gnu_arcem9d_wei_r16/libembarc.a(arc_exception.o)
                0x0000000010002370                int_pri_set
 .text.int_level_config
                0x00000000100023a8       0x24 obj_socket_24/gnu_arcem9d_wei_r16/libembarc.a(arc_exception.o)
                0x00000000100023a8                int_level_config
 .text.int_handler_install
                0x00000000100023cc        0xc obj_socket_24/gnu_arcem9d_wei_r16/libembarc.a(arc_exception.o)
                0x00000000100023cc                int_handler_install
 .text.timer_present
                0x00000000100023d8       0x28 obj_socket_24/gnu_arcem9d_wei_r16/libembarc.a(arc_timer.o)
                0x00000000100023d8                timer_present
 .text.timer_start
                0x0000000010002400       0x6c obj_socket_24/gnu_arcem9d_wei_r16/libembarc.a(arc_timer.o)
                0x0000000010002400                timer_start
 .text.timer_stop
                0x000000001000246c       0x68 obj_socket_24/gnu_arcem9d_wei_r16/libembarc.a(arc_timer.o)
                0x000000001000246c                timer_stop
 .text.timer_int_clear
                0x00000000100024d4       0x30 obj_socket_24/gnu_arcem9d_wei_r16/libembarc.a(arc_timer.o)
                0x00000000100024d4                timer_int_clear
 .text.timer_init
                0x0000000010002504       0x30 obj_socket_24/gnu_arcem9d_wei_r16/libembarc.a(arc_timer.o)
                0x0000000010002504                timer_init
 .text          0x0000000010002534      0x358 obj_socket_24/gnu_arcem9d_wei_r16/libembarc.a(arc_exc_asm.o)
                0x0000000010002534                exc_entry_cpu
                0x00000000100026a4                exc_entry_int
                0x0000000010002750                exc_entry_firq
 .text.console_putchar
                0x000000001000288c       0x2c obj_socket_24/gnu_arcem9d_wei_r16/libembarc.a(console_io.o)
                0x000000001000288c                console_putchar
 .text.console_getchar
                0x00000000100028b8       0x30 obj_socket_24/gnu_arcem9d_wei_r16/libembarc.a(console_io.o)
                0x00000000100028b8                console_getchar
 .text.xprintf_setup
                0x00000000100028e8       0x5c obj_socket_24/gnu_arcem9d_wei_r16/libembarc.a(console_io.o)
                0x00000000100028e8                xprintf_setup
 .text.xputc    0x0000000010002944       0x30 obj_socket_24/gnu_arcem9d_wei_r16/libembarc.a(xprintf.o)
                0x0000000010002944                xputc
 .text.xputs    0x0000000010002974       0x14 obj_socket_24/gnu_arcem9d_wei_r16/libembarc.a(xprintf.o)
                0x0000000010002974                xputs
 .text.xvprintf
                0x0000000010002988      0x1c8 obj_socket_24/gnu_arcem9d_wei_r16/libembarc.a(xprintf.o)
                0x0000000010002988                xvprintf
 .text.xprintf  0x0000000010002b50       0x28 obj_socket_24/gnu_arcem9d_wei_r16/libembarc.a(xprintf.o)
                0x0000000010002b50                xprintf
 .text.infra_evts_init
                0x0000000010002b78       0x2c obj_socket_24/gnu_arcem9d_wei_r16/libembarc.a(event.o)
                0x0000000010002b78                infra_evts_init
 .text.i2c_s_callback_fun_tx
                0x0000000010002ba4       0x10 obj_socket_24/gnu_arcem9d_wei_r16/libembarc.a(i2c_comm.o)
 .text.i2c_s_callback_fun_rx
                0x0000000010002bb4       0x10 obj_socket_24/gnu_arcem9d_wei_r16/libembarc.a(i2c_comm.o)
 .text.i2c_s_callback_fun_err
                0x0000000010002bc4       0x10 obj_socket_24/gnu_arcem9d_wei_r16/libembarc.a(i2c_comm.o)
 .text.hx_lib_i2ccomm_open
                0x0000000010002bd4       0x44 obj_socket_24/gnu_arcem9d_wei_r16/libembarc.a(i2c_comm.o)
                0x0000000010002bd4                hx_lib_i2ccomm_open
 .text.hx_lib_pm_init
                0x0000000010002c18       0x1c obj_socket_24/gnu_arcem9d_wei_r16/libembarc.a(powermode.o)
                0x0000000010002c18                hx_lib_pm_init
 .text.sensordplib_init
                0x0000000010002c34       0x3c obj_socket_24/gnu_arcem9d_wei_r16/libembarc.a(sensor_dp_lib.o)
                0x0000000010002c34                sensordplib_init
 .text.hx_drv_hw5x5_init
                0x0000000010002c70        0x4 obj_socket_24/gnu_arcem9d_wei_r16/libembarc.a(hx_drv_hw5x5.o)
                0x0000000010002c70                hx_drv_hw5x5_init
 .text.hx_drv_cdm_init
                0x0000000010002c74        0x4 obj_socket_24/gnu_arcem9d_wei_r16/libembarc.a(hx_drv_cdm.o)
                0x0000000010002c74                hx_drv_cdm_init
 .text.hx_drv_dp_init
                0x0000000010002c78        0x4 obj_socket_24/gnu_arcem9d_wei_r16/libembarc.a(hx_drv_dp.o)
                0x0000000010002c78                hx_drv_dp_init
 .text.hx_drv_dp_get_rx_clk_src
                0x0000000010002c7c       0x14 obj_socket_24/gnu_arcem9d_wei_r16/libembarc.a(hx_drv_dp.o)
                0x0000000010002c7c                hx_drv_dp_get_rx_clk_src
 .text.hx_drv_hogdma_init
                0x0000000010002c90        0x4 obj_socket_24/gnu_arcem9d_wei_r16/libembarc.a(hx_drv_hogdma.o)
                0x0000000010002c90                hx_drv_hogdma_init
 .text.hx_drv_jpeg_init
                0x0000000010002c94        0x4 obj_socket_24/gnu_arcem9d_wei_r16/libembarc.a(hx_drv_jpeg.o)
                0x0000000010002c94                hx_drv_jpeg_init
 .text.hx_drv_rsdma_init
                0x0000000010002c98        0x4 obj_socket_24/gnu_arcem9d_wei_r16/libembarc.a(hx_drv_rsdma.o)
                0x0000000010002c98                hx_drv_rsdma_init
 .text.hx_drv_xdma_init
                0x0000000010002c9c        0x4 obj_socket_24/gnu_arcem9d_wei_r16/libembarc.a(hx_drv_xdma.o)
                0x0000000010002c9c                hx_drv_xdma_init
 .text.dfss_iic_0_install
                0x0000000010002ca0       0x48 obj_socket_24/gnu_arcem9d_wei_r16/libembarc.a(hx_drv_iic_m.o)
 .text.dfss_iic_1_install
                0x0000000010002ce8       0x48 obj_socket_24/gnu_arcem9d_wei_r16/libembarc.a(hx_drv_iic_m.o)
 .text.dfss_iic_2_install
                0x0000000010002d30       0x48 obj_socket_24/gnu_arcem9d_wei_r16/libembarc.a(hx_drv_iic_m.o)
 .text.dfss_iic_0_read
                0x0000000010002d78       0x10 obj_socket_24/gnu_arcem9d_wei_r16/libembarc.a(hx_drv_iic_m.o)
 .text.dfss_iic_1_read
                0x0000000010002d88       0x10 obj_socket_24/gnu_arcem9d_wei_r16/libembarc.a(hx_drv_iic_m.o)
 .text.dfss_iic_2_read
                0x0000000010002d98       0x10 obj_socket_24/gnu_arcem9d_wei_r16/libembarc.a(hx_drv_iic_m.o)
 .text.dfss_iic_0_write
                0x0000000010002da8       0x10 obj_socket_24/gnu_arcem9d_wei_r16/libembarc.a(hx_drv_iic_m.o)
 .text.dfss_iic_1_write
                0x0000000010002db8       0x10 obj_socket_24/gnu_arcem9d_wei_r16/libembarc.a(hx_drv_iic_m.o)
 .text.dfss_iic_2_write
                0x0000000010002dc8       0x10 obj_socket_24/gnu_arcem9d_wei_r16/libembarc.a(hx_drv_iic_m.o)
 .text.dfss_iic_0_control
                0x0000000010002dd8       0x10 obj_socket_24/gnu_arcem9d_wei_r16/libembarc.a(hx_drv_iic_m.o)
 .text.dfss_iic_1_control
                0x0000000010002de8       0x10 obj_socket_24/gnu_arcem9d_wei_r16/libembarc.a(hx_drv_iic_m.o)
 .text.dfss_iic_2_control
                0x0000000010002df8       0x10 obj_socket_24/gnu_arcem9d_wei_r16/libembarc.a(hx_drv_iic_m.o)
 .text.dfss_iic_0_close
                0x0000000010002e08        0xc obj_socket_24/gnu_arcem9d_wei_r16/libembarc.a(hx_drv_iic_m.o)
 .text.dfss_iic_1_close
                0x0000000010002e14        0xc obj_socket_24/gnu_arcem9d_wei_r16/libembarc.a(hx_drv_iic_m.o)
 .text.dfss_iic_2_close
                0x0000000010002e20        0xc obj_socket_24/gnu_arcem9d_wei_r16/libembarc.a(hx_drv_iic_m.o)
 .text.dfss_iic_0_open
                0x0000000010002e2c        0xc obj_socket_24/gnu_arcem9d_wei_r16/libembarc.a(hx_drv_iic_m.o)
 .text.dfss_iic_1_open
                0x0000000010002e38        0xc obj_socket_24/gnu_arcem9d_wei_r16/libembarc.a(hx_drv_iic_m.o)
 .text.dfss_iic_2_open
                0x0000000010002e44        0xc obj_socket_24/gnu_arcem9d_wei_r16/libembarc.a(hx_drv_iic_m.o)
 .text.iic_err_cb0
                0x0000000010002e50        0xc obj_socket_24/gnu_arcem9d_wei_r16/libembarc.a(hx_drv_iic_m.o)
 .text.iic_err_cb1
                0x0000000010002e5c        0xc obj_socket_24/gnu_arcem9d_wei_r16/libembarc.a(hx_drv_iic_m.o)
 .text.iic_err_cb2
                0x0000000010002e68        0xc obj_socket_24/gnu_arcem9d_wei_r16/libembarc.a(hx_drv_iic_m.o)
 .text.iic_tx_cb0
                0x0000000010002e74        0xc obj_socket_24/gnu_arcem9d_wei_r16/libembarc.a(hx_drv_iic_m.o)
 .text.iic_tx_cb1
                0x0000000010002e80        0xc obj_socket_24/gnu_arcem9d_wei_r16/libembarc.a(hx_drv_iic_m.o)
 .text.iic_tx_cb2
                0x0000000010002e8c        0xc obj_socket_24/gnu_arcem9d_wei_r16/libembarc.a(hx_drv_iic_m.o)
 .text.iic_rx_cb0
                0x0000000010002e98        0xc obj_socket_24/gnu_arcem9d_wei_r16/libembarc.a(hx_drv_iic_m.o)
 .text.iic_rx_cb1
                0x0000000010002ea4        0xc obj_socket_24/gnu_arcem9d_wei_r16/libembarc.a(hx_drv_iic_m.o)
 .text.iic_rx_cb2
                0x0000000010002eb0        0xc obj_socket_24/gnu_arcem9d_wei_r16/libembarc.a(hx_drv_iic_m.o)
 .text.hx_drv_i2cm_init
                0x0000000010002ebc       0xe4 obj_socket_24/gnu_arcem9d_wei_r16/libembarc.a(hx_drv_iic_m.o)
                0x0000000010002ebc                hx_drv_i2cm_init
 .text.dfss_iic_s_0_install
                0x0000000010002fa0       0x48 obj_socket_24/gnu_arcem9d_wei_r16/libembarc.a(hx_drv_iic_s.o)
 .text.dfss_iic_s_0_read
                0x0000000010002fe8       0x10 obj_socket_24/gnu_arcem9d_wei_r16/libembarc.a(hx_drv_iic_s.o)
 .text.dfss_iic_s_0_write
                0x0000000010002ff8       0x10 obj_socket_24/gnu_arcem9d_wei_r16/libembarc.a(hx_drv_iic_s.o)
 .text.dfss_iic_s_0_control
                0x0000000010003008       0x10 obj_socket_24/gnu_arcem9d_wei_r16/libembarc.a(hx_drv_iic_s.o)
 .text.dfss_iic_s_0_close
                0x0000000010003018        0xc obj_socket_24/gnu_arcem9d_wei_r16/libembarc.a(hx_drv_iic_s.o)
 .text.dfss_iic_s_0_open
                0x0000000010003024        0xc obj_socket_24/gnu_arcem9d_wei_r16/libembarc.a(hx_drv_iic_s.o)
 .text.iic_s_err_cb0
                0x0000000010003030        0xc obj_socket_24/gnu_arcem9d_wei_r16/libembarc.a(hx_drv_iic_s.o)
 .text.iic_s_tx_cb0
                0x000000001000303c        0xc obj_socket_24/gnu_arcem9d_wei_r16/libembarc.a(hx_drv_iic_s.o)
 .text.iic_s_rx_cb0
                0x0000000010003048        0xc obj_socket_24/gnu_arcem9d_wei_r16/libembarc.a(hx_drv_iic_s.o)
 .text.hx_drv_i2cs_get_dev
                0x0000000010003054       0x2c obj_socket_24/gnu_arcem9d_wei_r16/libembarc.a(hx_drv_iic_s.o)
                0x0000000010003054                hx_drv_i2cs_get_dev
 .text.hx_drv_i2cs_init
                0x0000000010003080       0x2c obj_socket_24/gnu_arcem9d_wei_r16/libembarc.a(hx_drv_iic_s.o)
                0x0000000010003080                hx_drv_i2cs_init
 .text.dw_spi_1_read_ptl
                0x00000000100030ac        0x4 obj_socket_24/gnu_arcem9d_wei_r16/libembarc.a(hx_drv_spi_m.o)
 .text.dw_spi_0_install
                0x00000000100030b0      0x128 obj_socket_24/gnu_arcem9d_wei_r16/libembarc.a(hx_drv_spi_m.o)
 .text.dw_spi_1_install
                0x00000000100031d8      0x128 obj_socket_24/gnu_arcem9d_wei_r16/libembarc.a(hx_drv_spi_m.o)
 .text.dw_spi_0_flash_Send_Op_code
                0x0000000010003300       0x10 obj_socket_24/gnu_arcem9d_wei_r16/libembarc.a(hx_drv_spi_m.o)
 .text.dw_spi_1_flash_Send_Op_code
                0x0000000010003310       0x10 obj_socket_24/gnu_arcem9d_wei_r16/libembarc.a(hx_drv_spi_m.o)
 .text.dw_spi_0_flash_erase_sector
                0x0000000010003320        0xc obj_socket_24/gnu_arcem9d_wei_r16/libembarc.a(hx_drv_spi_m.o)
 .text.dw_spi_1_flash_erase_sector
                0x000000001000332c        0xc obj_socket_24/gnu_arcem9d_wei_r16/libembarc.a(hx_drv_spi_m.o)
 .text.dw_spi_0_flash_erase_all
                0x0000000010003338        0xc obj_socket_24/gnu_arcem9d_wei_r16/libembarc.a(hx_drv_spi_m.o)
 .text.dw_spi_1_flash_erase_all
                0x0000000010003344        0xc obj_socket_24/gnu_arcem9d_wei_r16/libembarc.a(hx_drv_spi_m.o)
 .text.dw_spi_0_flash_id
                0x0000000010003350        0xc obj_socket_24/gnu_arcem9d_wei_r16/libembarc.a(hx_drv_spi_m.o)
 .text.dw_spi_1_flash_id
                0x000000001000335c        0xc obj_socket_24/gnu_arcem9d_wei_r16/libembarc.a(hx_drv_spi_m.o)
 .text.dw_spi_0_read_ptl
                0x0000000010003368       0x10 obj_socket_24/gnu_arcem9d_wei_r16/libembarc.a(hx_drv_spi_m.o)
 .text.dw_spi_0_read_dma
                0x0000000010003378       0x10 obj_socket_24/gnu_arcem9d_wei_r16/libembarc.a(hx_drv_spi_m.o)
 .text.dw_spi_1_read_dma
                0x0000000010003388       0x10 obj_socket_24/gnu_arcem9d_wei_r16/libembarc.a(hx_drv_spi_m.o)
 .text.dw_spi_0_write_ptl_halt
                0x0000000010003398        0xc obj_socket_24/gnu_arcem9d_wei_r16/libembarc.a(hx_drv_spi_m.o)
 .text.dw_spi_1_write_ptl_halt
                0x00000000100033a4        0xc obj_socket_24/gnu_arcem9d_wei_r16/libembarc.a(hx_drv_spi_m.o)
 .text.dw_spi_0_write_ptl_cus
                0x00000000100033b0       0x14 obj_socket_24/gnu_arcem9d_wei_r16/libembarc.a(hx_drv_spi_m.o)
 .text.dw_spi_1_write_ptl_cus
                0x00000000100033c4       0x14 obj_socket_24/gnu_arcem9d_wei_r16/libembarc.a(hx_drv_spi_m.o)
 .text.dw_spi_0_write_ptl
                0x00000000100033d8       0x10 obj_socket_24/gnu_arcem9d_wei_r16/libembarc.a(hx_drv_spi_m.o)
 .text.dw_spi_1_write_ptl
                0x00000000100033e8       0x10 obj_socket_24/gnu_arcem9d_wei_r16/libembarc.a(hx_drv_spi_m.o)
 .text.dw_spi_0_read_dma_status
                0x00000000100033f8       0x10 obj_socket_24/gnu_arcem9d_wei_r16/libembarc.a(hx_drv_spi_m.o)
 .text.dw_spi_1_read_dma_status
                0x0000000010003408       0x10 obj_socket_24/gnu_arcem9d_wei_r16/libembarc.a(hx_drv_spi_m.o)
 .text.dw_spi_0_write_dma
                0x0000000010003418       0x10 obj_socket_24/gnu_arcem9d_wei_r16/libembarc.a(hx_drv_spi_m.o)
 .text.dw_spi_1_write_dma
                0x0000000010003428       0x10 obj_socket_24/gnu_arcem9d_wei_r16/libembarc.a(hx_drv_spi_m.o)
 .text.dw_spi_0_read
                0x0000000010003438       0x10 obj_socket_24/gnu_arcem9d_wei_r16/libembarc.a(hx_drv_spi_m.o)
 .text.dw_spi_1_read
                0x0000000010003448       0x10 obj_socket_24/gnu_arcem9d_wei_r16/libembarc.a(hx_drv_spi_m.o)
 .text.dw_spi_0_write
                0x0000000010003458       0x10 obj_socket_24/gnu_arcem9d_wei_r16/libembarc.a(hx_drv_spi_m.o)
 .text.dw_spi_1_write
                0x0000000010003468       0x10 obj_socket_24/gnu_arcem9d_wei_r16/libembarc.a(hx_drv_spi_m.o)
 .text.dw_spi_0_control
                0x0000000010003478       0x10 obj_socket_24/gnu_arcem9d_wei_r16/libembarc.a(hx_drv_spi_m.o)
 .text.dw_spi_1_control
                0x0000000010003488       0x10 obj_socket_24/gnu_arcem9d_wei_r16/libembarc.a(hx_drv_spi_m.o)
 .text.dw_spi_0_close
                0x0000000010003498        0xc obj_socket_24/gnu_arcem9d_wei_r16/libembarc.a(hx_drv_spi_m.o)
 .text.dw_spi_1_close
                0x00000000100034a4        0xc obj_socket_24/gnu_arcem9d_wei_r16/libembarc.a(hx_drv_spi_m.o)
 .text.dw_spi_0_open
                0x00000000100034b0       0x10 obj_socket_24/gnu_arcem9d_wei_r16/libembarc.a(hx_drv_spi_m.o)
 .text.dw_spi_1_open
                0x00000000100034c0       0x10 obj_socket_24/gnu_arcem9d_wei_r16/libembarc.a(hx_drv_spi_m.o)
 .text.dw_spi_0_tx_ptl_isr
                0x00000000100034d0        0xc obj_socket_24/gnu_arcem9d_wei_r16/libembarc.a(hx_drv_spi_m.o)
 .text.dw_spi_1_tx_ptl_isr
                0x00000000100034dc        0xc obj_socket_24/gnu_arcem9d_wei_r16/libembarc.a(hx_drv_spi_m.o)
 .text.dw_spi_0_isr
                0x00000000100034e8        0xc obj_socket_24/gnu_arcem9d_wei_r16/libembarc.a(hx_drv_spi_m.o)
 .text.dw_spi_1_isr
                0x00000000100034f4        0xc obj_socket_24/gnu_arcem9d_wei_r16/libembarc.a(hx_drv_spi_m.o)
 .text.dw_spi_0_flash_set_xip
                0x0000000010003500       0x28 obj_socket_24/gnu_arcem9d_wei_r16/libembarc.a(hx_drv_spi_m.o)
 .text.dw_spi_1_flash_set_xip
                0x0000000010003528       0x28 obj_socket_24/gnu_arcem9d_wei_r16/libembarc.a(hx_drv_spi_m.o)
 .text.dw_spi_0_flash_word_write
                0x0000000010003550       0x24 obj_socket_24/gnu_arcem9d_wei_r16/libembarc.a(hx_drv_spi_m.o)
 .text.dw_spi_1_flash_word_write
                0x0000000010003574       0x24 obj_socket_24/gnu_arcem9d_wei_r16/libembarc.a(hx_drv_spi_m.o)
 .text.dw_spi_0_flash_write
                0x0000000010003598       0x28 obj_socket_24/gnu_arcem9d_wei_r16/libembarc.a(hx_drv_spi_m.o)
 .text.dw_spi_1_flash_write
                0x00000000100035c0       0x28 obj_socket_24/gnu_arcem9d_wei_r16/libembarc.a(hx_drv_spi_m.o)
 .text.dw_spi_0_flash_word_read
                0x00000000100035e8       0x30 obj_socket_24/gnu_arcem9d_wei_r16/libembarc.a(hx_drv_spi_m.o)
 .text.dw_spi_1_flash_word_read
                0x0000000010003618       0x30 obj_socket_24/gnu_arcem9d_wei_r16/libembarc.a(hx_drv_spi_m.o)
 .text.dw_spi_0_flash_read
                0x0000000010003648       0x30 obj_socket_24/gnu_arcem9d_wei_r16/libembarc.a(hx_drv_spi_m.o)
 .text.dw_spi_1_flash_read
                0x0000000010003678       0x30 obj_socket_24/gnu_arcem9d_wei_r16/libembarc.a(hx_drv_spi_m.o)
 .text.hx_drv_spi_mst_init
                0x00000000100036a8       0x60 obj_socket_24/gnu_arcem9d_wei_r16/libembarc.a(hx_drv_spi_m.o)
                0x00000000100036a8                hx_drv_spi_mst_init
 .text.dw_spi_set_format
                0x0000000010003708      0x104 obj_socket_24/gnu_arcem9d_wei_r16/libembarc.a(dw_spi.o)
 .text.dw_spi_set_read_count
                0x000000001000380c       0x18 obj_socket_24/gnu_arcem9d_wei_r16/libembarc.a(dw_spi.o)
 .text.dw_spi_set_dfs
                0x0000000010003824       0x24 obj_socket_24/gnu_arcem9d_wei_r16/libembarc.a(dw_spi.o)
 .text.spi_mst0_rx_ISR
                0x0000000010003848        0xc obj_socket_24/gnu_arcem9d_wei_r16/libembarc.a(dw_spi.o)
 .text.spi_mst0_tx_ISR
                0x0000000010003854        0xc obj_socket_24/gnu_arcem9d_wei_r16/libembarc.a(dw_spi.o)
 .text.dw_spi_rx_ptl_isr
                0x0000000010003860       0x20 obj_socket_24/gnu_arcem9d_wei_r16/libembarc.a(dw_spi.o)
 .text.dw_spi_get_txavail
                0x0000000010003880       0x18 obj_socket_24/gnu_arcem9d_wei_r16/libembarc.a(dw_spi.o)
 .text.dw_spi_writer
                0x0000000010003898       0x8c obj_socket_24/gnu_arcem9d_wei_r16/libembarc.a(dw_spi.o)
 .text.dw_spi_init_transfer
                0x0000000010003924       0x4c obj_socket_24/gnu_arcem9d_wei_r16/libembarc.a(dw_spi.o)
 .text.dw_spi_dis_cbr
                0x0000000010003970       0x6c obj_socket_24/gnu_arcem9d_wei_r16/libembarc.a(dw_spi.o)
 .text.dw_spi_abort_tx
                0x00000000100039dc       0x3c obj_socket_24/gnu_arcem9d_wei_r16/libembarc.a(dw_spi.o)
 .text.dw_spi_abort_rx
                0x0000000010003a18       0x3c obj_socket_24/gnu_arcem9d_wei_r16/libembarc.a(dw_spi.o)
 .text.dw_spi_disable_interrupt
                0x0000000010003a54       0x40 obj_socket_24/gnu_arcem9d_wei_r16/libembarc.a(dw_spi.o)
 .text.dw_spi_reset_device
                0x0000000010003a94       0x2c obj_socket_24/gnu_arcem9d_wei_r16/libembarc.a(dw_spi.o)
 .text.dw_spi_ena_cbr
                0x0000000010003ac0       0x64 obj_socket_24/gnu_arcem9d_wei_r16/libembarc.a(dw_spi.o)
 .text.dw_spi_set_transfer_mode.part.0
                0x0000000010003b24       0x1c obj_socket_24/gnu_arcem9d_wei_r16/libembarc.a(dw_spi.o)
 .text.dw_spi_chk_xfer_aligned
                0x0000000010003b40       0x3c obj_socket_24/gnu_arcem9d_wei_r16/libembarc.a(dw_spi.o)
 .text.dw_spi_psnd_32bit_dat_len.constprop.0
                0x0000000010003b7c       0x40 obj_socket_24/gnu_arcem9d_wei_r16/libembarc.a(dw_spi.o)
 .text.create_dma_descriptors_rx.constprop.0
                0x0000000010003bbc       0xe8 obj_socket_24/gnu_arcem9d_wei_r16/libembarc.a(dw_spi.o)
 .text.create_dma_descriptors_tx.constprop.0
                0x0000000010003ca4      0x110 obj_socket_24/gnu_arcem9d_wei_r16/libembarc.a(dw_spi.o)
 .text.dw_spi_DMA_send
                0x0000000010003db4       0xb4 obj_socket_24/gnu_arcem9d_wei_r16/libembarc.a(dw_spi.o)
 .text.dw_spi_reader.isra.0
                0x0000000010003e68       0x8c obj_socket_24/gnu_arcem9d_wei_r16/libembarc.a(dw_spi.o)
 .text.dw_spi_poll_transfer
                0x0000000010003ef4       0x44 obj_socket_24/gnu_arcem9d_wei_r16/libembarc.a(dw_spi.o)
 .text.dw_spi_DMA_send_recv
                0x0000000010003f38      0x104 obj_socket_24/gnu_arcem9d_wei_r16/libembarc.a(dw_spi.o)
 .text.word_switch_func
                0x000000001000403c       0x3c obj_socket_24/gnu_arcem9d_wei_r16/libembarc.a(dw_spi.o)
                0x000000001000403c                word_switch_func
 .text.dw_spi_open
                0x0000000010004078      0x1dc obj_socket_24/gnu_arcem9d_wei_r16/libembarc.a(dw_spi.o)
                0x0000000010004078                dw_spi_open
 .text.dw_spi_close
                0x0000000010004254       0x84 obj_socket_24/gnu_arcem9d_wei_r16/libembarc.a(dw_spi.o)
                0x0000000010004254                dw_spi_close
 .text.dw_spi_eeprom_setWriteEnable
                0x00000000100042d8       0x24 obj_socket_24/gnu_arcem9d_wei_r16/libembarc.a(dw_spi.o)
                0x00000000100042d8                dw_spi_eeprom_setWriteEnable
 .text.dw_spi_eeprom_waitWIP
                0x00000000100042fc       0x3c obj_socket_24/gnu_arcem9d_wei_r16/libembarc.a(dw_spi.o)
                0x00000000100042fc                dw_spi_eeprom_waitWIP
 .text.dw_spi_eeprom_set_quad_mode
                0x0000000010004338      0x1dc obj_socket_24/gnu_arcem9d_wei_r16/libembarc.a(dw_spi.o)
                0x0000000010004338                dw_spi_eeprom_set_quad_mode
 .text.dw_spi_eeprom_setXIP_para_dual
                0x0000000010004514       0xb8 obj_socket_24/gnu_arcem9d_wei_r16/libembarc.a(dw_spi.o)
                0x0000000010004514                dw_spi_eeprom_setXIP_para_dual
 .text.dw_spi_eeprom_setXIP_para
                0x00000000100045cc       0xb8 obj_socket_24/gnu_arcem9d_wei_r16/libembarc.a(dw_spi.o)
                0x00000000100045cc                dw_spi_eeprom_setXIP_para
 .text.dw_spi_eeprom_clear_write_protect
                0x0000000010004684      0x198 obj_socket_24/gnu_arcem9d_wei_r16/libembarc.a(dw_spi.o)
                0x0000000010004684                dw_spi_eeprom_clear_write_protect
 .text.dw_spi_eeprom_SetXIP
                0x000000001000481c       0xb4 obj_socket_24/gnu_arcem9d_wei_r16/libembarc.a(dw_spi.o)
                0x000000001000481c                dw_spi_eeprom_SetXIP
 .text.dw_spi_eeprom_SetXIP_dual
                0x00000000100048d0       0xb4 obj_socket_24/gnu_arcem9d_wei_r16/libembarc.a(dw_spi.o)
                0x00000000100048d0                dw_spi_eeprom_SetXIP_dual
 .text.dw_spi_eeprom_disable_XIP_base_only
                0x0000000010004984       0x28 obj_socket_24/gnu_arcem9d_wei_r16/libembarc.a(dw_spi.o)
                0x0000000010004984                dw_spi_eeprom_disable_XIP_base_only
 .text.dw_spi_eeprom_GetXIP_status
                0x00000000100049ac       0x2c obj_socket_24/gnu_arcem9d_wei_r16/libembarc.a(dw_spi.o)
                0x00000000100049ac                dw_spi_eeprom_GetXIP_status
 .text.dw_spi_eeprom_erase_all
                0x00000000100049d8       0x80 obj_socket_24/gnu_arcem9d_wei_r16/libembarc.a(dw_spi.o)
                0x00000000100049d8                dw_spi_eeprom_erase_all
 .text.dw_spi_eeprom_erase_sector
                0x0000000010004a58       0xa8 obj_socket_24/gnu_arcem9d_wei_r16/libembarc.a(dw_spi.o)
                0x0000000010004a58                dw_spi_eeprom_erase_sector
 .text.dw_spi_eeprom_word_write
                0x0000000010004b00      0x14c obj_socket_24/gnu_arcem9d_wei_r16/libembarc.a(dw_spi.o)
                0x0000000010004b00                dw_spi_eeprom_word_write
 .text.dw_spi_eeprom_write
                0x0000000010004c4c      0x100 obj_socket_24/gnu_arcem9d_wei_r16/libembarc.a(dw_spi.o)
                0x0000000010004c4c                dw_spi_eeprom_write
 .text.dw_spi_eeprom_word_dual_read
                0x0000000010004d4c      0x198 obj_socket_24/gnu_arcem9d_wei_r16/libembarc.a(dw_spi.o)
                0x0000000010004d4c                dw_spi_eeprom_word_dual_read
 .text.dw_spi_tx_ptl_isr
                0x0000000010004ee4       0x34 obj_socket_24/gnu_arcem9d_wei_r16/libembarc.a(dw_spi.o)
                0x0000000010004ee4                dw_spi_tx_ptl_isr
 .text.dw_spi_read_uDMA_status
                0x0000000010004f18        0xc obj_socket_24/gnu_arcem9d_wei_r16/libembarc.a(dw_spi.o)
                0x0000000010004f18                dw_spi_read_uDMA_status
 .text.dw_spi_control
                0x0000000010004f24      0x3d0 obj_socket_24/gnu_arcem9d_wei_r16/libembarc.a(dw_spi.o)
                0x0000000010004f24                dw_spi_control
 .text.dw_spi_write_ptl_uDMA
                0x00000000100052f4      0x1b4 obj_socket_24/gnu_arcem9d_wei_r16/libembarc.a(dw_spi.o)
                0x00000000100052f4                dw_spi_write_ptl_uDMA
 .text.dw_spi_write_ptl_cus_uDMA
                0x00000000100054a8      0x1ac obj_socket_24/gnu_arcem9d_wei_r16/libembarc.a(dw_spi.o)
                0x00000000100054a8                dw_spi_write_ptl_cus_uDMA
 .text.dw_spi_write_ptl_halt
                0x0000000010005654       0x48 obj_socket_24/gnu_arcem9d_wei_r16/libembarc.a(dw_spi.o)
                0x0000000010005654                dw_spi_write_ptl_halt
 .text.dw_spi_write_uDMA
                0x000000001000569c      0x16c obj_socket_24/gnu_arcem9d_wei_r16/libembarc.a(dw_spi.o)
                0x000000001000569c                dw_spi_write_uDMA
 .text.dw_spi_write_int
                0x0000000010005808       0xb0 obj_socket_24/gnu_arcem9d_wei_r16/libembarc.a(dw_spi.o)
                0x0000000010005808                dw_spi_write_int
 .text.dw_spi_eeprom_ID
                0x00000000100058b8       0xf0 obj_socket_24/gnu_arcem9d_wei_r16/libembarc.a(dw_spi.o)
                0x00000000100058b8                dw_spi_eeprom_ID
 .text.dw_spi_eeprom_4write
                0x00000000100059a8      0x1dc obj_socket_24/gnu_arcem9d_wei_r16/libembarc.a(dw_spi.o)
                0x00000000100059a8                dw_spi_eeprom_4write
 .text.dw_spi_eeprom_Send_Op_code
                0x0000000010005b84       0x7c obj_socket_24/gnu_arcem9d_wei_r16/libembarc.a(dw_spi.o)
                0x0000000010005b84                dw_spi_eeprom_Send_Op_code
 .text.dw_spi_read_uDMA
                0x0000000010005c00      0x178 obj_socket_24/gnu_arcem9d_wei_r16/libembarc.a(dw_spi.o)
                0x0000000010005c00                dw_spi_read_uDMA
 .text.dw_spi_read_int
                0x0000000010005d78       0xd4 obj_socket_24/gnu_arcem9d_wei_r16/libembarc.a(dw_spi.o)
                0x0000000010005d78                dw_spi_read_int
 .text.dw_spi_eeprom_read
                0x0000000010005e4c       0xd8 obj_socket_24/gnu_arcem9d_wei_r16/libembarc.a(dw_spi.o)
                0x0000000010005e4c                dw_spi_eeprom_read
 .text.dw_spi_eeprom_2read
                0x0000000010005f24      0x208 obj_socket_24/gnu_arcem9d_wei_r16/libembarc.a(dw_spi.o)
                0x0000000010005f24                dw_spi_eeprom_2read
 .text.dw_spi_eeprom_4read
                0x000000001000612c      0x168 obj_socket_24/gnu_arcem9d_wei_r16/libembarc.a(dw_spi.o)
                0x000000001000612c                dw_spi_eeprom_4read
 .text.dw_spi_eeprom_word_single_read
                0x0000000010006294       0xe4 obj_socket_24/gnu_arcem9d_wei_r16/libembarc.a(dw_spi.o)
                0x0000000010006294                dw_spi_eeprom_word_single_read
 .text.dw_spi_eeprom_word_quad_read
                0x0000000010006378       0xfc obj_socket_24/gnu_arcem9d_wei_r16/libembarc.a(dw_spi.o)
                0x0000000010006378                dw_spi_eeprom_word_quad_read
 .text.dw_spi_isr
                0x0000000010006474      0x184 obj_socket_24/gnu_arcem9d_wei_r16/libembarc.a(dw_spi.o)
                0x0000000010006474                dw_spi_isr
 .text.dfss_spi_slv_0_install
                0x00000000100065f8       0x70 obj_socket_24/gnu_arcem9d_wei_r16/libembarc.a(hx_drv_spi_s.o)
 .text.dfss_spi_slv_0_write_halt
                0x0000000010006668        0xc obj_socket_24/gnu_arcem9d_wei_r16/libembarc.a(hx_drv_spi_s.o)
 .text.dfss_spi_slv_0_read
                0x0000000010006674       0x10 obj_socket_24/gnu_arcem9d_wei_r16/libembarc.a(hx_drv_spi_s.o)
 .text.dfss_spi_slv_0_write_ptl_cus
                0x0000000010006684       0x14 obj_socket_24/gnu_arcem9d_wei_r16/libembarc.a(hx_drv_spi_s.o)
 .text.dfss_spi_slv_0_write_ptl
                0x0000000010006698       0x10 obj_socket_24/gnu_arcem9d_wei_r16/libembarc.a(hx_drv_spi_s.o)
 .text.dfss_spi_slv_0_write
                0x00000000100066a8       0x10 obj_socket_24/gnu_arcem9d_wei_r16/libembarc.a(hx_drv_spi_s.o)
 .text.dfss_spi_slv_0_control
                0x00000000100066b8       0x10 obj_socket_24/gnu_arcem9d_wei_r16/libembarc.a(hx_drv_spi_s.o)
 .text.dfss_spi_slv_0_close
                0x00000000100066c8        0xc obj_socket_24/gnu_arcem9d_wei_r16/libembarc.a(hx_drv_spi_s.o)
 .text.dfss_spi_slv_0_open
                0x00000000100066d4       0x10 obj_socket_24/gnu_arcem9d_wei_r16/libembarc.a(hx_drv_spi_s.o)
 .text.spi_slv_err_cb0
                0x00000000100066e4        0xc obj_socket_24/gnu_arcem9d_wei_r16/libembarc.a(hx_drv_spi_s.o)
 .text.spi_slv_tx_cb0
                0x00000000100066f0       0x20 obj_socket_24/gnu_arcem9d_wei_r16/libembarc.a(hx_drv_spi_s.o)
 .text.spi_slv_rx_cb0
                0x0000000010006710       0x20 obj_socket_24/gnu_arcem9d_wei_r16/libembarc.a(hx_drv_spi_s.o)
 .text.hx_drv_spi_slv_init
                0x0000000010006730       0x2c obj_socket_24/gnu_arcem9d_wei_r16/libembarc.a(hx_drv_spi_s.o)
                0x0000000010006730                hx_drv_spi_slv_init
 .text.ss_spi_slave_open
                0x000000001000675c       0xe0 obj_socket_24/gnu_arcem9d_wei_r16/libembarc.a(ss_spi_slave.o)
                0x000000001000675c                ss_spi_slave_open
 .text.ss_spi_slave_close
                0x000000001000683c       0x44 obj_socket_24/gnu_arcem9d_wei_r16/libembarc.a(ss_spi_slave.o)
                0x000000001000683c                ss_spi_slave_close
 .text.ss_spi_slave_control
                0x0000000010006880      0x470 obj_socket_24/gnu_arcem9d_wei_r16/libembarc.a(ss_spi_slave.o)
                0x0000000010006880                ss_spi_slave_control
 .text.ss_spi_slave_write_halt
                0x0000000010006cf0       0x10 obj_socket_24/gnu_arcem9d_wei_r16/libembarc.a(ss_spi_slave.o)
                0x0000000010006cf0                ss_spi_slave_write_halt
 .text.ss_spi_slave_write
                0x0000000010006d00       0x48 obj_socket_24/gnu_arcem9d_wei_r16/libembarc.a(ss_spi_slave.o)
                0x0000000010006d00                ss_spi_slave_write
 .text.ss_spi_slave_write_ptl
                0x0000000010006d48       0x4c obj_socket_24/gnu_arcem9d_wei_r16/libembarc.a(ss_spi_slave.o)
                0x0000000010006d48                ss_spi_slave_write_ptl
 .text.ss_spi_slave_write_ptl_cus
                0x0000000010006d94       0x5c obj_socket_24/gnu_arcem9d_wei_r16/libembarc.a(ss_spi_slave.o)
                0x0000000010006d94                ss_spi_slave_write_ptl_cus
 .text.ss_spi_slave_read
                0x0000000010006df0       0x48 obj_socket_24/gnu_arcem9d_wei_r16/libembarc.a(ss_spi_slave.o)
                0x0000000010006df0                ss_spi_slave_read
 .text.ss_spi_slave_tx_cb
                0x0000000010006e38       0x38 obj_socket_24/gnu_arcem9d_wei_r16/libembarc.a(ss_spi_slave.o)
                0x0000000010006e38                ss_spi_slave_tx_cb
 .text.ss_spi_slave_rx_cb
                0x0000000010006e70       0x38 obj_socket_24/gnu_arcem9d_wei_r16/libembarc.a(ss_spi_slave.o)
                0x0000000010006e70                ss_spi_slave_rx_cb
 .text.ss_spi_slave_err_cb
                0x0000000010006ea8       0x10 obj_socket_24/gnu_arcem9d_wei_r16/libembarc.a(ss_spi_slave.o)
                0x0000000010006ea8                ss_spi_slave_err_cb
 .text.spi_slv_rx_ptl_ISR
                0x0000000010006eb8       0x54 obj_socket_24/gnu_arcem9d_wei_r16/libembarc.a(spi_slave.o)
 .text.spi_slv_tx_ptl_ISR
                0x0000000010006f0c       0x3c obj_socket_24/gnu_arcem9d_wei_r16/libembarc.a(spi_slave.o)
 .text.retrieve_rxfifo
                0x0000000010006f48       0xec obj_socket_24/gnu_arcem9d_wei_r16/libembarc.a(spi_slave.o)
 .text.fill_txfifo
                0x0000000010007034       0xc8 obj_socket_24/gnu_arcem9d_wei_r16/libembarc.a(spi_slave.o)
 .text.spi_slv0_err_ISR
                0x00000000100070fc       0x38 obj_socket_24/gnu_arcem9d_wei_r16/libembarc.a(spi_slave.o)
 .text.spi_slv0_idle_ISR
                0x0000000010007134       0xa8 obj_socket_24/gnu_arcem9d_wei_r16/libembarc.a(spi_slave.o)
 .text.spi_slv0_tx_ISR
                0x00000000100071dc       0x64 obj_socket_24/gnu_arcem9d_wei_r16/libembarc.a(spi_slave.o)
 .text.spi_slv0_rx_ISR
                0x0000000010007240       0x98 obj_socket_24/gnu_arcem9d_wei_r16/libembarc.a(spi_slave.o)
 .text.io_spi_slave_open
                0x00000000100072d8      0x160 obj_socket_24/gnu_arcem9d_wei_r16/libembarc.a(spi_slave.o)
                0x00000000100072d8                io_spi_slave_open
 .text.io_spi_slave_close
                0x0000000010007438       0xd8 obj_socket_24/gnu_arcem9d_wei_r16/libembarc.a(spi_slave.o)
                0x0000000010007438                io_spi_slave_close
 .text.io_spi_slave_read
                0x0000000010007510      0x134 obj_socket_24/gnu_arcem9d_wei_r16/libembarc.a(spi_slave.o)
                0x0000000010007510                io_spi_slave_read
 .text.io_spi_slave_write_halt
                0x0000000010007644       0x50 obj_socket_24/gnu_arcem9d_wei_r16/libembarc.a(spi_slave.o)
                0x0000000010007644                io_spi_slave_write_halt
 .text.io_spi_slave_write
                0x0000000010007694      0x198 obj_socket_24/gnu_arcem9d_wei_r16/libembarc.a(spi_slave.o)
                0x0000000010007694                io_spi_slave_write
 .text.io_spi_slave_write_ptl
                0x000000001000782c      0x1a8 obj_socket_24/gnu_arcem9d_wei_r16/libembarc.a(spi_slave.o)
                0x000000001000782c                io_spi_slave_write_ptl
 .text.io_spi_slave_write_ptl_cus
                0x00000000100079d4      0x1c0 obj_socket_24/gnu_arcem9d_wei_r16/libembarc.a(spi_slave.o)
                0x00000000100079d4                io_spi_slave_write_ptl_cus
 .text.io_spi_slave_ioctl
                0x0000000010007b94      0x12c obj_socket_24/gnu_arcem9d_wei_r16/libembarc.a(spi_slave.o)
                0x0000000010007b94                io_spi_slave_ioctl
 .text.io_spi_slave_check_status
                0x0000000010007cc0       0x44 obj_socket_24/gnu_arcem9d_wei_r16/libembarc.a(spi_slave.o)
                0x0000000010007cc0                io_spi_slave_check_status
 .text.upper_fill_fifo
                0x0000000010007d04       0xf0 obj_socket_24/gnu_arcem9d_wei_r16/libembarc.a(spi_slave.o)
                0x0000000010007d04                upper_fill_fifo
 .text.upper_retrieve_fifo
                0x0000000010007df4      0x10c obj_socket_24/gnu_arcem9d_wei_r16/libembarc.a(spi_slave.o)
                0x0000000010007df4                upper_retrieve_fifo
 .text.set_err_interrupt
                0x0000000010007f00       0x1c obj_socket_24/gnu_arcem9d_wei_r16/libembarc.a(spi_slave.o)
                0x0000000010007f00                set_err_interrupt
 .text.set_dps  0x0000000010007f1c       0x6c obj_socket_24/gnu_arcem9d_wei_r16/libembarc.a(ss_uart.o)
 .text.set_baud
                0x0000000010007f88       0x30 obj_socket_24/gnu_arcem9d_wei_r16/libembarc.a(ss_uart.o)
 .text.io_uart_poll_write
                0x0000000010007fb8       0x44 obj_socket_24/gnu_arcem9d_wei_r16/libembarc.a(ss_uart.o)
 .text.io_uart_poll_read
                0x0000000010007ffc       0x40 obj_socket_24/gnu_arcem9d_wei_r16/libembarc.a(ss_uart.o)
 .text.ss_uart_open
                0x000000001000803c       0xa0 obj_socket_24/gnu_arcem9d_wei_r16/libembarc.a(ss_uart.o)
                0x000000001000803c                ss_uart_open
 .text.ss_uart_close
                0x00000000100080dc       0x24 obj_socket_24/gnu_arcem9d_wei_r16/libembarc.a(ss_uart.o)
                0x00000000100080dc                ss_uart_close
 .text.ss_uart_control
                0x0000000010008100      0x168 obj_socket_24/gnu_arcem9d_wei_r16/libembarc.a(ss_uart.o)
                0x0000000010008100                ss_uart_control
 .text.ss_uart_write
                0x0000000010008268       0x54 obj_socket_24/gnu_arcem9d_wei_r16/libembarc.a(ss_uart.o)
                0x0000000010008268                ss_uart_write
 .text.ss_uart_read
                0x00000000100082bc       0x64 obj_socket_24/gnu_arcem9d_wei_r16/libembarc.a(ss_uart.o)
                0x00000000100082bc                ss_uart_read
 .text.ss_uart_read_nonblock
                0x0000000010008320       0x40 obj_socket_24/gnu_arcem9d_wei_r16/libembarc.a(ss_uart.o)
                0x0000000010008320                ss_uart_read_nonblock
 .text.ss_uart_tx_cb
                0x0000000010008360       0x20 obj_socket_24/gnu_arcem9d_wei_r16/libembarc.a(ss_uart.o)
                0x0000000010008360                ss_uart_tx_cb
 .text.ss_uart_rx_cb
                0x0000000010008380       0x20 obj_socket_24/gnu_arcem9d_wei_r16/libembarc.a(ss_uart.o)
                0x0000000010008380                ss_uart_rx_cb
 .text.ss_uart_err_cb
                0x00000000100083a0        0xc obj_socket_24/gnu_arcem9d_wei_r16/libembarc.a(ss_uart.o)
                0x00000000100083a0                ss_uart_err_cb
 .text.hx_drv_edm_init
                0x00000000100083ac       0x58 obj_socket_24/gnu_arcem9d_wei_r16/libembarc.a(hx_drv_edm.o)
                0x00000000100083ac                hx_drv_edm_init
 .text.hx_drv_inp_init
                0x0000000010008404        0x4 obj_socket_24/gnu_arcem9d_wei_r16/libembarc.a(hx_drv_inp.o)
                0x0000000010008404                hx_drv_inp_init
 .text.hx_drv_inp1bitparser_init
                0x0000000010008408        0x4 obj_socket_24/gnu_arcem9d_wei_r16/libembarc.a(hx_drv_inp1bitparser.o)
                0x0000000010008408                hx_drv_inp1bitparser_init
 .text.pwm_0_isr
                0x000000001000840c       0x10 obj_socket_24/gnu_arcem9d_wei_r16/libembarc.a(hx_drv_pwm.o)
 .text.pwm_1_isr
                0x000000001000841c       0x10 obj_socket_24/gnu_arcem9d_wei_r16/libembarc.a(hx_drv_pwm.o)
 .text.pwm_2_isr
                0x000000001000842c       0x10 obj_socket_24/gnu_arcem9d_wei_r16/libembarc.a(hx_drv_pwm.o)
 .text.hx_drv_pwm_init
                0x000000001000843c       0xd4 obj_socket_24/gnu_arcem9d_wei_r16/libembarc.a(hx_drv_pwm.o)
                0x000000001000843c                hx_drv_pwm_init
 .text.hx_drv_sensorctrl_init
                0x0000000010008510        0x4 obj_socket_24/gnu_arcem9d_wei_r16/libembarc.a(hx_drv_sensorctrl.o)
                0x0000000010008510                hx_drv_sensorctrl_init
 .text.board_init
                0x0000000010008514       0xd0 obj_socket_24/gnu_arcem9d_wei_r16/libembarc.a(socket_init.o)
                0x0000000010008514                board_init
 .text.__do_global_ctors_aux
                0x00000000100085e4       0x1c obj_socket_24/gnu_arcem9d_wei_r16/libembarc.a(arc_cxx_support.o)
                0x00000000100085e4                __do_global_ctors_aux
 .text.__do_global_dtors_aux
                0x0000000010008600       0x1c obj_socket_24/gnu_arcem9d_wei_r16/libembarc.a(arc_cxx_support.o)
                0x0000000010008600                __do_global_dtors_aux
 .text.__do_init_array_aux
                0x000000001000861c       0x1c obj_socket_24/gnu_arcem9d_wei_r16/libembarc.a(arc_cxx_support.o)
                0x000000001000861c                __do_init_array_aux
 .text.gnu_printf_setup
                0x0000000010008638        0x4 obj_socket_24/gnu_arcem9d_wei_r16/libembarc.a(embARC_misc.o)
                0x0000000010008638                gnu_printf_setup
 .text.hx_drv_hw2x2_init
                0x000000001000863c        0x4 obj_socket_24/gnu_arcem9d_wei_r16/libembarc.a(hx_drv_hw2x2.o)
                0x000000001000863c                hx_drv_hw2x2_init
 .text.hx_drv_hog_init
                0x0000000010008640       0x10 obj_socket_24/gnu_arcem9d_wei_r16/libembarc.a(hx_drv_hog.o)
                0x0000000010008640                hx_drv_hog_init
 .text.hx_drv_rs_init
                0x0000000010008650       0x10 obj_socket_24/gnu_arcem9d_wei_r16/libembarc.a(hx_drv_rs.o)
                0x0000000010008650                hx_drv_rs_init
 .text.ss_iic_mask_interrupt
                0x0000000010008660       0x14 obj_socket_24/gnu_arcem9d_wei_r16/libembarc.a(ss_i2c_slave.o)
 .text.ss_iic_slave_open
                0x0000000010008674       0xf8 obj_socket_24/gnu_arcem9d_wei_r16/libembarc.a(ss_i2c_slave.o)
                0x0000000010008674                ss_iic_slave_open
 .text.ss_iic_slave_close
                0x000000001000876c       0x48 obj_socket_24/gnu_arcem9d_wei_r16/libembarc.a(ss_i2c_slave.o)
                0x000000001000876c                ss_iic_slave_close
 .text.ss_iic_slave_write
                0x00000000100087b4       0x34 obj_socket_24/gnu_arcem9d_wei_r16/libembarc.a(ss_i2c_slave.o)
                0x00000000100087b4                ss_iic_slave_write
 .text.ss_iic_slave_control
                0x00000000100087e8      0x194 obj_socket_24/gnu_arcem9d_wei_r16/libembarc.a(ss_i2c_slave.o)
                0x00000000100087e8                ss_iic_slave_control
 .text.ss_iic_slave_read
                0x000000001000897c       0x48 obj_socket_24/gnu_arcem9d_wei_r16/libembarc.a(ss_i2c_slave.o)
                0x000000001000897c                ss_iic_slave_read
 .text.ss_iic_slave_tx_cb
                0x00000000100089c4        0xc obj_socket_24/gnu_arcem9d_wei_r16/libembarc.a(ss_i2c_slave.o)
                0x00000000100089c4                ss_iic_slave_tx_cb
 .text.ss_iic_slave_rx_cb
                0x00000000100089d0        0xc obj_socket_24/gnu_arcem9d_wei_r16/libembarc.a(ss_i2c_slave.o)
                0x00000000100089d0                ss_iic_slave_rx_cb
 .text.ss_iic_slave_err_cb
                0x00000000100089dc        0xc obj_socket_24/gnu_arcem9d_wei_r16/libembarc.a(ss_i2c_slave.o)
                0x00000000100089dc                ss_iic_slave_err_cb
 .text.i2c_slv0_err_ISR
                0x00000000100089e8       0x3c obj_socket_24/gnu_arcem9d_wei_r16/libembarc.a(i2c_slave.o)
 .text.i2c_slv0_rd_req_ISR
                0x0000000010008a24       0x9c obj_socket_24/gnu_arcem9d_wei_r16/libembarc.a(i2c_slave.o)
 .text.i2c_slv0_stop_det_ISR
                0x0000000010008ac0      0x134 obj_socket_24/gnu_arcem9d_wei_r16/libembarc.a(i2c_slave.o)
 .text.i2c_slv0_tx_req_ISR
                0x0000000010008bf4       0x80 obj_socket_24/gnu_arcem9d_wei_r16/libembarc.a(i2c_slave.o)
 .text.i2c_slv0_rx_avail_ISR
                0x0000000010008c74       0x94 obj_socket_24/gnu_arcem9d_wei_r16/libembarc.a(i2c_slave.o)
 .text.io_i2c_slave_open
                0x0000000010008d08      0x108 obj_socket_24/gnu_arcem9d_wei_r16/libembarc.a(i2c_slave.o)
                0x0000000010008d08                io_i2c_slave_open
 .text.io_i2c_slave_close
                0x0000000010008e10      0x120 obj_socket_24/gnu_arcem9d_wei_r16/libembarc.a(i2c_slave.o)
                0x0000000010008e10                io_i2c_slave_close
 .text.io_i2c_slave_read
                0x0000000010008f30      0x110 obj_socket_24/gnu_arcem9d_wei_r16/libembarc.a(i2c_slave.o)
                0x0000000010008f30                io_i2c_slave_read
 .text.io_i2c_slave_write
                0x0000000010009040       0xfc obj_socket_24/gnu_arcem9d_wei_r16/libembarc.a(i2c_slave.o)
                0x0000000010009040                io_i2c_slave_write
 .text.io_i2c_slave_ioctl
                0x000000001000913c      0x11c obj_socket_24/gnu_arcem9d_wei_r16/libembarc.a(i2c_slave.o)
                0x000000001000913c                io_i2c_slave_ioctl
 .text.ss_iic_mask_interrupt
                0x0000000010009258       0x14 obj_socket_24/gnu_arcem9d_wei_r16/libembarc.a(ss_i2c_master.o)
 .text.ss_iic_master_close
                0x000000001000926c       0x3c obj_socket_24/gnu_arcem9d_wei_r16/libembarc.a(ss_i2c_master.o)
                0x000000001000926c                ss_iic_master_close
 .text.ss_iic_master_control
                0x00000000100092a8      0x274 obj_socket_24/gnu_arcem9d_wei_r16/libembarc.a(ss_i2c_master.o)
                0x00000000100092a8                ss_iic_master_control
 .text.ss_iic_master_open
                0x000000001000951c      0x13c obj_socket_24/gnu_arcem9d_wei_r16/libembarc.a(ss_i2c_master.o)
                0x000000001000951c                ss_iic_master_open
 .text.ss_iic_master_write
                0x0000000010009658       0x68 obj_socket_24/gnu_arcem9d_wei_r16/libembarc.a(ss_i2c_master.o)
                0x0000000010009658                ss_iic_master_write
 .text.ss_iic_master_read
                0x00000000100096c0       0x68 obj_socket_24/gnu_arcem9d_wei_r16/libembarc.a(ss_i2c_master.o)
                0x00000000100096c0                ss_iic_master_read
 .text.ss_iic_master_tx_cb
                0x0000000010009728       0x18 obj_socket_24/gnu_arcem9d_wei_r16/libembarc.a(ss_i2c_master.o)
                0x0000000010009728                ss_iic_master_tx_cb
 .text.ss_iic_master_rx_cb
                0x0000000010009740       0x18 obj_socket_24/gnu_arcem9d_wei_r16/libembarc.a(ss_i2c_master.o)
                0x0000000010009740                ss_iic_master_rx_cb
 .text.ss_iic_master_err_cb
                0x0000000010009758       0x10 obj_socket_24/gnu_arcem9d_wei_r16/libembarc.a(ss_i2c_master.o)
                0x0000000010009758                ss_iic_master_err_cb
 .text.iic_dma_complete_cb
                0x0000000010009768       0x34 obj_socket_24/gnu_arcem9d_wei_r16/libembarc.a(i2c_master.o)
 .text.fill_txfifo_for_rx
                0x000000001000979c       0x54 obj_socket_24/gnu_arcem9d_wei_r16/libembarc.a(i2c_master.o)
 .text.retrieve_rxfifo
                0x00000000100097f0       0x38 obj_socket_24/gnu_arcem9d_wei_r16/libembarc.a(i2c_master.o)
 .text.fill_txfifo
                0x0000000010009828       0x4c obj_socket_24/gnu_arcem9d_wei_r16/libembarc.a(i2c_master.o)
 .text.i2c_mst_tx_req_ISR_proc
                0x0000000010009874       0xb0 obj_socket_24/gnu_arcem9d_wei_r16/libembarc.a(i2c_master.o)
 .text.i2c_mst2_tx_req_ISR
                0x0000000010009924        0x8 obj_socket_24/gnu_arcem9d_wei_r16/libembarc.a(i2c_master.o)
 .text.i2c_mst1_tx_req_ISR
                0x000000001000992c        0x8 obj_socket_24/gnu_arcem9d_wei_r16/libembarc.a(i2c_master.o)
 .text.i2c_mst0_tx_req_ISR
                0x0000000010009934        0x8 obj_socket_24/gnu_arcem9d_wei_r16/libembarc.a(i2c_master.o)
 .text.i2c_mst_rx_avail_ISR_proc
                0x000000001000993c       0x60 obj_socket_24/gnu_arcem9d_wei_r16/libembarc.a(i2c_master.o)
 .text.i2c_mst2_rx_avail_ISR
                0x000000001000999c        0x8 obj_socket_24/gnu_arcem9d_wei_r16/libembarc.a(i2c_master.o)
 .text.i2c_mst1_rx_avail_ISR
                0x00000000100099a4        0x8 obj_socket_24/gnu_arcem9d_wei_r16/libembarc.a(i2c_master.o)
 .text.i2c_mst0_rx_avail_ISR
                0x00000000100099ac        0x8 obj_socket_24/gnu_arcem9d_wei_r16/libembarc.a(i2c_master.o)
 .text.i2c_mst_err_ISR_proc
                0x00000000100099b4       0x7c obj_socket_24/gnu_arcem9d_wei_r16/libembarc.a(i2c_master.o)
 .text.i2c_mst2_err_ISR
                0x0000000010009a30        0x8 obj_socket_24/gnu_arcem9d_wei_r16/libembarc.a(i2c_master.o)
 .text.i2c_mst1_err_ISR
                0x0000000010009a38        0x8 obj_socket_24/gnu_arcem9d_wei_r16/libembarc.a(i2c_master.o)
 .text.i2c_mst0_err_ISR
                0x0000000010009a40        0x8 obj_socket_24/gnu_arcem9d_wei_r16/libembarc.a(i2c_master.o)
 .text.create_dma_descriptors_tx
                0x0000000010009a48       0x54 obj_socket_24/gnu_arcem9d_wei_r16/libembarc.a(i2c_master.o)
 .text.create_dma_descriptors_tx_for_rx
                0x0000000010009a9c       0x40 obj_socket_24/gnu_arcem9d_wei_r16/libembarc.a(i2c_master.o)
 .text.i2c_mst_stop_det_ISR_proc
                0x0000000010009adc      0x150 obj_socket_24/gnu_arcem9d_wei_r16/libembarc.a(i2c_master.o)
 .text.i2c_mst2_stop_det_ISR
                0x0000000010009c2c        0x8 obj_socket_24/gnu_arcem9d_wei_r16/libembarc.a(i2c_master.o)
 .text.i2c_mst1_stop_det_ISR
                0x0000000010009c34        0x8 obj_socket_24/gnu_arcem9d_wei_r16/libembarc.a(i2c_master.o)
 .text.i2c_mst0_stop_det_ISR
                0x0000000010009c3c        0x8 obj_socket_24/gnu_arcem9d_wei_r16/libembarc.a(i2c_master.o)
 .text.io_i2c_master_open
                0x0000000010009c44      0x118 obj_socket_24/gnu_arcem9d_wei_r16/libembarc.a(i2c_master.o)
                0x0000000010009c44                io_i2c_master_open
 .text.io_i2c_master_close
                0x0000000010009d5c      0x144 obj_socket_24/gnu_arcem9d_wei_r16/libembarc.a(i2c_master.o)
                0x0000000010009d5c                io_i2c_master_close
 .text.io_i2c_master_read
                0x0000000010009ea0       0xe4 obj_socket_24/gnu_arcem9d_wei_r16/libembarc.a(i2c_master.o)
                0x0000000010009ea0                io_i2c_master_read
 .text.io_i2c_master_write
                0x0000000010009f84       0x88 obj_socket_24/gnu_arcem9d_wei_r16/libembarc.a(i2c_master.o)
                0x0000000010009f84                io_i2c_master_write
 .text.io_i2c_master_ioctl
                0x000000001000a00c      0x158 obj_socket_24/gnu_arcem9d_wei_r16/libembarc.a(i2c_master.o)
                0x000000001000a00c                io_i2c_master_ioctl
 .text.create_dma_descriptor_rx
                0x000000001000a164       0x64 obj_socket_24/gnu_arcem9d_wei_r16/libembarc.a(uart.o)
 .text.create_dma_descriptor_tx
                0x000000001000a1c8       0x64 obj_socket_24/gnu_arcem9d_wei_r16/libembarc.a(uart.o)
 .text.uart_dma_complete_cb
                0x000000001000a22c       0x3c obj_socket_24/gnu_arcem9d_wei_r16/libembarc.a(uart.o)
 .text.uart_dmarx_isr_proc
                0x000000001000a268       0x7c obj_socket_24/gnu_arcem9d_wei_r16/libembarc.a(uart.o)
 .text.uart1_dmarx_ISR
                0x000000001000a2e4        0x8 obj_socket_24/gnu_arcem9d_wei_r16/libembarc.a(uart.o)
 .text.uart0_dmarx_ISR
                0x000000001000a2ec        0x8 obj_socket_24/gnu_arcem9d_wei_r16/libembarc.a(uart.o)
 .text.uart_dmatx_isr_proc
                0x000000001000a2f4       0x70 obj_socket_24/gnu_arcem9d_wei_r16/libembarc.a(uart.o)
 .text.uart1_dmatx_ISR
                0x000000001000a364        0x8 obj_socket_24/gnu_arcem9d_wei_r16/libembarc.a(uart.o)
 .text.uart0_dmatx_ISR
                0x000000001000a36c        0x8 obj_socket_24/gnu_arcem9d_wei_r16/libembarc.a(uart.o)
 .text.uart_isr_proc
                0x000000001000a374      0x2c4 obj_socket_24/gnu_arcem9d_wei_r16/libembarc.a(uart.o)
 .text.uart1_ISR
                0x000000001000a638        0x8 obj_socket_24/gnu_arcem9d_wei_r16/libembarc.a(uart.o)
 .text.uart0_ISR
                0x000000001000a640        0x8 obj_socket_24/gnu_arcem9d_wei_r16/libembarc.a(uart.o)
 .text.io_uart_open
                0x000000001000a648      0x110 obj_socket_24/gnu_arcem9d_wei_r16/libembarc.a(uart.o)
                0x000000001000a648                io_uart_open
 .text.io_uart_close
                0x000000001000a758       0x9c obj_socket_24/gnu_arcem9d_wei_r16/libembarc.a(uart.o)
                0x000000001000a758                io_uart_close
 .text.io_uart_read
                0x000000001000a7f4       0xd4 obj_socket_24/gnu_arcem9d_wei_r16/libembarc.a(uart.o)
                0x000000001000a7f4                io_uart_read
 .text.io_uart_write
                0x000000001000a8c8       0xe0 obj_socket_24/gnu_arcem9d_wei_r16/libembarc.a(uart.o)
                0x000000001000a8c8                io_uart_write
 .text.io_uart_ioctl
                0x000000001000a9a8      0x188 obj_socket_24/gnu_arcem9d_wei_r16/libembarc.a(uart.o)
                0x000000001000a9a8                io_uart_ioctl
 .text.hx_drv_tpg_init
                0x000000001000ab30       0x14 obj_socket_24/gnu_arcem9d_wei_r16/libembarc.a(hx_drv_tpg.o)
                0x000000001000ab30                hx_drv_tpg_init
 .text.hx_clear_bss
                0x000000001000ab44       0x64 obj_socket_24/gnu_arcem9d_wei_r16/libbss.a(hx_bss_handle.o)
                0x000000001000ab44                hx_clear_bss
 .text          0x000000001000aba8       0x80 /home/coherent/Downloads/arc_gnu_2019.09_ide_linux_install/bin/../lib/gcc/arc-elf32/9.2.1/../../../../arc-elf32/lib/em4_fpus/libc.a(lib_a-memcpy-bs.o)
                0x000000001000aba8                memcpy
 .text          0x000000001000ac28       0x6c /home/coherent/Downloads/arc_gnu_2019.09_ide_linux_install/bin/../lib/gcc/arc-elf32/9.2.1/../../../../arc-elf32/lib/em4_fpus/libc.a(lib_a-memset-bs.o)
                0x000000001000ac28                memset
                0x000000001000ac7c                __strncpy_bzero
 .text          0x000000001000ac94       0x94 /home/coherent/Downloads/arc_gnu_2019.09_ide_linux_install/bin/../lib/gcc/arc-elf32/9.2.1/../../../../arc-elf32/lib/em4_fpus/libc.a(lib_a-sprintf.o)
                0x000000001000ac94                _sprintf_r
                0x000000001000acdc                sprintf
 .text          0x000000001000ad28       0x7c /home/coherent/Downloads/arc_gnu_2019.09_ide_linux_install/bin/../lib/gcc/arc-elf32/9.2.1/../../../../arc-elf32/lib/em4_fpus/libc.a(lib_a-strcpy-bs.o)
                0x000000001000ad28                strcpy
 .text          0x000000001000ada4       0x88 /home/coherent/Downloads/arc_gnu_2019.09_ide_linux_install/bin/../lib/gcc/arc-elf32/9.2.1/../../../../arc-elf32/lib/em4_fpus/libc.a(lib_a-strlen-bs-norm.o)
                0x000000001000ada4                strlen
 .text          0x000000001000ae2c     0x17f8 /home/coherent/Downloads/arc_gnu_2019.09_ide_linux_install/bin/../lib/gcc/arc-elf32/9.2.1/../../../../arc-elf32/lib/em4_fpus/libc.a(lib_a-svfprintf.o)
                0x000000001000ae2c                _svfprintf_r
 .text          0x000000001000c624     0x1294 /home/coherent/Downloads/arc_gnu_2019.09_ide_linux_install/bin/../lib/gcc/arc-elf32/9.2.1/../../../../arc-elf32/lib/em4_fpus/libc.a(lib_a-dtoa.o)
                0x000000001000c794                _dtoa_r
 .text          0x000000001000d8b8       0x18 /home/coherent/Downloads/arc_gnu_2019.09_ide_linux_install/bin/../lib/gcc/arc-elf32/9.2.1/../../../../arc-elf32/lib/em4_fpus/libc.a(lib_a-localeconv.o)
                0x000000001000d8b8                __localeconv_l
                0x000000001000d8c0                _localeconv_r
                0x000000001000d8c8                localeconv
 .text          0x000000001000d8d0      0x6a0 /home/coherent/Downloads/arc_gnu_2019.09_ide_linux_install/bin/../lib/gcc/arc-elf32/9.2.1/../../../../arc-elf32/lib/em4_fpus/libc.a(lib_a-mallocr.o)
                0x000000001000d8d0                _malloc_r
 .text          0x000000001000df70       0xb8 /home/coherent/Downloads/arc_gnu_2019.09_ide_linux_install/bin/../lib/gcc/arc-elf32/9.2.1/../../../../arc-elf32/lib/em4_fpus/libc.a(lib_a-memchr.o)
                0x000000001000df70                memchr
 .text          0x000000001000e028        0x8 /home/coherent/Downloads/arc_gnu_2019.09_ide_linux_install/bin/../lib/gcc/arc-elf32/9.2.1/../../../../arc-elf32/lib/em4_fpus/libc.a(lib_a-mlock.o)
                0x000000001000e028                __malloc_lock
                0x000000001000e02c                __malloc_unlock
 .text          0x000000001000e030      0xc40 /home/coherent/Downloads/arc_gnu_2019.09_ide_linux_install/bin/../lib/gcc/arc-elf32/9.2.1/../../../../arc-elf32/lib/em4_fpus/libc.a(lib_a-mprec.o)
                0x000000001000e030                _Balloc
                0x000000001000e0a8                _Bfree
                0x000000001000e0c4                __multadd
                0x000000001000e194                __s2b
                0x000000001000e260                __hi0bits
                0x000000001000e2ac                __lo0bits
                0x000000001000e334                __i2b
                0x000000001000e350                __multiply
                0x000000001000e4f0                __pow5mult
                0x000000001000e5c4                __lshift
                0x000000001000e6ec                __mcmp
                0x000000001000e734                __mdiff
                0x000000001000e8c4                __ulp
                0x000000001000e914                __b2d
                0x000000001000ea00                __d2b
                0x000000001000eaf8                __ratio
                0x000000001000eb74                _mprec_log10
                0x000000001000ebd0                __copybits
                0x000000001000ec2c                __any_on
 .text          0x000000001000ec70       0x38 /home/coherent/Downloads/arc_gnu_2019.09_ide_linux_install/bin/../lib/gcc/arc-elf32/9.2.1/../../../../arc-elf32/lib/em4_fpus/libc.a(lib_a-sbrkr.o)
                0x000000001000ec70                _sbrk_r
 .text          0x000000001000eca8      0xd64 /home/coherent/Downloads/arc_gnu_2019.09_ide_linux_install/bin/../lib/gcc/arc-elf32/9.2.1/../../../../arc-elf32/lib/em4_fpus/libc.a(lib_a-svfiprintf.o)
                0x000000001000eca8                __ssprint_r
                0x000000001000edf4                _svfiprintf_r
 .text          0x000000001000fa0c       0x90 /home/coherent/Downloads/arc_gnu_2019.09_ide_linux_install/bin/../lib/gcc/arc-elf32/9.2.1/../../../../arc-elf32/lib/em4_fpus/libc.a(lib_a-callocr.o)
                0x000000001000fa0c                _calloc_r
 .text          0x000000001000fa9c      0x338 /home/coherent/Downloads/arc_gnu_2019.09_ide_linux_install/bin/../lib/gcc/arc-elf32/9.2.1/../../../../arc-elf32/lib/em4_fpus/libc.a(lib_a-freer.o)
                0x000000001000fa9c                _malloc_trim_r
                0x000000001000fb74                _free_r
 .text          0x000000001000fdd4       0x54 /home/coherent/Downloads/arc_gnu_2019.09_ide_linux_install/bin/../lib/gcc/arc-elf32/9.2.1/../../../../arc-elf32/lib/em4_fpus/libc.a(lib_a-mbtowc_r.o)
                0x000000001000fdd4                _mbtowc_r
                0x000000001000fde0                __ascii_mbtowc
 .text          0x000000001000fe28      0x11c /home/coherent/Downloads/arc_gnu_2019.09_ide_linux_install/bin/../lib/gcc/arc-elf32/9.2.1/../../../../arc-elf32/lib/em4_fpus/libc.a(lib_a-memmove.o)
                0x000000001000fe28                memmove
 .text          0x000000001000ff44      0x484 /home/coherent/Downloads/arc_gnu_2019.09_ide_linux_install/bin/../lib/gcc/arc-elf32/9.2.1/../../../../arc-elf32/lib/em4_fpus/libc.a(lib_a-reallocr.o)
                0x000000001000ff44                _realloc_r
 .text          0x00000000100103c8       0x2c /home/coherent/Downloads/arc_gnu_2019.09_ide_linux_install/bin/../lib/gcc/arc-elf32/9.2.1/../../../../arc-elf32/lib/em4_fpus/libc.a(lib_a-wctomb_r.o)
                0x00000000100103c8                _wctomb_r
                0x00000000100103d4                __ascii_wctomb
 .text.__udivdi3
                0x00000000100103f4      0x36c /home/coherent/Downloads/arc_gnu_2019.09_ide_linux_install/bin/../lib/gcc/arc-elf32/9.2.1/em4_fpus/libgcc.a(_udivdi3.o)
                0x00000000100103f4                __udivdi3
 .text.__umoddi3
                0x0000000010010760      0x2f0 /home/coherent/Downloads/arc_gnu_2019.09_ide_linux_install/bin/../lib/gcc/arc-elf32/9.2.1/em4_fpus/libgcc.a(_umoddi3.o)
                0x0000000010010760                __umoddi3
 .text._fpadd_parts
                0x0000000010010a50      0x2ec /home/coherent/Downloads/arc_gnu_2019.09_ide_linux_install/bin/../lib/gcc/arc-elf32/9.2.1/em4_fpus/libgcc.a(dp-bit.o)
 .text.__pack_d
                0x0000000010010d3c      0x1b8 /home/coherent/Downloads/arc_gnu_2019.09_ide_linux_install/bin/../lib/gcc/arc-elf32/9.2.1/em4_fpus/libgcc.a(dp-bit.o)
                0x0000000010010d3c                __pack_d
 .text.__unpack_d
                0x0000000010010ef4       0xc4 /home/coherent/Downloads/arc_gnu_2019.09_ide_linux_install/bin/../lib/gcc/arc-elf32/9.2.1/em4_fpus/libgcc.a(dp-bit.o)
                0x0000000010010ef4                __unpack_d
 .text.__adddf3
                0x0000000010010fb8       0x30 /home/coherent/Downloads/arc_gnu_2019.09_ide_linux_install/bin/../lib/gcc/arc-elf32/9.2.1/em4_fpus/libgcc.a(dp-bit.o)
                0x0000000010010fb8                __adddf3
 .text.__subdf3
                0x0000000010010fe8       0x3c /home/coherent/Downloads/arc_gnu_2019.09_ide_linux_install/bin/../lib/gcc/arc-elf32/9.2.1/em4_fpus/libgcc.a(dp-bit.o)
                0x0000000010010fe8                __subdf3
 .text.__muldf3
                0x0000000010011024      0x220 /home/coherent/Downloads/arc_gnu_2019.09_ide_linux_install/bin/../lib/gcc/arc-elf32/9.2.1/em4_fpus/libgcc.a(dp-bit.o)
                0x0000000010011024                __muldf3
 .text.__divdf3
                0x0000000010011244      0x168 /home/coherent/Downloads/arc_gnu_2019.09_ide_linux_install/bin/../lib/gcc/arc-elf32/9.2.1/em4_fpus/libgcc.a(dp-bit.o)
                0x0000000010011244                __divdf3
 .text.__fpcmp_parts_d
                0x00000000100113ac       0xe8 /home/coherent/Downloads/arc_gnu_2019.09_ide_linux_install/bin/../lib/gcc/arc-elf32/9.2.1/em4_fpus/libgcc.a(dp-bit.o)
                0x00000000100113ac                __fpcmp_parts_d
 .text.__eqdf2  0x0000000010011494       0x44 /home/coherent/Downloads/arc_gnu_2019.09_ide_linux_install/bin/../lib/gcc/arc-elf32/9.2.1/em4_fpus/libgcc.a(dp-bit.o)
                0x0000000010011494                __eqdf2
 .text.__nedf2  0x00000000100114d8        0x4 /home/coherent/Downloads/arc_gnu_2019.09_ide_linux_install/bin/../lib/gcc/arc-elf32/9.2.1/em4_fpus/libgcc.a(dp-bit.o)
                0x00000000100114d8                __nedf2
 .text.__gtdf2  0x00000000100114dc       0x44 /home/coherent/Downloads/arc_gnu_2019.09_ide_linux_install/bin/../lib/gcc/arc-elf32/9.2.1/em4_fpus/libgcc.a(dp-bit.o)
                0x00000000100114dc                __gtdf2
 .text.__ltdf2  0x0000000010011520        0x4 /home/coherent/Downloads/arc_gnu_2019.09_ide_linux_install/bin/../lib/gcc/arc-elf32/9.2.1/em4_fpus/libgcc.a(dp-bit.o)
                0x0000000010011520                __ltdf2
 .text.__ledf2  0x0000000010011524        0x4 /home/coherent/Downloads/arc_gnu_2019.09_ide_linux_install/bin/../lib/gcc/arc-elf32/9.2.1/em4_fpus/libgcc.a(dp-bit.o)
                0x0000000010011524                __ledf2
 .text.__unorddf2
                0x0000000010011528       0x3c /home/coherent/Downloads/arc_gnu_2019.09_ide_linux_install/bin/../lib/gcc/arc-elf32/9.2.1/em4_fpus/libgcc.a(dp-bit.o)
                0x0000000010011528                __unorddf2
 .text.__floatsidf
                0x0000000010011564       0x7c /home/coherent/Downloads/arc_gnu_2019.09_ide_linux_install/bin/../lib/gcc/arc-elf32/9.2.1/em4_fpus/libgcc.a(dp-bit.o)
                0x0000000010011564                __floatsidf
 .text.__floatunsidf
                0x00000000100115e0       0x60 /home/coherent/Downloads/arc_gnu_2019.09_ide_linux_install/bin/../lib/gcc/arc-elf32/9.2.1/em4_fpus/libgcc.a(dp-bit.o)
                0x00000000100115e0                __floatunsidf
 .text.__fixdfsi
                0x0000000010011640       0xac /home/coherent/Downloads/arc_gnu_2019.09_ide_linux_install/bin/../lib/gcc/arc-elf32/9.2.1/em4_fpus/libgcc.a(dp-bit.o)
                0x0000000010011640                __fixdfsi
 .text._sbrk    0x00000000100116ec       0x3c obj_socket_24/gnu_arcem9d_wei_r16/libembarc.a(embARC_sbrk.o)
                0x00000000100116ec                _sbrk
 .text          0x0000000010011728        0x4 /home/coherent/Downloads/arc_gnu_2019.09_ide_linux_install/bin/../lib/gcc/arc-elf32/9.2.1/../../../../arc-elf32/lib/em4_fpus/libc.a(lib_a-errno.o)
                0x0000000010011728                __errno
 *(.gnu.warning)
                0x000000001001172c                . = ALIGN (0x4)
 *(.mli_lib.*)
 *(SORT_NONE(.fini))
                [!provide]                        PROVIDE (__etext = .)
                [!provide]                        PROVIDE (_etext = .)
                [!provide]                        PROVIDE (etext = .)
                0x000000001001172c                PROVIDE (_e_text = .)

.jcr
 *(.jcr)

.eh_frame
 *(.eh_frame)

.gcc_except_table
 *(.gcc_except_table)
 *(.gcc_except_table.*)

.plt
 *(.plt)

.jlitab         0x0000000020020800        0x0
                0x0000000020020800                __JLI_TABLE__ = .
 jlitab*.o:(.jlitab*)
 *(.jlitab*)

.read_only_data
                0x0000000020020800      0x7bc
                0x0000000020020800                PROVIDE (_f_rodata = .)
 *(.rodata)
 .rodata        0x0000000020020800      0x184 /home/coherent/Downloads/arc_gnu_2019.09_ide_linux_install/bin/../lib/gcc/arc-elf32/9.2.1/../../../../arc-elf32/lib/em4_fpus/libc.a(lib_a-svfprintf.o)
 .rodata        0x0000000020020984       0x10 /home/coherent/Downloads/arc_gnu_2019.09_ide_linux_install/bin/../lib/gcc/arc-elf32/9.2.1/../../../../arc-elf32/lib/em4_fpus/libc.a(lib_a-dtoa.o)
 .rodata        0x0000000020020994      0x124 /home/coherent/Downloads/arc_gnu_2019.09_ide_linux_install/bin/../lib/gcc/arc-elf32/9.2.1/../../../../arc-elf32/lib/em4_fpus/libc.a(lib_a-mprec.o)
                0x00000000200209a0                __mprec_tinytens
                0x00000000200209c8                __mprec_bigtens
                0x00000000200209f0                __mprec_tens
 .rodata        0x0000000020020ab8      0x184 /home/coherent/Downloads/arc_gnu_2019.09_ide_linux_install/bin/../lib/gcc/arc-elf32/9.2.1/../../../../arc-elf32/lib/em4_fpus/libc.a(lib_a-svfiprintf.o)
 .rodata        0x0000000020020c3c      0x104 /home/coherent/Downloads/arc_gnu_2019.09_ide_linux_install/bin/../lib/gcc/arc-elf32/9.2.1/../../../../arc-elf32/lib/em4_fpus/libc.a(lib_a-ctype_.o)
                0x0000000020020c3c                _ctype_
 *(.rodata.*)
 .rodata.main.str1.4
                0x0000000020020d40       0x53 obj_socket_24/gnu_arcem9d_wei_r16//./src/main.o
                                         0x54 (size before relaxing)
 *fill*         0x0000000020020d93        0x1 
 .rodata.str1.4
                0x0000000020020d94        0x5 obj_socket_24/gnu_arcem9d_wei_r16/libembarc.a(board.o)
                                          0x8 (size before relaxing)
 *fill*         0x0000000020020d99        0x3 
 .rodata.int_handler_default.str1.4
                0x0000000020020d9c       0x3c obj_socket_24/gnu_arcem9d_wei_r16/libembarc.a(arc_exception.o)
 .rodata.exc_handler_default.str1.4
                0x0000000020020dd8       0x55 obj_socket_24/gnu_arcem9d_wei_r16/libembarc.a(arc_exception.o)
                                         0x58 (size before relaxing)
 *fill*         0x0000000020020e2d        0x3 
 .rodata.xprintf_setup.str1.4
                0x0000000020020e30       0x28 obj_socket_24/gnu_arcem9d_wei_r16/libembarc.a(console_io.o)
 .rodata.i2c_slv0_rd_req_ISR.str1.4
                0x0000000020020e58       0x44 obj_socket_24/gnu_arcem9d_wei_r16/libembarc.a(i2c_slave.o)
 .rodata.io_i2c_slave_ioctl.str1.4
                0x0000000020020e9c       0x30 obj_socket_24/gnu_arcem9d_wei_r16/libembarc.a(i2c_slave.o)
 .rodata.i2c_mst_err_ISR_proc.str1.4
                0x0000000020020ecc       0x65 obj_socket_24/gnu_arcem9d_wei_r16/libembarc.a(i2c_master.o)
                                         0x68 (size before relaxing)
 *fill*         0x0000000020020f31        0x3 
 .rodata.str1.4
                0x0000000020020f34       0x42 /home/coherent/Downloads/arc_gnu_2019.09_ide_linux_install/bin/../lib/gcc/arc-elf32/9.2.1/../../../../arc-elf32/lib/em4_fpus/libc.a(lib_a-svfprintf.o)
                                         0x44 (size before relaxing)
 *fill*         0x0000000020020f76        0x2 
 .rodata.str1.4
                0x0000000020020f78        0xd /home/coherent/Downloads/arc_gnu_2019.09_ide_linux_install/bin/../lib/gcc/arc-elf32/9.2.1/../../../../arc-elf32/lib/em4_fpus/libc.a(lib_a-dtoa.o)
                                         0x14 (size before relaxing)
 .rodata.str1.4
                0x0000000020020f85       0x30 /home/coherent/Downloads/arc_gnu_2019.09_ide_linux_install/bin/../lib/gcc/arc-elf32/9.2.1/../../../../arc-elf32/lib/em4_fpus/libc.a(lib_a-svfiprintf.o)
 *fill*         0x0000000020020f85        0x3 
 .rodata.str1.4
                0x0000000020020f88       0x10 /home/coherent/Downloads/arc_gnu_2019.09_ide_linux_install/bin/../lib/gcc/arc-elf32/9.2.1/../../../../arc-elf32/lib/em4_fpus/libc.a(lib_a-locale.o)
                                         0x14 (size before relaxing)
 .rodata.__thenan_df
                0x0000000020020f98       0x14 /home/coherent/Downloads/arc_gnu_2019.09_ide_linux_install/bin/../lib/gcc/arc-elf32/9.2.1/em4_fpus/libgcc.a(dp-bit.o)
                0x0000000020020f98                __thenan_df
 *(.gnu.linkonce.r.*)
 *(.rodata1)
                0x0000000020020fac                . = ALIGN (0x4)
                0x0000000020020fac                __CTOR_LIST__ = .
                0x0000000020020fac        0x4 LONG 0x0 (((__CTOR_END__ - __CTOR_LIST__) / 0x4) - 0x2)
 *(SORT_BY_NAME(.ctors*))
                0x0000000020020fb0        0x4 LONG 0x0
                0x0000000020020fb4                __CTOR_END__ = .
                0x0000000020020fb4                . = ALIGN (0x4)
                0x0000000020020fb4                __init_array_start = .
 *(SORT_BY_NAME(.init_array*))
                0x0000000020020fb4                __init_array_end = .
                0x0000000020020fb4                . = ALIGN (0x4)
                0x0000000020020fb4                __DTOR_LIST__ = .
                0x0000000020020fb4        0x4 LONG 0x0 (((__DTOR_END__ - __DTOR_LIST__) / 0x4) - 0x2)
 *(SORT_BY_NAME(.dtors*))
                0x0000000020020fb8        0x4 LONG 0x0
                0x0000000020020fbc                __DTOR_END__ = .
                0x0000000020020fbc                PROVIDE (_e_rodata = .)

.data           0x0000000020020fbc     0x1298
                [!provide]                        PROVIDE (__data_image = .)
                [!provide]                        PROVIDE (__data_start = .)
 *(.data)
 .data          0x0000000020020fbc        0x0 obj_socket_24/gnu_arcem9d_wei_r16//./src/main.o
 .data          0x0000000020020fbc        0x0 obj_socket_24/gnu_arcem9d_wei_r16/app/scenario_app/event_handler/event_handler.o
 .data          0x0000000020020fbc        0x0 obj_socket_24/gnu_arcem9d_wei_r16/app/scenario_app/event_handler/evt_datapath/evt_datapath.o
 .data          0x0000000020020fbc        0x0 obj_socket_24/gnu_arcem9d_wei_r16/app/scenario_app/event_handler/evt_i2ccomm/evt_i2ccomm.o
 .data          0x0000000020020fbc        0x0 obj_socket_24/gnu_arcem9d_wei_r16/app/scenario_app/event_handler/evt_peripheral_cmd/peripheral_cmd_handler.o
 .data          0x0000000020020fbc        0x0 obj_socket_24/gnu_arcem9d_wei_r16/libembarc.a(hx_drv_iomux.o)
 .data          0x0000000020020fbc        0x0 obj_socket_24/gnu_arcem9d_wei_r16/libembarc.a(hx_drv_uart.o)
 .data          0x0000000020020fbc        0x0 obj_socket_24/gnu_arcem9d_wei_r16/libembarc.a(hx_drv_adcc.o)
 .data          0x0000000020020fbc        0x0 obj_socket_24/gnu_arcem9d_wei_r16/libembarc.a(hx_drv_ckgen.o)
 .data          0x0000000020020fbc        0x0 obj_socket_24/gnu_arcem9d_wei_r16/libembarc.a(hx_drv_pmu.o)
 .data          0x0000000020020fbc        0x0 obj_socket_24/gnu_arcem9d_wei_r16/libembarc.a(hx_drv_rtc.o)
 .data          0x0000000020020fbc        0x0 obj_socket_24/gnu_arcem9d_wei_r16/libembarc.a(hx_drv_timer.o)
 .data          0x0000000020020fbc        0x0 obj_socket_24/gnu_arcem9d_wei_r16/libembarc.a(hx_drv_CIS_common.o)
 .data          0x0000000020020fbc        0x0 obj_socket_24/gnu_arcem9d_wei_r16/libembarc.a(board.o)
 .data          0x0000000020020fbc        0x0 obj_socket_24/gnu_arcem9d_wei_r16/libembarc.a(arc_udma.o)
 .data          0x0000000020020fbc        0x0 obj_socket_24/gnu_arcem9d_wei_r16/libembarc.a(arc_dmac.o)
 .data          0x0000000020020fbc        0x0 obj_socket_24/gnu_arcem9d_wei_r16/libembarc.a(arc_exception.o)
 .data          0x0000000020020fbc        0x0 obj_socket_24/gnu_arcem9d_wei_r16/libembarc.a(arc_timer.o)
 .data          0x0000000020020fbc        0x0 obj_socket_24/gnu_arcem9d_wei_r16/libembarc.a(arc_exc_asm.o)
 .data          0x0000000020020fbc        0x0 obj_socket_24/gnu_arcem9d_wei_r16/libembarc.a(arc_startup.o)
 .data          0x0000000020020fbc        0x0 obj_socket_24/gnu_arcem9d_wei_r16/libembarc.a(console_io.o)
 .data          0x0000000020020fbc        0x0 obj_socket_24/gnu_arcem9d_wei_r16/libembarc.a(xprintf.o)
 .data          0x0000000020020fbc        0x0 obj_socket_24/gnu_arcem9d_wei_r16/libembarc.a(event.o)
 .data          0x0000000020020fbc        0x0 obj_socket_24/gnu_arcem9d_wei_r16/libembarc.a(i2c_comm.o)
 .data          0x0000000020020fbc        0x0 obj_socket_24/gnu_arcem9d_wei_r16/libembarc.a(ccitt_crc16.o)
 .data          0x0000000020020fbc        0x0 obj_socket_24/gnu_arcem9d_wei_r16/libembarc.a(ota.o)
 .data          0x0000000020020fbc        0x0 obj_socket_24/gnu_arcem9d_wei_r16/libembarc.a(powermode.o)
 .data          0x0000000020020fbc        0x0 obj_socket_24/gnu_arcem9d_wei_r16/libembarc.a(sensor_dp_lib.o)
 .data          0x0000000020020fbc        0x0 obj_socket_24/gnu_arcem9d_wei_r16/libembarc.a(sensor_dp_hw5x5_jpeg.o)
 .data          0x0000000020020fbc        0x0 obj_socket_24/gnu_arcem9d_wei_r16/libembarc.a(sensor_dp_tpg_jpeg.o)
 .data          0x0000000020020fbc        0x0 obj_socket_24/gnu_arcem9d_wei_r16/libembarc.a(hx_drv_hw5x5.o)
 .data          0x0000000020020fbc        0x0 obj_socket_24/gnu_arcem9d_wei_r16/libembarc.a(hx_drv_cdm.o)
 .data          0x0000000020020fbc        0x0 obj_socket_24/gnu_arcem9d_wei_r16/libembarc.a(hx_drv_dp.o)
 .data          0x0000000020020fbc        0x0 obj_socket_24/gnu_arcem9d_wei_r16/libembarc.a(hx_drv_hogdma.o)
 .data          0x0000000020020fbc        0x0 obj_socket_24/gnu_arcem9d_wei_r16/libembarc.a(hx_drv_jpeg.o)
 .data          0x0000000020020fbc        0x0 obj_socket_24/gnu_arcem9d_wei_r16/libembarc.a(hx_drv_rsdma.o)
 .data          0x0000000020020fbc        0x0 obj_socket_24/gnu_arcem9d_wei_r16/libembarc.a(hx_drv_xdma.o)
 .data          0x0000000020020fbc        0x0 obj_socket_24/gnu_arcem9d_wei_r16/libembarc.a(hx_drv_iic_m.o)
 .data          0x0000000020020fbc        0x0 obj_socket_24/gnu_arcem9d_wei_r16/libembarc.a(hx_drv_iic_s.o)
 .data          0x0000000020020fbc        0x0 obj_socket_24/gnu_arcem9d_wei_r16/libembarc.a(hx_drv_spi_m.o)
 .data          0x0000000020020fbc        0x0 obj_socket_24/gnu_arcem9d_wei_r16/libembarc.a(dw_spi.o)
 .data          0x0000000020020fbc        0x0 obj_socket_24/gnu_arcem9d_wei_r16/libembarc.a(hx_drv_spi_s.o)
 .data          0x0000000020020fbc        0x0 obj_socket_24/gnu_arcem9d_wei_r16/libembarc.a(ss_spi_slave.o)
 .data          0x0000000020020fbc        0x0 obj_socket_24/gnu_arcem9d_wei_r16/libembarc.a(spi_slave.o)
 .data          0x0000000020020fbc        0x0 obj_socket_24/gnu_arcem9d_wei_r16/libembarc.a(ss_uart.o)
 .data          0x0000000020020fbc        0x0 obj_socket_24/gnu_arcem9d_wei_r16/libembarc.a(hx_drv_edm.o)
 .data          0x0000000020020fbc        0x0 obj_socket_24/gnu_arcem9d_wei_r16/libembarc.a(hx_drv_inp.o)
 .data          0x0000000020020fbc        0x0 obj_socket_24/gnu_arcem9d_wei_r16/libembarc.a(hx_drv_inp1bitparser.o)
 .data          0x0000000020020fbc        0x0 obj_socket_24/gnu_arcem9d_wei_r16/libembarc.a(hx_drv_pwm.o)
 .data          0x0000000020020fbc        0x0 obj_socket_24/gnu_arcem9d_wei_r16/libembarc.a(hx_drv_sensorctrl.o)
 .data          0x0000000020020fbc        0x0 obj_socket_24/gnu_arcem9d_wei_r16/libembarc.a(socket_init.o)
 .data          0x0000000020020fbc        0x0 obj_socket_24/gnu_arcem9d_wei_r16/libembarc.a(arc_cxx_support.o)
 .data          0x0000000020020fbc        0x0 obj_socket_24/gnu_arcem9d_wei_r16/libembarc.a(embARC_misc.o)
 .data          0x0000000020020fbc        0x0 obj_socket_24/gnu_arcem9d_wei_r16/libembarc.a(sensor_dp_tpg_hw2x2.o)
 .data          0x0000000020020fbc        0x0 obj_socket_24/gnu_arcem9d_wei_r16/libembarc.a(sensor_dp_raw_wdma2.o)
 .data          0x0000000020020fbc        0x0 obj_socket_24/gnu_arcem9d_wei_r16/libembarc.a(sensor_dp_cdm.o)
 .data          0x0000000020020fbc        0x0 obj_socket_24/gnu_arcem9d_wei_r16/libembarc.a(sensor_dp_rs.o)
 .data          0x0000000020020fbc        0x0 obj_socket_24/gnu_arcem9d_wei_r16/libembarc.a(sensor_dp_jpegdec.o)
 .data          0x0000000020020fbc        0x0 obj_socket_24/gnu_arcem9d_wei_r16/libembarc.a(sensor_dp_common.o)
 .data          0x0000000020020fbc        0x0 obj_socket_24/gnu_arcem9d_wei_r16/libembarc.a(sensor_dp_intrawhw5x5.o)
 .data          0x0000000020020fbc        0x0 obj_socket_24/gnu_arcem9d_wei_r16/libembarc.a(sensor_dp_hw2x2_cdm.o)
 .data          0x0000000020020fbc        0x0 obj_socket_24/gnu_arcem9d_wei_r16/libembarc.a(sensor_dp_hw5x5demos_wdma3.o)
 .data          0x0000000020020fbc        0x0 obj_socket_24/gnu_arcem9d_wei_r16/libembarc.a(sensor_dp_intnojpeg.o)