Archive member included to satisfy reference by file (symbol)

obj_socket_24/gnu_arcem9d_wei_r16/libembarc.a(hx_drv_dp.o)
                              obj_socket_24/gnu_arcem9d_wei_r16//./src/synopsys_sdk_camera_drv.o (hx_drv_dp_set_mclk_src)
obj_socket_24/gnu_arcem9d_wei_r16/libembarc.a(hx_drv_iomux.o)
                              obj_socket_24/gnu_arcem9d_wei_r16/app/scenario_app/event_handler/evt_datapath/evt_datapath.o (hx_drv_iomux_cb_register)
obj_socket_24/gnu_arcem9d_wei_r16/libembarc.a(hx_drv_uart.o)
                              obj_socket_24/gnu_arcem9d_wei_r16//./src/main.o (hx_drv_uart_get_dev)
obj_socket_24/gnu_arcem9d_wei_r16/libembarc.a(hx_drv_adcc.o)
                              obj_socket_24/gnu_arcem9d_wei_r16/app/scenario_app/event_handler/evt_datapath/evt_datapath.o (hx_drv_adcc_get_defCfg)
obj_socket_24/gnu_arcem9d_wei_r16/libembarc.a(hx_drv_ckgen.o)
                              obj_socket_24/gnu_arcem9d_wei_r16/app/scenario_app/event_handler/evt_i2ccomm/evt_i2ccomm.o (hx_drv_ckgen_set_gated)
obj_socket_24/gnu_arcem9d_wei_r16/libembarc.a(hx_drv_edm.o)
                              obj_socket_24/gnu_arcem9d_wei_r16//./src/synopsys_sdk_camera_drv.o (hx_drv_edm_get_de_count)
obj_socket_24/gnu_arcem9d_wei_r16/libembarc.a(hx_drv_inp1bitparser.o)
                              obj_socket_24/gnu_arcem9d_wei_r16//./src/synopsys_sdk_camera_drv.o (hx_drv_inp1bitparser_set_enable)
obj_socket_24/gnu_arcem9d_wei_r16/libembarc.a(hx_drv_pmu.o)
                              obj_socket_24/gnu_arcem9d_wei_r16//./src/synopsys_sdk_camera_drv.o (hx_drv_pmu_set_ctrl)
obj_socket_24/gnu_arcem9d_wei_r16/libembarc.a(hx_drv_rtc.o)
                              obj_socket_24/gnu_arcem9d_wei_r16/app/scenario_app/event_handler/evt_datapath/evt_datapath.o (hx_drv_rtc_start)
obj_socket_24/gnu_arcem9d_wei_r16/libembarc.a(hx_drv_sensorctrl.o)
                              obj_socket_24/gnu_arcem9d_wei_r16//./src/synopsys_sdk_camera_drv.o (hx_drv_sensorctrl_set_xShutdown)
obj_socket_24/gnu_arcem9d_wei_r16/libembarc.a(hx_drv_timer.o)
                              obj_socket_24/gnu_arcem9d_wei_r16//./src/main.o (board_delay_ms)
obj_socket_24/gnu_arcem9d_wei_r16/libembarc.a(hx_drv_CIS_common.o)
                              obj_socket_24/gnu_arcem9d_wei_r16//./src/synopsys_sdk_camera_drv.o (hx_drv_cis_init)
obj_socket_24/gnu_arcem9d_wei_r16/libembarc.a(board.o)
                              obj_socket_24/gnu_arcem9d_wei_r16/app/scenario_app/event_handler/evt_i2ccomm/evt_i2ccomm.o (hx_board_get_version)
obj_socket_24/gnu_arcem9d_wei_r16/libembarc.a(arc_udma.o)
                              obj_socket_24/gnu_arcem9d_wei_r16/app/scenario_app/event_handler/evt_i2ccomm/evt_i2ccomm.o (dmac_active)
obj_socket_24/gnu_arcem9d_wei_r16/libembarc.a(arc_dmac.o)
                              obj_socket_24/gnu_arcem9d_wei_r16/app/scenario_app/event_handler/evt_i2ccomm/evt_i2ccomm.o (_dma_chan_reset)
obj_socket_24/gnu_arcem9d_wei_r16/libembarc.a(arc_exception.o)
                              obj_socket_24/gnu_arcem9d_wei_r16/libembarc.a(hx_drv_dp.o) (int_disable)
obj_socket_24/gnu_arcem9d_wei_r16/libembarc.a(arc_timer.o)
                              obj_socket_24/gnu_arcem9d_wei_r16/libembarc.a(hx_drv_timer.o) (timer_present)
obj_socket_24/gnu_arcem9d_wei_r16/libembarc.a(arc_exc_asm.o)
                              obj_socket_24/gnu_arcem9d_wei_r16/libembarc.a(arc_exception.o) (exc_entry_cpu)
obj_socket_24/gnu_arcem9d_wei_r16/libembarc.a(arc_startup.o)
                              obj_socket_24/gnu_arcem9d_wei_r16/libembarc.a(arc_exception.o) (_arc_reset)
obj_socket_24/gnu_arcem9d_wei_r16/libembarc.a(console_io.o)
                              obj_socket_24/gnu_arcem9d_wei_r16/libembarc.a(board.o) (xprintf_setup)
obj_socket_24/gnu_arcem9d_wei_r16/libembarc.a(xprintf.o)
                              obj_socket_24/gnu_arcem9d_wei_r16/libembarc.a(console_io.o) (xfunc_out)
obj_socket_24/gnu_arcem9d_wei_r16/libembarc.a(event.o)
                              obj_socket_24/gnu_arcem9d_wei_r16/app/scenario_app/event_handler/event_handler.o (infra_evt_create)
obj_socket_24/gnu_arcem9d_wei_r16/libembarc.a(i2c_comm.o)
                              obj_socket_24/gnu_arcem9d_wei_r16/app/scenario_app/event_handler/evt_i2ccomm/evt_i2ccomm.o (hx_lib_i2ccomm_init)
obj_socket_24/gnu_arcem9d_wei_r16/libembarc.a(ccitt_crc16.o)
                              obj_socket_24/gnu_arcem9d_wei_r16/libembarc.a(i2c_comm.o) (crc16_ccitt)
obj_socket_24/gnu_arcem9d_wei_r16/libembarc.a(ota.o)
                              obj_socket_24/gnu_arcem9d_wei_r16/app/scenario_app/event_handler/evt_i2ccomm/evt_i2ccomm.o (hx_boot_branch)
obj_socket_24/gnu_arcem9d_wei_r16/libembarc.a(powermode.o)
                              obj_socket_24/gnu_arcem9d_wei_r16//./src/synopsys_sdk_camera_drv.o (hx_lib_get_defcfg_bymode)
obj_socket_24/gnu_arcem9d_wei_r16/libembarc.a(sensor_dp_lib.o)
[...]
Memory Configuration

Name             Origin             Length             Attributes
ICCM0            0x0000000000000000 0x0000000000010000
ICCM1            0x0000000010000000 0x0000000000050000
SYSTEM0          0x0000000020020800 0x00000000000e9af0
DCCM             0x0000000080000000 0x0000000000040000
XCCM             0x0000000090000000 0x0000000000008000
YCCM             0x00000000a0000000 0x0000000000008000
*default*        0x0000000000000000 0xffffffffffffffff

Linker script and memory map

LOAD /home/coherent/Downloads/arc_gnu_2019.09_ide_linux_install/bin/../lib/gcc/arc-elf32/9.2.1/../../../../arc-elf32/lib/em4_fpus/libm.a

.ivt            0x0000000010000004      0x148
 *(.init_vector)
 *(.init_bootstrap)
 .init_bootstrap
                0x0000000010000004      0x148 obj_socket_24/gnu_arcem9d_wei_r16/libembarc.a(arc_startup.o)
                0x0000000010000004                _arc_start
                0x0000000010000004                _arc_reset
                0x0000000010000138                _arc_exit_halt
                0x0000000010000138                _exit_loop

.vector         0x0000000010000400      0x400
                0x0000000010000400                . = ALIGN (0x400)
 *(.vector)
 .vector        0x0000000010000400      0x400 obj_socket_24/gnu_arcem9d_wei_r16/libembarc.a(arc_exception.o)
                0x0000000010000400                exc_entry_table

.hash
 *(.hash)

.dynsym
 *(.dynsym)

.dynstr
 *(.dynstr)

.gnu.version
 *(.gnu.version)

.gnu.version_d
 *(.gnu.version_d)

.gnu.version_r
 *(.gnu.version_r)

.rel.init
 *(.rel.init)

.rela.init
 *(.rela.init)

.rel.text
 *(.rel.text .rel.text.* .rel.gnu.linkonce.t.*)

.rela.text
 *(.rela.text .rela.text.* .rela.gnu.linkonce.t.*)

.rel.fini
 *(.rel.fini)

.rela.fini
 *(.rela.fini)

.rel.rodata
 *(.rel.rodata .rel.rodata.* .rel.gnu.linkonce.r.*)

.rela.rodata
 *(.rela.rodata .rela.rodata.* .rela.gnu.linkonce.r.*)

.rel.data
 *(.rel.data .rel.data.* .rel.gnu.linkonce.d.*)

.rela.data
 *(.rela.data .rela.data.* .rela.gnu.linkonce.d.*)

.rel.tdata
 *(.rel.tdata .rel.tdata.* .rel.gnu.linkonce.td.*)

.rela.tdata
 *(.rela.tdata .rela.tdata.* .rela.gnu.linkonce.td.*)

.rel.tbss
 *(.rel.tbss .rel.tbss.* .rel.gnu.linkonce.tb.*)

.rela.tbss
 *(.rela.tbss .rela.tbss.* .rela.gnu.linkonce.tb.*)

.rel.ctors
 *(.rel.ctors)

.rela.ctors
 *(.rela.ctors)

.rel.dtors
 *(.rel.dtors)

.rela.dtors
 *(.rela.dtors)

.rel.got
 *(.rel.got)

.rela.got
 *(.rela.got)

.rel.sdata
 *(.rel.sdata .rel.sdata.* .rel.gnu.linkonce.s.*)

.rela.sdata
 *(.rela.sdata .rela.sdata.* .rela.gnu.linkonce.s.*)

.rel.sbss
 *(.rel.sbss .rel.sbss.* .rel.gnu.linkonce.sb.*)

.rela.sbss
 *(.rela.sbss .rela.sbss.* .rela.gnu.linkonce.sb.*)

.rel.sdata2
 *(.rel.sdata2 .rel.sdata2.* .rel.gnu.linkonce.s2.*)

.rela.sdata2
 *(.rela.sdata2 .rela.sdata2.* .rela.gnu.linkonce.s2.*)

.rel.sbss2
 *(.rel.sbss2 .rel.sbss2.* .rel.gnu.linkonce.sb2.*)

.rela.sbss2
 *(.rela.sbss2 .rela.sbss2.* .rela.gnu.linkonce.sb2.*)

.rel.bss
 *(.rel.bss .rel.bss.* .rel.gnu.linkonce.b.*)

.rela.bss
 *(.rela.bss .rela.bss.* .rela.gnu.linkonce.b.*)

.text           0x0000000010000800    0x1c85c
                0x0000000010000800                . = ALIGN (0x4)
                0x0000000010000800                PROVIDE (_f_text = .)
 *(TYPE bss)
 *(SORT_NONE(.init))
                0x0000000010000800                . = ALIGN (0x4)
 *crt0.o(.text.__startup)
                0x0000000010000800                . = ALIGN (0x4)
 *(.text .stub .text.* .gnu.linkonce.t.*)
 .text.app_copy_sensor_default_cfg
                0x0000000010000800       0xf0 obj_socket_24/gnu_arcem9d_wei_r16//./src/app_cis_sensor_defcfg.o
                0x0000000010000800                app_copy_sensor_default_cfg
 .text.CRC8     0x00000000100008f0      0x10c obj_socket_24/gnu_arcem9d_wei_r16//./src/iot_custom_config_crc_chksum.o
                0x00000000100008f0                CRC8
 .text.HxGetCRC8
                0x00000000100009fc       0x34 obj_socket_24/gnu_arcem9d_wei_r16//./src/iot_custom_config_crc_chksum.o
                0x00000000100009fc                HxGetCRC8
 .text.app_we1_default_cfg
                0x0000000010000a30      0x59c obj_socket_24/gnu_arcem9d_wei_r16//./src/iot_custom_defconfig.o
                0x0000000010000a30                app_we1_default_cfg
 .text.app_iot_table_def_config
                0x0000000010000fcc       0xa8 obj_socket_24/gnu_arcem9d_wei_r16//./src/iot_custom_defconfig.o
                0x0000000010000fcc                app_iot_table_def_config
 .text.app_algo_table_def_config
                0x0000000010001074       0x30 obj_socket_24/gnu_arcem9d_wei_r16//./src/iot_custom_defconfig.o
                0x0000000010001074                app_algo_table_def_config
 .text.startup.main
                0x00000000100010a4      0x408 obj_socket_24/gnu_arcem9d_wei_r16//./src/main.o
                0x00000000100010a4                main
 .text.app_set_dp_mclk_src
                0x00000000100014ac       0x3c obj_socket_24/gnu_arcem9d_wei_r16//./src/synopsys_sdk_camera_drv.o
                0x00000000100014ac                app_set_dp_mclk_src
 .text.app_load_cfg_from_flash
                0x00000000100014e8      0x20c obj_socket_24/gnu_arcem9d_wei_r16//./src/synopsys_sdk_camera_drv.o
                0x00000000100014e8                app_load_cfg_from_flash
 .text.app_get_xshutdown
                0x00000000100016f4       0x1c obj_socket_24/gnu_arcem9d_wei_r16//./src/synopsys_sdk_camera_drv.o
                0x00000000100016f4                app_get_xshutdown
 .text.app_init_dpcbflag
                0x0000000010001710       0x64 obj_socket_24/gnu_arcem9d_wei_r16//./src/synopsys_sdk_camera_drv.o
                0x0000000010001710                app_init_dpcbflag
 .text.app_init_flag
                0x0000000010001774       0x4c obj_socket_24/gnu_arcem9d_wei_r16//./src/synopsys_sdk_camera_drv.o
                0x0000000010001774                app_init_flag
 .text.synopsys_camera_start_capture
                0x00000000100017c0       0x60 obj_socket_24/gnu_arcem9d_wei_r16//./src/synopsys_sdk_camera_drv.o
                0x00000000100017c0                synopsys_camera_start_capture
 .text.app_iot_facedetect_systemreset
                0x0000000010001820        0x8 obj_socket_24/gnu_arcem9d_wei_r16//./src/synopsys_sdk_camera_drv.o
                0x0000000010001820                app_iot_facedetect_systemreset
 .text.app_sensor_xsleep_ctrl
                0x0000000010001828       0x40 obj_socket_24/gnu_arcem9d_wei_r16//./src/synopsys_sdk_camera_drv.o
                0x0000000010001828                app_sensor_xsleep_ctrl
 .text.app_sensor_streaming
                0x0000000010001868       0x44 obj_socket_24/gnu_arcem9d_wei_r16//./src/synopsys_sdk_camera_drv.o
                0x0000000010001868                app_sensor_streaming
 .text.app_get_sensor_id
                0x00000000100018ac       0x78 obj_socket_24/gnu_arcem9d_wei_r16//./src/synopsys_sdk_camera_drv.o
                0x00000000100018ac                app_get_sensor_id
 .text.app_sensor_strobe_on
                0x0000000010001924       0x70 obj_socket_24/gnu_arcem9d_wei_r16//./src/synopsys_sdk_camera_drv.o
                0x0000000010001924                app_sensor_strobe_on
 .text.app_sensor_standby
                0x0000000010001994       0x44 obj_socket_24/gnu_arcem9d_wei_r16//./src/synopsys_sdk_camera_drv.o
                0x0000000010001994                app_sensor_standby
 .text.app_config_sensor_all
                0x00000000100019d8       0x40 obj_socket_24/gnu_arcem9d_wei_r16//./src/synopsys_sdk_camera_drv.o
                0x00000000100019d8                app_config_sensor_all
 .text.app_config_sensor_WE1_rx
                0x0000000010001a18       0xf4 obj_socket_24/gnu_arcem9d_wei_r16//./src/synopsys_sdk_camera_drv.o
                0x0000000010001a18                app_config_sensor_WE1_rx
 .text.app_rx_set_wlcsp38_sharepin
                0x0000000010001b0c       0x4c obj_socket_24/gnu_arcem9d_wei_r16//./src/synopsys_sdk_camera_drv.o
                0x0000000010001b0c                app_rx_set_wlcsp38_sharepin
 .text.synopsys_camera_init
                0x0000000010001b58      0x1f4 obj_socket_24/gnu_arcem9d_wei_r16//./src/synopsys_sdk_camera_drv.o
                0x0000000010001b58                synopsys_camera_init
 .text.app_sensor_xshutdown_toggle
                0x0000000010001d4c       0x5c obj_socket_24/gnu_arcem9d_wei_r16//./src/synopsys_sdk_camera_drv.o
                0x0000000010001d4c                app_sensor_xshutdown_toggle
 .text.app_1bitparser_err_info
                0x0000000010001da8      0x124 obj_socket_24/gnu_arcem9d_wei_r16//./src/synopsys_sdk_camera_drv.o
                0x0000000010001da8                app_1bitparser_err_info
 .text.cis_raw_algo_check
                0x0000000010001ecc      0x1e4 obj_socket_24/gnu_arcem9d_wei_r16//./src/synopsys_sdk_camera_drv.o
                0x0000000010001ecc                cis_raw_algo_check
 .text.synopsys_camera_down_scaling
                0x00000000100020b0       0xa8 obj_socket_24/gnu_arcem9d_wei_r16//./src/synopsys_sdk_camera_drv.o
                0x00000000100020b0                synopsys_camera_down_scaling
 .text.synopsys_camera_evt_handler
                0x0000000010002158      0x124 obj_socket_24/gnu_arcem9d_wei_r16//./src/synopsys_sdk_camera_event_handler.o
                0x0000000010002158                synopsys_camera_evt_handler
 .text.idle     0x000000001000227c        0x4 obj_socket_24/gnu_arcem9d_wei_r16/app/scenario_app/event_handler/event_handler.o
 .text.event_handler_init
                0x0000000010002280      0x8ac obj_socket_24/gnu_arcem9d_wei_r16/app/scenario_app/event_handler/event_handler.o
                0x0000000010002280                event_handler_init
 .text.event_dplib_cb
                0x0000000010002b2c      0x150 obj_socket_24/gnu_arcem9d_wei_r16/app/scenario_app/event_handler/evt_datapath/evt_datapath.o
 .text.evt_dp_clear_all_dpevent
                0x0000000010002c7c       0x20 obj_socket_24/gnu_arcem9d_wei_r16/app/scenario_app/event_handler/evt_datapath/evt_datapath.o
                0x0000000010002c7c                evt_dp_clear_all_dpevent
 .text.evt_dp_clear_sensor_rtc
                0x0000000010002c9c       0x18 obj_socket_24/gnu_arcem9d_wei_r16/app/scenario_app/event_handler/evt_datapath/evt_datapath.o
                0x0000000010002c9c                evt_dp_clear_sensor_rtc
 .text.evt_1bitParser_err_cb
                0x0000000010002cb4       0x30 obj_socket_24/gnu_arcem9d_wei_r16/app/scenario_app/event_handler/evt_datapath/evt_datapath.o
                0x0000000010002cb4                evt_1bitParser_err_cb
 .text.evt_CDM_fifo_err_cb
                0x0000000010002ce4       0x30 obj_socket_24/gnu_arcem9d_wei_r16/app/scenario_app/event_handler/evt_datapath/evt_datapath.o
                0x0000000010002ce4                evt_CDM_fifo_err_cb
 .text.evt_WDMA1_err_cb
                0x0000000010002d14       0x30 obj_socket_24/gnu_arcem9d_wei_r16/app/scenario_app/event_handler/evt_datapath/evt_datapath.o
                0x0000000010002d14                evt_WDMA1_err_cb
 .text.evt_WDMA2_err_cb
                0x0000000010002d44       0x30 obj_socket_24/gnu_arcem9d_wei_r16/app/scenario_app/event_handler/evt_datapath/evt_datapath.o
                0x0000000010002d44                evt_WDMA2_err_cb
 .text.evt_WDMA3_err_cb
                0x0000000010002d74       0x30 obj_socket_24/gnu_arcem9d_wei_r16/app/scenario_app/event_handler/evt_datapath/evt_datapath.o
                0x0000000010002d74                evt_WDMA3_err_cb
 .text.evt_RDMA_err_cb
                0x0000000010002da4       0x30 obj_socket_24/gnu_arcem9d_wei_r16/app/scenario_app/event_handler/evt_datapath/evt_datapath.o
                0x0000000010002da4                evt_RDMA_err_cb
 .text.evt_RSDMA_err_cb
                0x0000000010002dd4       0x30 obj_socket_24/gnu_arcem9d_wei_r16/app/scenario_app/event_handler/evt_datapath/evt_datapath.o
                0x0000000010002dd4                evt_RSDMA_err_cb
 .text.evt_HOGDMA_err_cb
                0x0000000010002e04       0x30 obj_socket_24/gnu_arcem9d_wei_r16/app/scenario_app/event_handler/evt_datapath/evt_datapath.o
                0x0000000010002e04                evt_HOGDMA_err_cb
 .text.evt_EDM_WDT1_err_cb
                0x0000000010002e34       0x30 obj_socket_24/gnu_arcem9d_wei_r16/app/scenario_app/event_handler/evt_datapath/evt_datapath.o
                0x0000000010002e34                evt_EDM_WDT1_err_cb
 .text.evt_EDM_WDT2_err_cb
                0x0000000010002e64       0x30 obj_socket_24/gnu_arcem9d_wei_r16/app/scenario_app/event_handler/evt_datapath/evt_datapath.o
                0x0000000010002e64                evt_EDM_WDT2_err_cb
 .text.evt_EDM_WDT3_err_cb
                0x0000000010002e94       0x30 obj_socket_24/gnu_arcem9d_wei_r16/app/scenario_app/event_handler/evt_datapath/evt_datapath.o
                0x0000000010002e94                evt_EDM_WDT3_err_cb
 .text.evt_CDM_Motion_cb
                0x0000000010002ec4       0x30 obj_socket_24/gnu_arcem9d_wei_r16/app/scenario_app/event_handler/evt_datapath/evt_datapath.o
                0x0000000010002ec4                evt_CDM_Motion_cb
 .text.evt_RSDMA_Ready_cb
                0x0000000010002ef4       0x30 obj_socket_24/gnu_arcem9d_wei_r16/app/scenario_app/event_handler/evt_datapath/evt_datapath.o
                0x0000000010002ef4                evt_RSDMA_Ready_cb
 .text.evt_HOGDMA_Ready_cb
                0x0000000010002f24       0x30 obj_socket_24/gnu_arcem9d_wei_r16/app/scenario_app/event_handler/evt_datapath/evt_datapath.o
                0x0000000010002f24                evt_HOGDMA_Ready_cb
 .text.evt_Sensor_RTC_Fire_cb
                0x0000000010002f54       0x1c obj_socket_24/gnu_arcem9d_wei_r16/app/scenario_app/event_handler/evt_datapath/evt_datapath.o
                0x0000000010002f54                evt_Sensor_RTC_Fire_cb
 .text.evt_xDMA_FrameReady_cb
                0x0000000010002f70       0x1c obj_socket_24/gnu_arcem9d_wei_r16/app/scenario_app/event_handler/evt_datapath/evt_datapath.o
                0x0000000010002f70                evt_xDMA_FrameReady_cb
 .text.evt_PGPIO0_cb
                0x0000000010002f8c       0x1c obj_socket_24/gnu_arcem9d_wei_r16/app/scenario_app/event_handler/evt_datapath/evt_datapath.o
                0x0000000010002f8c                evt_PGPIO0_cb
 .text.evt_PGPIO1_cb
                0x0000000010002fa8       0x1c obj_socket_24/gnu_arcem9d_wei_r16/app/scenario_app/event_handler/evt_datapath/evt_datapath.o
                0x0000000010002fa8                evt_PGPIO1_cb
 .text.evt_PGPIO2_cb
                0x0000000010002fc4       0x1c obj_socket_24/gnu_arcem9d_wei_r16/app/scenario_app/event_handler/evt_datapath/evt_datapath.o
                0x0000000010002fc4                evt_PGPIO2_cb
 .text.evt_PGPIO3_cb
                0x0000000010002fe0       0x1c obj_socket_24/gnu_arcem9d_wei_r16/app/scenario_app/event_handler/evt_datapath/evt_datapath.o
                0x0000000010002fe0                evt_PGPIO3_cb
 .text.evt_PGPIO4_cb
                0x0000000010002ffc       0x1c obj_socket_24/gnu_arcem9d_wei_r16/app/scenario_app/event_handler/evt_datapath/evt_datapath.o
                0x0000000010002ffc                evt_PGPIO4_cb
 .text.evt_PGPIO5_cb
                0x0000000010003018       0x1c obj_socket_24/gnu_arcem9d_wei_r16/app/scenario_app/event_handler/evt_datapath/evt_datapath.o
                0x0000000010003018                evt_PGPIO5_cb
 .text.evt_PGPIO6_cb
                0x0000000010003034       0x1c obj_socket_24/gnu_arcem9d_wei_r16/app/scenario_app/event_handler/evt_datapath/evt_datapath.o
                0x0000000010003034                evt_PGPIO6_cb
 .text.evt_PGPIO7_cb
                0x0000000010003050       0x1c obj_socket_24/gnu_arcem9d_wei_r16/app/scenario_app/event_handler/evt_datapath/evt_datapath.o
                0x0000000010003050                evt_PGPIO7_cb
 .text.evt_PGPIO8_cb
                0x000000001000306c       0x1c obj_socket_24/gnu_arcem9d_wei_r16/app/scenario_app/event_handler/evt_datapath/evt_datapath.o
                0x000000001000306c                evt_PGPIO8_cb
 .text.evt_PGPIO9_cb
                0x0000000010003088       0x1c obj_socket_24/gnu_arcem9d_wei_r16/app/scenario_app/event_handler/evt_datapath/evt_datapath.o
                0x0000000010003088                evt_PGPIO9_cb
 .text.evt_PGPIO10_cb
                0x00000000100030a4       0x1c obj_socket_24/gnu_arcem9d_wei_r16/app/scenario_app/event_handler/evt_datapath/evt_datapath.o
                0x00000000100030a4                evt_PGPIO10_cb
 .text.evt_PGPIO11_cb
                0x00000000100030c0       0x1c obj_socket_24/gnu_arcem9d_wei_r16/app/scenario_app/event_handler/evt_datapath/evt_datapath.o
                0x00000000100030c0                evt_PGPIO11_cb
 .text.evt_PGPIO12_cb
                0x00000000100030dc       0x1c obj_socket_24/gnu_arcem9d_wei_r16/app/scenario_app/event_handler/evt_datapath/evt_datapath.o
                0x00000000100030dc                evt_PGPIO12_cb
 .text.evt_PGPIO13_cb
                0x00000000100030f8       0x1c obj_socket_24/gnu_arcem9d_wei_r16/app/scenario_app/event_handler/evt_datapath/evt_datapath.o
                0x00000000100030f8                evt_PGPIO13_cb
 .text.evt_PGPIO14_cb
                0x0000000010003114       0x1c obj_socket_24/gnu_arcem9d_wei_r16/app/scenario_app/event_handler/evt_datapath/evt_datapath.o
                0x0000000010003114                evt_PGPIO14_cb
 .text.evt_SGPIO0_cb
                0x0000000010003130       0x1c obj_socket_24/gnu_arcem9d_wei_r16/app/scenario_app/event_handler/evt_datapath/evt_datapath.o
                0x0000000010003130                evt_SGPIO0_cb
 .text.evt_SGPIO1_cb
                0x000000001000314c       0x1c obj_socket_24/gnu_arcem9d_wei_r16/app/scenario_app/event_handler/evt_datapath/evt_datapath.o
                0x000000001000314c                evt_SGPIO1_cb
 .text.evt_ADC_Ch0_cb
                0x0000000010003168       0x24 obj_socket_24/gnu_arcem9d_wei_r16/app/scenario_app/event_handler/evt_datapath/evt_datapath.o
                0x0000000010003168                evt_ADC_Ch0_cb
 .text.evt_ADC_Ch1_cb
                0x000000001000318c       0x24 obj_socket_24/gnu_arcem9d_wei_r16/app/scenario_app/event_handler/evt_datapath/evt_datapath.o
                0x000000001000318c                evt_ADC_Ch1_cb
 .text.evt_ADC_Ch2_cb
                0x00000000100031b0       0x24 obj_socket_24/gnu_arcem9d_wei_r16/app/scenario_app/event_handler/evt_datapath/evt_datapath.o
                0x00000000100031b0                evt_ADC_Ch2_cb
 .text.evt_ADC_Ch3_cb
                0x00000000100031d4       0x24 obj_socket_24/gnu_arcem9d_wei_r16/app/scenario_app/event_handler/evt_datapath/evt_datapath.o
                0x00000000100031d4                evt_ADC_Ch3_cb
 .text.evt_ADC_CFG_cb
                0x00000000100031f8       0x24 obj_socket_24/gnu_arcem9d_wei_r16/app/scenario_app/event_handler/evt_datapath/evt_datapath.o
                0x00000000100031f8                evt_ADC_CFG_cb
 .text.evt_SensorRTC_cb
                0x000000001000321c       0x24 obj_socket_24/gnu_arcem9d_wei_r16/app/scenario_app/event_handler/evt_datapath/evt_datapath.o
                0x000000001000321c                evt_SensorRTC_cb
 .text.evt_ADCRTC_cb
                0x0000000010003240       0x24 obj_socket_24/gnu_arcem9d_wei_r16/app/scenario_app/event_handler/evt_datapath/evt_datapath.o
                0x0000000010003240                evt_ADCRTC_cb
 .text.hx_dplib_evthandler_register_cb
                0x0000000010003264       0x14 obj_socket_24/gnu_arcem9d_wei_r16/app/scenario_app/event_handler/evt_datapath/evt_datapath.o
                0x0000000010003264                hx_dplib_evthandler_register_cb
 .text.evt_i2ccomm_tx_cb
                0x0000000010003278        0xc obj_socket_24/gnu_arcem9d_wei_r16/app/scenario_app/event_handler/evt_i2ccomm/evt_i2ccomm.o
                0x0000000010003278                evt_i2ccomm_tx_cb
 .text.i2ccomm_callback_fun_err
                0x0000000010003284        0xc obj_socket_24/gnu_arcem9d_wei_r16/app/scenario_app/event_handler/evt_i2ccomm/evt_i2ccomm.o
 .text.i2ccomm_callback_fun_rx
                0x0000000010003290        0xc obj_socket_24/gnu_arcem9d_wei_r16/app/scenario_app/event_handler/evt_i2ccomm/evt_i2ccomm.o
 .text.i2ccomm_callback_fun_tx
                0x000000001000329c        0xc obj_socket_24/gnu_arcem9d_wei_r16/app/scenario_app/event_handler/evt_i2ccomm/evt_i2ccomm.o
 .text.evt_i2ccomm_init
                0x00000000100032a8       0x48 obj_socket_24/gnu_arcem9d_wei_r16/app/scenario_app/event_handler/evt_i2ccomm/evt_i2ccomm.o
                0x00000000100032a8                evt_i2ccomm_init
 .text.evt_i2ccomm_err_cb
                0x00000000100032f0        0x4 obj_socket_24/gnu_arcem9d_wei_r16/app/scenario_app/event_handler/evt_i2ccomm/evt_i2ccomm.o
                0x00000000100032f0                evt_i2ccomm_err_cb
 .text.evt_i2ccomm_rx_cb
                0x00000000100032f4      0x668 obj_socket_24/gnu_arcem9d_wei_r16/app/scenario_app/event_handler/evt_i2ccomm/evt_i2ccomm.o
                0x00000000100032f4                evt_i2ccomm_rx_cb
 .text.set_cfg_sub_cmd
                0x000000001000395c       0x80 obj_socket_24/gnu_arcem9d_wei_r16/app/scenario_app/event_handler/evt_peripheral_cmd/peripheral_cmd_handler.o
                0x000000001000395c                set_cfg_sub_cmd
 .text.transmit_func
                0x00000000100039dc       0x58 obj_socket_24/gnu_arcem9d_wei_r16/app/scenario_app/event_handler/evt_peripheral_cmd/peripheral_cmd_handler.o
                0x00000000100039dc                transmit_func
 .text.get_cfg_sub_cmd
                0x0000000010003a34       0x8c obj_socket_24/gnu_arcem9d_wei_r16/app/scenario_app/event_handler/evt_peripheral_cmd/peripheral_cmd_handler.o
                0x0000000010003a34                get_cfg_sub_cmd
 .text.set_debug_mode_cmd
                0x0000000010003ac0       0x74 obj_socket_24/gnu_arcem9d_wei_r16/app/scenario_app/event_handler/evt_peripheral_cmd/peripheral_cmd_handler.o
                0x0000000010003ac0                set_debug_mode_cmd
 .text.read_cmd_handler
                0x0000000010003b34      0x1cc obj_socket_24/gnu_arcem9d_wei_r16/app/scenario_app/event_handler/evt_peripheral_cmd/peripheral_cmd_handler.o
                0x0000000010003b34                read_cmd_handler
 .text.hx_drv_dp_init
                0x0000000010003d00        0x4 obj_socket_24/gnu_arcem9d_wei_r16/libembarc.a(hx_drv_dp.o)
                0x0000000010003d00                hx_drv_dp_init
 .text.hx_drv_dp_set_MuxCfg
                0x0000000010003d04       0x70 obj_socket_24/gnu_arcem9d_wei_r16/libembarc.a(hx_drv_dp.o)
                0x0000000010003d04                hx_drv_dp_set_MuxCfg
 .text.hx_drv_dp_dp_start_swreset
                0x0000000010003d74       0x1c obj_socket_24/gnu_arcem9d_wei_r16/libembarc.a(hx_drv_dp.o)
                0x0000000010003d74                hx_drv_dp_dp_start_swreset
 .text.hx_drv_dp_dp_stop_swreset
                0x0000000010003d90       0x28 obj_socket_24/gnu_arcem9d_wei_r16/libembarc.a(hx_drv_dp.o)
                0x0000000010003d90                hx_drv_dp_dp_stop_swreset
 .text.hx_drv_dp_get_rx_clk_src
                0x0000000010003db8       0x14 obj_socket_24/gnu_arcem9d_wei_r16/libembarc.a(hx_drv_dp.o)
                0x0000000010003db8                hx_drv_dp_get_rx_clk_src
 .text.hx_drv_dp_set_mclk_src
                0x0000000010003dcc       0x30 obj_socket_24/gnu_arcem9d_wei_r16/libembarc.a(hx_drv_dp.o)
                0x0000000010003dcc                hx_drv_dp_set_mclk_src
 .text.hx_drv_dp_set_dp_clk_src
                0x0000000010003dfc       0x1c obj_socket_24/gnu_arcem9d_wei_r16/libembarc.a(hx_drv_dp.o)
                0x0000000010003dfc                hx_drv_dp_set_dp_clk_src
 .text.iomux_isr_pgpio0
                0x0000000010003e18       0x10 obj_socket_24/gnu_arcem9d_wei_r16/libembarc.a(hx_drv_iomux.o)
 .text.iomux_isr_pgpio1
                0x0000000010003e28       0x10 obj_socket_24/gnu_arcem9d_wei_r16/libembarc.a(hx_drv_iomux.o)
 .text.iomux_isr_pgpio2
                0x0000000010003e38       0x10 obj_socket_24/gnu_arcem9d_wei_r16/libembarc.a(hx_drv_iomux.o)
 .text.iomux_isr_pgpio3
                0x0000000010003e48       0x10 obj_socket_24/gnu_arcem9d_wei_r16/libembarc.a(hx_drv_iomux.o)
 .text.iomux_isr_pgpio4
                0x0000000010003e58       0x10 obj_socket_24/gnu_arcem9d_wei_r16/libembarc.a(hx_drv_iomux.o)
 .text.iomux_isr_pgpio5
                0x0000000010003e68       0x10 obj_socket_24/gnu_arcem9d_wei_r16/libembarc.a(hx_drv_iomux.o)
 .text.iomux_isr_pgpio6
                0x0000000010003e78       0x10 obj_socket_24/gnu_arcem9d_wei_r16/libembarc.a(hx_drv_iomux.o)
 .text.iomux_isr_pgpio7
                0x0000000010003e88       0x10 obj_socket_24/gnu_arcem9d_wei_r16/libembarc.a(hx_drv_iomux.o)
 .text.iomux_isr_pgpio8
                0x0000000010003e98       0x10 obj_socket_24/gnu_arcem9d_wei_r16/libembarc.a(hx_drv_iomux.o)
 .text.iomux_isr_pgpio9
                0x0000000010003ea8       0x10 obj_socket_24/gnu_arcem9d_wei_r16/libembarc.a(hx_drv_iomux.o)
 .text.iomux_isr_pgpio10
                0x0000000010003eb8       0x10 obj_socket_24/gnu_arcem9d_wei_r16/libembarc.a(hx_drv_iomux.o)
 .text.iomux_isr_pgpio11
                0x0000000010003ec8       0x10 obj_socket_24/gnu_arcem9d_wei_r16/libembarc.a(hx_drv_iomux.o)
 .text.iomux_isr_pgpio12
                0x0000000010003ed8       0x10 obj_socket_24/gnu_arcem9d_wei_r16/libembarc.a(hx_drv_iomux.o)
 .text.iomux_isr_pgpio13
                0x0000000010003ee8       0x10 obj_socket_24/gnu_arcem9d_wei_r16/libembarc.a(hx_drv_iomux.o)
 .text.iomux_isr_pgpio14
                0x0000000010003ef8       0x10 obj_socket_24/gnu_arcem9d_wei_r16/libembarc.a(hx_drv_iomux.o)
 .text.iomux_isr_sgpio0
                0x0000000010003f08       0x10 obj_socket_24/gnu_arcem9d_wei_r16/libembarc.a(hx_drv_iomux.o)
 .text.iomux_isr_sgpio1
                0x0000000010003f18       0x10 obj_socket_24/gnu_arcem9d_wei_r16/libembarc.a(hx_drv_iomux.o)
 .text.hx_drv_iomux_init
                0x0000000010003f28      0x1dc obj_socket_24/gnu_arcem9d_wei_r16/libembarc.a(hx_drv_iomux.o)
                0x0000000010003f28                hx_drv_iomux_init
 .text.hx_drv_iomux_set_pmux
                0x0000000010004104       0x5c obj_socket_24/gnu_arcem9d_wei_r16/libembarc.a(hx_drv_iomux.o)
                0x0000000010004104                hx_drv_iomux_set_pmux
 .text.hx_drv_iomux_set_outvalue
                0x0000000010004160       0x38 obj_socket_24/gnu_arcem9d_wei_r16/libembarc.a(hx_drv_iomux.o)
                0x0000000010004160                hx_drv_iomux_set_outvalue
 .text.hx_drv_iomux_get_invalue
                0x0000000010004198       0x38 obj_socket_24/gnu_arcem9d_wei_r16/libembarc.a(hx_drv_iomux.o)
                0x0000000010004198                hx_drv_iomux_get_invalue
 .text.dfss_uart_0_install
                0x00000000100041d0       0x54 obj_socket_24/gnu_arcem9d_wei_r16/libembarc.a(hx_drv_uart.o)
 .text.dfss_uart_1_install
                0x0000000010004224       0x54 obj_socket_24/gnu_arcem9d_wei_r16/libembarc.a(hx_drv_uart.o)
 .text.dfss_uart_0_read_nonblock
                0x0000000010004278       0x10 obj_socket_24/gnu_arcem9d_wei_r16/libembarc.a(hx_drv_uart.o)
 .text.dfss_uart_1_read_nonblock
                0x0000000010004288       0x10 obj_socket_24/gnu_arcem9d_wei_r16/libembarc.a(hx_drv_uart.o)
 .text.dfss_uart_0_read
                0x0000000010004298       0x10 obj_socket_24/gnu_arcem9d_wei_r16/libembarc.a(hx_drv_uart.o)
 .text.dfss_uart_1_read
                0x00000000100042a8       0x10 obj_socket_24/gnu_arcem9d_wei_r16/libembarc.a(hx_drv_uart.o)
 .text.dfss_uart_0_write
                0x00000000100042b8       0x10 obj_socket_24/gnu_arcem9d_wei_r16/libembarc.a(hx_drv_uart.o)
 .text.dfss_uart_1_write
                0x00000000100042c8       0x10 obj_socket_24/gnu_arcem9d_wei_r16/libembarc.a(hx_drv_uart.o)
 .text.dfss_uart_0_control
                0x00000000100042d8       0x10 obj_socket_24/gnu_arcem9d_wei_r16/libembarc.a(hx_drv_uart.o)
 .text.dfss_uart_1_control
                0x00000000100042e8       0x10 obj_socket_24/gnu_arcem9d_wei_r16/libembarc.a(hx_drv_uart.o)
 .text.dfss_uart_0_close
                0x00000000100042f8        0xc obj_socket_24/gnu_arcem9d_wei_r16/libembarc.a(hx_drv_uart.o)
 .text.dfss_uart_1_close
                0x0000000010004304        0xc obj_socket_24/gnu_arcem9d_wei_r16/libembarc.a(hx_drv_uart.o)
 .text.dfss_uart_0_open
                0x0000000010004310        0xc obj_socket_24/gnu_arcem9d_wei_r16/libembarc.a(hx_drv_uart.o)
 .text.dfss_uart_1_open
                0x000000001000431c        0xc obj_socket_24/gnu_arcem9d_wei_r16/libembarc.a(hx_drv_uart.o)
 .text.uart_err_cb0
                0x0000000010004328        0xc obj_socket_24/gnu_arcem9d_wei_r16/libembarc.a(hx_drv_uart.o)
 .text.uart_err_cb1
                0x0000000010004334        0xc obj_socket_24/gnu_arcem9d_wei_r16/libembarc.a(hx_drv_uart.o)
 .text.uart_rx_cb0
                0x0000000010004340        0xc obj_socket_24/gnu_arcem9d_wei_r16/libembarc.a(hx_drv_uart.o)
 .text.uart_rx_cb1
                0x000000001000434c        0xc obj_socket_24/gnu_arcem9d_wei_r16/libembarc.a(hx_drv_uart.o)
 .text.uart_tx_cb0
                0x0000000010004358        0xc obj_socket_24/gnu_arcem9d_wei_r16/libembarc.a(hx_drv_uart.o)
 .text.uart_tx_cb1
                0x0000000010004364        0xc obj_socket_24/gnu_arcem9d_wei_r16/libembarc.a(hx_drv_uart.o)
 .text.hx_drv_uart_init
                0x0000000010004370       0x60 obj_socket_24/gnu_arcem9d_wei_r16/libembarc.a(hx_drv_uart.o)
                0x0000000010004370                hx_drv_uart_init
 .text.hx_drv_uart_get_dev
                0x00000000100043d0       0x48 obj_socket_24/gnu_arcem9d_wei_r16/libembarc.a(hx_drv_uart.o)
                0x00000000100043d0                hx_drv_uart_get_dev
 .text.hx_drv_ckgen_init
                0x0000000010004418        0xc obj_socket_24/gnu_arcem9d_wei_r16/libembarc.a(hx_drv_ckgen.o)
                0x0000000010004418                hx_drv_ckgen_init
 .text.hx_drv_ckgen_set_gated
                0x0000000010004424       0x4c obj_socket_24/gnu_arcem9d_wei_r16/libembarc.a(hx_drv_ckgen.o)
                0x0000000010004424                hx_drv_ckgen_set_gated
 .text.hx_drv_ckgen_set_div
                0x0000000010004470       0xe8 obj_socket_24/gnu_arcem9d_wei_r16/libembarc.a(hx_drv_ckgen.o)
                0x0000000010004470                hx_drv_ckgen_set_div
 .text.hx_drv_ckgen_set_sel
                0x0000000010004558       0x30 obj_socket_24/gnu_arcem9d_wei_r16/libembarc.a(hx_drv_ckgen.o)
                0x0000000010004558                hx_drv_ckgen_set_sel
 .text.hx_drv_swrst_init
                0x0000000010004588        0xc obj_socket_24/gnu_arcem9d_wei_r16/libembarc.a(hx_drv_ckgen.o)
                0x0000000010004588                hx_drv_swrst_init
 .text.hx_drv_swrst_en
                0x0000000010004594       0x44 obj_socket_24/gnu_arcem9d_wei_r16/libembarc.a(hx_drv_ckgen.o)
                0x0000000010004594                hx_drv_swrst_en
 .text.hx_drv_edm_init
                0x00000000100045d8       0x58 obj_socket_24/gnu_arcem9d_wei_r16/libembarc.a(hx_drv_edm.o)
                0x00000000100045d8                hx_drv_edm_init
 .text.hx_drv_edm_set_pulse_Cfg
                0x0000000010004630      0x11c obj_socket_24/gnu_arcem9d_wei_r16/libembarc.a(hx_drv_edm.o)
                0x0000000010004630                hx_drv_edm_set_pulse_Cfg
 .text.hx_drv_edm_set_conv_Cfg
                0x000000001000474c       0x80 obj_socket_24/gnu_arcem9d_wei_r16/libembarc.a(hx_drv_edm.o)
                0x000000001000474c                hx_drv_edm_set_conv_Cfg
 .text.hx_drv_edm_set_wdt_Cfg
                0x00000000100047cc       0x88 obj_socket_24/gnu_arcem9d_wei_r16/libembarc.a(hx_drv_edm.o)
                0x00000000100047cc                hx_drv_edm_set_wdt_Cfg
 .text.hx_drv_edm_set_mask
                0x0000000010004854        0xc obj_socket_24/gnu_arcem9d_wei_r16/libembarc.a(hx_drv_edm.o)
                0x0000000010004854                hx_drv_edm_set_mask
 .text.hx_drv_edm_get_mask
                0x0000000010004860       0x10 obj_socket_24/gnu_arcem9d_wei_r16/libembarc.a(hx_drv_edm.o)
                0x0000000010004860                hx_drv_edm_get_mask
 .text.hx_drv_edm_set_clear
                0x0000000010004870       0x10 obj_socket_24/gnu_arcem9d_wei_r16/libembarc.a(hx_drv_edm.o)
                0x0000000010004870                hx_drv_edm_set_clear
 .text.hx_drv_edm_isr
                0x0000000010004880       0x50 obj_socket_24/gnu_arcem9d_wei_r16/libembarc.a(hx_drv_edm.o)
 .text.hx_drv_edm_register_wdt_cb
                0x00000000100048d0       0x40 obj_socket_24/gnu_arcem9d_wei_r16/libembarc.a(hx_drv_edm.o)
                0x00000000100048d0                hx_drv_edm_register_wdt_cb
 .text.hx_drv_edm_get_de_count
                0x0000000010004910       0x34 obj_socket_24/gnu_arcem9d_wei_r16/libembarc.a(hx_drv_edm.o)
                0x0000000010004910                hx_drv_edm_get_de_count
 .text.hx_drv_edm_get_conv_de_count
                0x0000000010004944       0x10 obj_socket_24/gnu_arcem9d_wei_r16/libembarc.a(hx_drv_edm.o)
                0x0000000010004944                hx_drv_edm_get_conv_de_count
 .text.hx_drv_edm_get_frame_count
                0x0000000010004954       0x14 obj_socket_24/gnu_arcem9d_wei_r16/libembarc.a(hx_drv_edm.o)
                0x0000000010004954                hx_drv_edm_get_frame_count
 .text.hx_drv_inp1bitparser_init
                0x0000000010004968        0x4 obj_socket_24/gnu_arcem9d_wei_r16/libembarc.a(hx_drv_inp1bitparser.o)
                0x0000000010004968                hx_drv_inp1bitparser_init
 .text.hx_drv_inp1bitparser_get_defCfg
                0x000000001000496c       0x14 obj_socket_24/gnu_arcem9d_wei_r16/libembarc.a(hx_drv_inp1bitparser.o)
                0x000000001000496c                hx_drv_inp1bitparser_get_defCfg
 .text.hx_drv_inp1bitparser_set_enable
                0x0000000010004980       0x10 obj_socket_24/gnu_arcem9d_wei_r16/libembarc.a(hx_drv_inp1bitparser.o)
                0x0000000010004980                hx_drv_inp1bitparser_set_enable
 .text.hx_drv_inp1bitparser_set_order
                0x0000000010004990       0x30 obj_socket_24/gnu_arcem9d_wei_r16/libembarc.a(hx_drv_inp1bitparser.o)
                0x0000000010004990                hx_drv_inp1bitparser_set_order
 .text.hx_drv_inp1bitparser_set_fe_swap
                0x00000000100049c0       0x20 obj_socket_24/gnu_arcem9d_wei_r16/libembarc.a(hx_drv_inp1bitparser.o)
                0x00000000100049c0                hx_drv_inp1bitparser_set_fe_swap
 .text.hx_drv_inp1bitparser_get_errstatus
                0x00000000100049e0       0x10 obj_socket_24/gnu_arcem9d_wei_r16/libembarc.a(hx_drv_inp1bitparser.o)
                0x00000000100049e0                hx_drv_inp1bitparser_get_errstatus
 .text.hx_drv_inp1bitparser_err_isr
                0x00000000100049f0       0x34 obj_socket_24/gnu_arcem9d_wei_r16/libembarc.a(hx_drv_inp1bitparser.o)
 .text.hx_drv_inp1bitparser_get_fsm
                0x0000000010004a24       0x10 obj_socket_24/gnu_arcem9d_wei_r16/libembarc.a(hx_drv_inp1bitparser.o)
                0x0000000010004a24                hx_drv_inp1bitparser_get_fsm
 .text.hx_drv_inp1bitparser_get_HW_hvsize
                0x0000000010004a34       0x1c obj_socket_24/gnu_arcem9d_wei_r16/libembarc.a(hx_drv_inp1bitparser.o)
                0x0000000010004a34                hx_drv_inp1bitparser_get_HW_hvsize
 .text.hx_drv_inp1bitparser_get_hvsize
                0x0000000010004a50       0x1c obj_socket_24/gnu_arcem9d_wei_r16/libembarc.a(hx_drv_inp1bitparser.o)
                0x0000000010004a50                hx_drv_inp1bitparser_get_hvsize
 .text.hx_drv_inp1bitparser_get_framelinelen
                0x0000000010004a6c       0x2c obj_socket_24/gnu_arcem9d_wei_r16/libembarc.a(hx_drv_inp1bitparser.o)
                0x0000000010004a6c                hx_drv_inp1bitparser_get_framelinelen
 .text.hx_drv_inp1bitparser_get_again
                0x0000000010004a98       0x14 obj_socket_24/gnu_arcem9d_wei_r16/libembarc.a(hx_drv_inp1bitparser.o)
                0x0000000010004a98                hx_drv_inp1bitparser_get_again
 .text.hx_drv_inp1bitparser_get_dgain
                0x0000000010004aac       0x1c obj_socket_24/gnu_arcem9d_wei_r16/libembarc.a(hx_drv_inp1bitparser.o)
                0x0000000010004aac                hx_drv_inp1bitparser_get_dgain
 .text.hx_drv_inp1bitparser_get_intg
                0x0000000010004ac8       0x1c obj_socket_24/gnu_arcem9d_wei_r16/libembarc.a(hx_drv_inp1bitparser.o)
                0x0000000010004ac8                hx_drv_inp1bitparser_get_intg
 .text.hx_drv_inp1bitparser_get_intsrc
                0x0000000010004ae4       0x14 obj_socket_24/gnu_arcem9d_wei_r16/libembarc.a(hx_drv_inp1bitparser.o)
                0x0000000010004ae4                hx_drv_inp1bitparser_get_intsrc
 .text.hx_drv_inp1bitparser_get_fstus
                0x0000000010004af8       0x1c obj_socket_24/gnu_arcem9d_wei_r16/libembarc.a(hx_drv_inp1bitparser.o)
                0x0000000010004af8                hx_drv_inp1bitparser_get_fstus
 .text.hx_drv_inp1bitparser_get_fc
                0x0000000010004b14       0x1c obj_socket_24/gnu_arcem9d_wei_r16/libembarc.a(hx_drv_inp1bitparser.o)
                0x0000000010004b14                hx_drv_inp1bitparser_get_fc
 .text.hx_drv_inp1bitparser_get_crc
                0x0000000010004b30       0x14 obj_socket_24/gnu_arcem9d_wei_r16/libembarc.a(hx_drv_inp1bitparser.o)
                0x0000000010004b30                hx_drv_inp1bitparser_get_crc
 .text.hx_drv_inp1bitparser_err_register_cb
                0x0000000010004b44       0x3c obj_socket_24/gnu_arcem9d_wei_r16/libembarc.a(hx_drv_inp1bitparser.o)
                0x0000000010004b44                hx_drv_inp1bitparser_err_register_cb
 .text.hx_drv_inp1bitparser_clear_int
                0x0000000010004b80       0x10 obj_socket_24/gnu_arcem9d_wei_r16/libembarc.a(hx_drv_inp1bitparser.o)
                0x0000000010004b80                hx_drv_inp1bitparser_clear_int
 .text.hx_drv_inp1bitparser_get_cycle
                0x0000000010004b90       0x1c obj_socket_24/gnu_arcem9d_wei_r16/libembarc.a(hx_drv_inp1bitparser.o)
                0x0000000010004b90                hx_drv_inp1bitparser_get_cycle
 .text.hx_drv_inp1bitparser_set_sw_hvsize
                0x0000000010004bac       0x1c obj_socket_24/gnu_arcem9d_wei_r16/libembarc.a(hx_drv_inp1bitparser.o)
                0x0000000010004bac                hx_drv_inp1bitparser_set_sw_hvsize
 .text.hx_drv_inp1bitparser_set_allCfg
                0x0000000010004bc8       0x78 obj_socket_24/gnu_arcem9d_wei_r16/libembarc.a(hx_drv_inp1bitparser.o)
                0x0000000010004bc8                hx_drv_inp1bitparser_set_allCfg
 .text.hx_drv_inp1bitparser_get_fscycle_err_cnt
                0x0000000010004c40       0x10 obj_socket_24/gnu_arcem9d_wei_r16/libembarc.a(hx_drv_inp1bitparser.o)
                0x0000000010004c40                hx_drv_inp1bitparser_get_fscycle_err_cnt
 .text.pmu_rc36_finish_isr
                0x0000000010004c50       0x10 obj_socket_24/gnu_arcem9d_wei_r16/libembarc.a(hx_drv_pmu.o)
 .text.pmu_rc36_done_isr
                0x0000000010004c60       0x10 obj_socket_24/gnu_arcem9d_wei_r16/libembarc.a(hx_drv_pmu.o)
 .text.pmu_wdt_isr
                0x0000000010004c70       0x24 obj_socket_24/gnu_arcem9d_wei_r16/libembarc.a(hx_drv_pmu.o)
 .text.pmu_adc_isr
                0x0000000010004c94       0x24 obj_socket_24/gnu_arcem9d_wei_r16/libembarc.a(hx_drv_pmu.o)
 .text.hx_drv_pmu_init
                0x0000000010004cb8       0x88 obj_socket_24/gnu_arcem9d_wei_r16/libembarc.a(hx_drv_pmu.o)
                0x0000000010004cb8                hx_drv_pmu_init
 .text.hx_drv_pmu_wdt_start
                0x0000000010004d40       0xf4 obj_socket_24/gnu_arcem9d_wei_r16/libembarc.a(hx_drv_pmu.o)
                0x0000000010004d40                hx_drv_pmu_wdt_start
 .text.hx_drv_pmu_wdt_stop
                0x0000000010004e34       0x6c obj_socket_24/gnu_arcem9d_wei_r16/libembarc.a(hx_drv_pmu.o)
                0x0000000010004e34                hx_drv_pmu_wdt_stop
 .text.hx_drv_pmu_set_ctrl
                0x0000000010004ea0      0xf20 obj_socket_24/gnu_arcem9d_wei_r16/libembarc.a(hx_drv_pmu.o)
                0x0000000010004ea0                hx_drv_pmu_set_ctrl
 .text.hx_drv_pmu_get_ctrl
                0x0000000010005dc0      0xc34 obj_socket_24/gnu_arcem9d_wei_r16/libembarc.a(hx_drv_pmu.o)
                0x0000000010005dc0                hx_drv_pmu_get_ctrl
 .text.hx_drv_pmu_get_wakeupevt
                0x00000000100069f4       0x14 obj_socket_24/gnu_arcem9d_wei_r16/libembarc.a(hx_drv_pmu.o)
                0x00000000100069f4                hx_drv_pmu_get_wakeupevt
 .text.hx_drv_pmu_get_bootflow
                0x0000000010006a08       0x2c obj_socket_24/gnu_arcem9d_wei_r16/libembarc.a(hx_drv_pmu.o)
                0x0000000010006a08                hx_drv_pmu_get_bootflow
 .text.hx_drv_pmu_set_pllenable
                0x0000000010006a34       0x1c obj_socket_24/gnu_arcem9d_wei_r16/libembarc.a(hx_drv_pmu.o)
                0x0000000010006a34                hx_drv_pmu_set_pllenable
 .text.hx_drv_pmu_set_bootromspeed
                0x0000000010006a50       0x2c obj_socket_24/gnu_arcem9d_wei_r16/libembarc.a(hx_drv_pmu.o)
                0x0000000010006a50                hx_drv_pmu_set_bootromspeed
 .text.rtc_sen_isr
                0x0000000010006a7c       0x10 obj_socket_24/gnu_arcem9d_wei_r16/libembarc.a(hx_drv_rtc.o)
 .text.rtc_adc_isr
                0x0000000010006a8c       0x10 obj_socket_24/gnu_arcem9d_wei_r16/libembarc.a(hx_drv_rtc.o)
 .text.hx_drv_rtc_init
                0x0000000010006a9c       0x78 obj_socket_24/gnu_arcem9d_wei_r16/libembarc.a(hx_drv_rtc.o)
                0x0000000010006a9c                hx_drv_rtc_init
 .text.hx_drv_rtc_start
                0x0000000010006b14       0xc0 obj_socket_24/gnu_arcem9d_wei_r16/libembarc.a(hx_drv_rtc.o)
                0x0000000010006b14                hx_drv_rtc_start
 .text.hx_drv_rtc_stop
                0x0000000010006bd4       0x50 obj_socket_24/gnu_arcem9d_wei_r16/libembarc.a(hx_drv_rtc.o)
                0x0000000010006bd4                hx_drv_rtc_stop
 .text.hx_drv_sensorctrl_WDTisr
                0x0000000010006c24       0x18 obj_socket_24/gnu_arcem9d_wei_r16/libembarc.a(hx_drv_sensorctrl.o)
 .text.hx_drv_sensorctrl_NFrameisr
                0x0000000010006c3c       0x18 obj_socket_24/gnu_arcem9d_wei_r16/libembarc.a(hx_drv_sensorctrl.o)
 .text.hx_drv_sensorctrl_init
                0x0000000010006c54        0x4 obj_socket_24/gnu_arcem9d_wei_r16/libembarc.a(hx_drv_sensorctrl.o)
                0x0000000010006c54                hx_drv_sensorctrl_init
 .text.hx_drv_sensorctrl_set_allCfg
                0x0000000010006c58       0x24 obj_socket_24/gnu_arcem9d_wei_r16/libembarc.a(hx_drv_sensorctrl.o)
                0x0000000010006c58                hx_drv_sensorctrl_set_allCfg
 .text.hx_drv_sensorctrl_get_defCfg
                0x0000000010006c7c       0x14 obj_socket_24/gnu_arcem9d_wei_r16/libembarc.a(hx_drv_sensorctrl.o)
                0x0000000010006c7c                hx_drv_sensorctrl_get_defCfg
 .text.hx_drv_sensorctrl_set_CLKRSTN
                0x0000000010006c90       0x2c obj_socket_24/gnu_arcem9d_wei_r16/libembarc.a(hx_drv_sensorctrl.o)
                0x0000000010006c90                hx_drv_sensorctrl_set_CLKRSTN
 .text.hx_drv_sensorctrl_set_MCLK
                0x0000000010006cbc       0x38 obj_socket_24/gnu_arcem9d_wei_r16/libembarc.a(hx_drv_sensorctrl.o)
                0x0000000010006cbc                hx_drv_sensorctrl_set_MCLK
 .text.hx_drv_sensorctrl_get_MCLK
                0x0000000010006cf4       0x24 obj_socket_24/gnu_arcem9d_wei_r16/libembarc.a(hx_drv_sensorctrl.o)
                0x0000000010006cf4                hx_drv_sensorctrl_get_MCLK
 .text.hx_drv_sensorctrl_set_xShutdown
                0x0000000010006d18       0x1c obj_socket_24/gnu_arcem9d_wei_r16/libembarc.a(hx_drv_sensorctrl.o)
                0x0000000010006d18                hx_drv_sensorctrl_set_xShutdown
 .text.hx_drv_sensorctrl_register_cb
                0x0000000010006d34       0x58 obj_socket_24/gnu_arcem9d_wei_r16/libembarc.a(hx_drv_sensorctrl.o)
                0x0000000010006d34                hx_drv_sensorctrl_register_cb
 .text.hx_drv_sensorctrl_set_xSleepCtrl
                0x0000000010006d8c       0x20 obj_socket_24/gnu_arcem9d_wei_r16/libembarc.a(hx_drv_sensorctrl.o)
                0x0000000010006d8c                hx_drv_sensorctrl_set_xSleepCtrl
 .text.hx_drv_sensorctrl_set_xSleep
                0x0000000010006dac       0x34 obj_socket_24/gnu_arcem9d_wei_r16/libembarc.a(hx_drv_sensorctrl.o)
                0x0000000010006dac                hx_drv_sensorctrl_set_xSleep
 .text.hx_drv_sensorctrl_set_CXTSWCtrl
                0x0000000010006de0       0x20 obj_socket_24/gnu_arcem9d_wei_r16/libembarc.a(hx_drv_sensorctrl.o)
                0x0000000010006de0                hx_drv_sensorctrl_set_CXTSWCtrl
 .text.hx_drv_sensorctrl_set_MCLKCtrl
                0x0000000010006e00       0x30 obj_socket_24/gnu_arcem9d_wei_r16/libembarc.a(hx_drv_sensorctrl.o)
                0x0000000010006e00                hx_drv_sensorctrl_set_MCLKCtrl
 .text.hx_drv_sensorctrl_get_MCLKCtrl
                0x0000000010006e30       0x14 obj_socket_24/gnu_arcem9d_wei_r16/libembarc.a(hx_drv_sensorctrl.o)
                0x0000000010006e30                hx_drv_sensorctrl_get_MCLKCtrl
 .text.hx_drv_sensorctrl_set_trigger_val
                0x0000000010006e44       0x1c obj_socket_24/gnu_arcem9d_wei_r16/libembarc.a(hx_drv_sensorctrl.o)
                0x0000000010006e44                hx_drv_sensorctrl_set_trigger_val
 .text.hx_drv_sensorctrl_set_trigger_ctrl
                0x0000000010006e60       0x20 obj_socket_24/gnu_arcem9d_wei_r16/libembarc.a(hx_drv_sensorctrl.o)
                0x0000000010006e60                hx_drv_sensorctrl_set_trigger_ctrl
 .text.hx_drv_sensorctrl_set_wlcsp_sharepin
                0x0000000010006e80       0xd0 obj_socket_24/gnu_arcem9d_wei_r16/libembarc.a(hx_drv_sensorctrl.o)
                0x0000000010006e80                hx_drv_sensorctrl_set_wlcsp_sharepin
 .text.std_timer_isr
                0x0000000010006f50       0x18 obj_socket_24/gnu_arcem9d_wei_r16/libembarc.a(hx_drv_timer.o)
 .text.sys_timer_isr
                0x0000000010006f68       0x60 obj_socket_24/gnu_arcem9d_wei_r16/libembarc.a(hx_drv_timer.o)
 .text.hx_drv_timer_init
                0x0000000010006fc8       0x50 obj_socket_24/gnu_arcem9d_wei_r16/libembarc.a(hx_drv_timer.o)
                0x0000000010006fc8                hx_drv_timer_init
 .text.board_delay_ms
                0x0000000010007018       0x3c obj_socket_24/gnu_arcem9d_wei_r16/libembarc.a(hx_drv_timer.o)
                0x0000000010007018                board_delay_ms
 .text.board_delay_cycle
                0x0000000010007054       0x20 obj_socket_24/gnu_arcem9d_wei_r16/libembarc.a(hx_drv_timer.o)
                0x0000000010007054                board_delay_cycle
 .text.hx_drv_cis_init
                0x0000000010007074       0x74 obj_socket_24/gnu_arcem9d_wei_r16/libembarc.a(hx_drv_CIS_common.o)
                0x0000000010007074                hx_drv_cis_init
 .text.hx_drv_cis_get_reg
                0x00000000100070e8       0x58 obj_socket_24/gnu_arcem9d_wei_r16/libembarc.a(hx_drv_CIS_common.o)
                0x00000000100070e8                hx_drv_cis_get_reg
 .text.hx_drv_cis_CMU_Update
                0x0000000010007140       0x4c obj_socket_24/gnu_arcem9d_wei_r16/libembarc.a(hx_drv_CIS_common.o)
                0x0000000010007140                hx_drv_cis_CMU_Update
 .text.hx_drv_cis_set_reg
                0x000000001000718c       0x58 obj_socket_24/gnu_arcem9d_wei_r16/libembarc.a(hx_drv_CIS_common.o)
                0x000000001000718c                hx_drv_cis_set_reg
 .text.hx_drv_cis_setRegTable
                0x00000000100071e4       0xd4 obj_socket_24/gnu_arcem9d_wei_r16/libembarc.a(hx_drv_CIS_common.o)
                0x00000000100071e4                hx_drv_cis_setRegTable
 .text.board_main
                0x00000000100072b8       0x34 obj_socket_24/gnu_arcem9d_wei_r16/libembarc.a(board.o)
                0x00000000100072b8                board_main
 .text.hx_board_get_version
                0x00000000100072ec        0xc obj_socket_24/gnu_arcem9d_wei_r16/libembarc.a(board.o)
                0x00000000100072ec                hx_board_get_version
 .text._dmac_clear_error
                0x00000000100072f8       0x10 obj_socket_24/gnu_arcem9d_wei_r16/libembarc.a(arc_udma.o)
 .text._dmac_interrupt_error
                0x0000000010007308       0x44 obj_socket_24/gnu_arcem9d_wei_r16/libembarc.a(arc_udma.o)
 .text._dmac_interrupt_completed
                0x000000001000734c       0x3c obj_socket_24/gnu_arcem9d_wei_r16/libembarc.a(arc_udma.o)
 .text.dmac_active
                0x0000000010007388       0x10 obj_socket_24/gnu_arcem9d_wei_r16/libembarc.a(arc_udma.o)
                0x0000000010007388                dmac_active
 .text.dmac_init
                0x0000000010007398       0xac obj_socket_24/gnu_arcem9d_wei_r16/libembarc.a(arc_udma.o)
                0x0000000010007398                dmac_init
 .text.dmac_close
                0x0000000010007444       0x30 obj_socket_24/gnu_arcem9d_wei_r16/libembarc.a(arc_udma.o)
                0x0000000010007444                dmac_close
 .text.dmac_deinit
                0x0000000010007474       0x14 obj_socket_24/gnu_arcem9d_wei_r16/libembarc.a(arc_udma.o)
                0x0000000010007474                dmac_deinit
 .text.dmac_register_callback
                0x0000000010007488       0x1c obj_socket_24/gnu_arcem9d_wei_r16/libembarc.a(arc_udma.o)
                0x0000000010007488                dmac_register_callback
 .text.dmac_init_channel
                0x00000000100074a4       0x18 obj_socket_24/gnu_arcem9d_wei_r16/libembarc.a(arc_udma.o)
                0x00000000100074a4                dmac_init_channel
 .text.dmac_reserve_channel
                0x00000000100074bc       0x60 obj_socket_24/gnu_arcem9d_wei_r16/libembarc.a(arc_udma.o)
                0x00000000100074bc                dmac_reserve_channel
 .text.dmac_release_channel
                0x000000001000751c       0x30 obj_socket_24/gnu_arcem9d_wei_r16/libembarc.a(arc_udma.o)
                0x000000001000751c                dmac_release_channel
 .text._dma_int_clear
                0x000000001000754c        0xc obj_socket_24/gnu_arcem9d_wei_r16/libembarc.a(arc_dmac.o)
                0x000000001000754c                _dma_int_clear
 .text._dma_chan_reset
                0x0000000010007558        0xc obj_socket_24/gnu_arcem9d_wei_r16/libembarc.a(arc_dmac.o)
                0x0000000010007558                _dma_chan_reset
 .text._dma_chan_enable
                0x0000000010007564        0xc obj_socket_24/gnu_arcem9d_wei_r16/libembarc.a(arc_dmac.o)
                0x0000000010007564                _dma_chan_enable
 .text._dma_chan_desc
                0x0000000010007570        0xc obj_socket_24/gnu_arcem9d_wei_r16/libembarc.a(arc_dmac.o)
                0x0000000010007570                _dma_chan_desc
 .text._dma_channel_clear
                0x000000001000757c        0xc obj_socket_24/gnu_arcem9d_wei_r16/libembarc.a(arc_dmac.o)
                0x000000001000757c                _dma_channel_clear
 .text._dma_chan_desc_aux
                0x0000000010007588       0x34 obj_socket_24/gnu_arcem9d_wei_r16/libembarc.a(arc_dmac.o)
                0x0000000010007588                _dma_chan_desc_aux
 .text._dma_chan_desc_get_ctrl
                0x00000000100075bc        0xc obj_socket_24/gnu_arcem9d_wei_r16/libembarc.a(arc_dmac.o)
                0x00000000100075bc                _dma_chan_desc_get_ctrl
 .text._dma_chan_desc_aux_get_ctrl
                0x00000000100075c8       0x10 obj_socket_24/gnu_arcem9d_wei_r16/libembarc.a(arc_dmac.o)
                0x00000000100075c8                _dma_chan_desc_aux_get_ctrl
 .text.arc_int_ipm_set
                0x00000000100075d8       0x24 obj_socket_24/gnu_arcem9d_wei_r16/libembarc.a(arc_exception.o)
 .text.int_handler_default
                0x00000000100075fc       0x28 obj_socket_24/gnu_arcem9d_wei_r16/libembarc.a(arc_exception.o)
 .text.exc_handler_default
                0x0000000010007624       0x34 obj_socket_24/gnu_arcem9d_wei_r16/libembarc.a(arc_exception.o)
 .text.exc_int_init
                0x0000000010007658       0x4c obj_socket_24/gnu_arcem9d_wei_r16/libembarc.a(arc_exception.o)
                0x0000000010007658                exc_int_init
 .text.exc_handler_install
                0x00000000100076a4       0x1c obj_socket_24/gnu_arcem9d_wei_r16/libembarc.a(arc_exception.o)
                0x00000000100076a4                exc_handler_install
 .text.int_disable
                0x00000000100076c0       0x34 obj_socket_24/gnu_arcem9d_wei_r16/libembarc.a(arc_exception.o)
                0x00000000100076c0                int_disable
 .text.int_enable
                0x00000000100076f4       0x34 obj_socket_24/gnu_arcem9d_wei_r16/libembarc.a(arc_exception.o)
                0x00000000100076f4                int_enable
 .text.int_pri_set
                0x0000000010007728       0x38 obj_socket_24/gnu_arcem9d_wei_r16/libembarc.a(arc_exception.o)
                0x0000000010007728                int_pri_set
 .text.int_level_config
                0x0000000010007760       0x24 obj_socket_24/gnu_arcem9d_wei_r16/libembarc.a(arc_exception.o)
                0x0000000010007760                int_level_config
 .text.int_handler_install
                0x0000000010007784        0xc obj_socket_24/gnu_arcem9d_wei_r16/libembarc.a(arc_exception.o)
                0x0000000010007784                int_handler_install
 .text.timer_present
                0x0000000010007790       0x28 obj_socket_24/gnu_arcem9d_wei_r16/libembarc.a(arc_timer.o)
                0x0000000010007790                timer_present
 .text.timer_start
                0x00000000100077b8       0x6c obj_socket_24/gnu_arcem9d_wei_r16/libembarc.a(arc_timer.o)
                0x00000000100077b8                timer_start
 .text.timer_stop
                0x0000000010007824       0x68 obj_socket_24/gnu_arcem9d_wei_r16/libembarc.a(arc_timer.o)
                0x0000000010007824                timer_stop
 .text.timer_current
                0x000000001000788c       0x38 obj_socket_24/gnu_arcem9d_wei_r16/libembarc.a(arc_timer.o)
                0x000000001000788c                timer_current
 .text.timer_int_clear
                0x00000000100078c4       0x30 obj_socket_24/gnu_arcem9d_wei_r16/libembarc.a(arc_timer.o)
                0x00000000100078c4                timer_int_clear
 .text.timer_init
                0x00000000100078f4       0x30 obj_socket_24/gnu_arcem9d_wei_r16/libembarc.a(arc_timer.o)
                0x00000000100078f4                timer_init
 .text          0x0000000010007924      0x358 obj_socket_24/gnu_arcem9d_wei_r16/libembarc.a(arc_exc_asm.o)
                0x0000000010007924                exc_entry_cpu
                0x0000000010007a94                exc_entry_int
                0x0000000010007b40                exc_entry_firq
 .text.console_putchar
                0x0000000010007c7c       0x2c obj_socket_24/gnu_arcem9d_wei_r16/libembarc.a(console_io.o)
                0x0000000010007c7c                console_putchar
 .text.console_getchar
                0x0000000010007ca8       0x30 obj_socket_24/gnu_arcem9d_wei_r16/libembarc.a(console_io.o)
                0x0000000010007ca8                console_getchar
 .text.xprintf_setup
                0x0000000010007cd8       0x5c obj_socket_24/gnu_arcem9d_wei_r16/libembarc.a(console_io.o)
                0x0000000010007cd8                xprintf_setup
 .text.xputc    0x0000000010007d34       0x30 obj_socket_24/gnu_arcem9d_wei_r16/libembarc.a(xprintf.o)
                0x0000000010007d34                xputc
 .text.xputs    0x0000000010007d64       0x14 obj_socket_24/gnu_arcem9d_wei_r16/libembarc.a(xprintf.o)
                0x0000000010007d64                xputs
 .text.xvprintf
                0x0000000010007d78      0x1c8 obj_socket_24/gnu_arcem9d_wei_r16/libembarc.a(xprintf.o)
                0x0000000010007d78                xvprintf
 .text.xprintf  0x0000000010007f40       0x28 obj_socket_24/gnu_arcem9d_wei_r16/libembarc.a(xprintf.o)
                0x0000000010007f40                xprintf
 .text.default_processing
                0x0000000010007f68        0x4 obj_socket_24/gnu_arcem9d_wei_r16/libembarc.a(event.o)
 .text.default_callback
                0x0000000010007f6c        0x4 obj_socket_24/gnu_arcem9d_wei_r16/libembarc.a(event.o)
 .text.infra_evt_create
                0x0000000010007f70       0x38 obj_socket_24/gnu_arcem9d_wei_r16/libembarc.a(event.o)
                0x0000000010007f70                infra_evt_create
 .text.infra_evt_raise_ISR
                0x0000000010007fa8       0x20 obj_socket_24/gnu_arcem9d_wei_r16/libembarc.a(event.o)
                0x0000000010007fa8                infra_evt_raise_ISR
 .text.infra_evt_clear_ISR_pendingevent
                0x0000000010007fc8       0x44 obj_socket_24/gnu_arcem9d_wei_r16/libembarc.a(event.o)
                0x0000000010007fc8                infra_evt_clear_ISR_pendingevent
 .text.infra_evt_set_priority
                0x000000001000800c       0x10 obj_socket_24/gnu_arcem9d_wei_r16/libembarc.a(event.o)
                0x000000001000800c                infra_evt_set_priority
 .text.infra_evt_set_callback
                0x000000001000801c       0x10 obj_socket_24/gnu_arcem9d_wei_r16/libembarc.a(event.o)
                0x000000001000801c                infra_evt_set_callback
 .text.infra_evts_init
                0x000000001000802c       0x2c obj_socket_24/gnu_arcem9d_wei_r16/libembarc.a(event.o)
                0x000000001000802c                infra_evts_init
 .text.infra_evts_set_callback
                0x0000000010008058        0xc obj_socket_24/gnu_arcem9d_wei_r16/libembarc.a(event.o)
                0x0000000010008058                infra_evts_set_callback
 .text.subs_clear_pending
                0x0000000010008064       0x2c obj_socket_24/gnu_arcem9d_wei_r16/libembarc.a(event.o)
                0x0000000010008064                subs_clear_pending
 .text.infra_evt_clear
                0x0000000010008090       0x3c obj_socket_24/gnu_arcem9d_wei_r16/libembarc.a(event.o)
                0x0000000010008090                infra_evt_clear
 .text.i2c_s_callback_fun_tx
                0x00000000100080cc       0x10 obj_socket_24/gnu_arcem9d_wei_r16/libembarc.a(i2c_comm.o)
 .text.i2c_s_callback_fun_rx
                0x00000000100080dc       0x10 obj_socket_24/gnu_arcem9d_wei_r16/libembarc.a(i2c_comm.o)
 .text.i2c_s_callback_fun_err
                0x00000000100080ec       0x10 obj_socket_24/gnu_arcem9d_wei_r16/libembarc.a(i2c_comm.o)
 .text.hx_lib_i2ccomm_open
                0x00000000100080fc       0x44 obj_socket_24/gnu_arcem9d_wei_r16/libembarc.a(i2c_comm.o)
                0x00000000100080fc                hx_lib_i2ccomm_open
 .text.hx_lib_i2ccomm_init
                0x0000000010008140       0x68 obj_socket_24/gnu_arcem9d_wei_r16/libembarc.a(i2c_comm.o)
                0x0000000010008140                hx_lib_i2ccomm_init
 .text.hx_lib_i2ccomm_register_cb
                0x00000000100081a8       0x18 obj_socket_24/gnu_arcem9d_wei_r16/libembarc.a(i2c_comm.o)
                0x00000000100081a8                hx_lib_i2ccomm_register_cb
 .text.hx_lib_i2ccomm_enable_read
                0x00000000100081c0       0x24 obj_socket_24/gnu_arcem9d_wei_r16/libembarc.a(i2c_comm.o)
                0x00000000100081c0                hx_lib_i2ccomm_enable_read
 .text.hx_lib_i2ccomm_enable_write
                0x00000000100081e4       0x34 obj_socket_24/gnu_arcem9d_wei_r16/libembarc.a(i2c_comm.o)
                0x00000000100081e4                hx_lib_i2ccomm_enable_write
 .text.hx_lib_i2ccomm_start
                0x0000000010008218        0xc obj_socket_24/gnu_arcem9d_wei_r16/libembarc.a(i2c_comm.o)
                0x0000000010008218                hx_lib_i2ccomm_start
 .text.hx_lib_i2ccomm_status
                0x0000000010008224       0x14 obj_socket_24/gnu_arcem9d_wei_r16/libembarc.a(i2c_comm.o)
                0x0000000010008224                hx_lib_i2ccomm_status
 .text.hx_lib_i2ccomm_version
                0x0000000010008238        0x8 obj_socket_24/gnu_arcem9d_wei_r16/libembarc.a(i2c_comm.o)
                0x0000000010008238                hx_lib_i2ccomm_version
 .text.hx_lib_i2ccomm_validate_checksum
                0x0000000010008240       0x38 obj_socket_24/gnu_arcem9d_wei_r16/libembarc.a(i2c_comm.o)
                0x0000000010008240                hx_lib_i2ccomm_validate_checksum
 .text.hx_lib_i2ccomm_generate_checksum
                0x0000000010008278       0x1c obj_socket_24/gnu_arcem9d_wei_r16/libembarc.a(i2c_comm.o)
                0x0000000010008278                hx_lib_i2ccomm_generate_checksum
 .text.crc16_ccitt
                0x0000000010008294       0x3c obj_socket_24/gnu_arcem9d_wei_r16/libembarc.a(ccitt_crc16.o)
                0x0000000010008294                crc16_ccitt
 .text.hx_boot_branch
                0x00000000100082d0       0x10 obj_socket_24/gnu_arcem9d_wei_r16/libembarc.a(ota.o)
                0x00000000100082d0                hx_boot_branch
 .text.HX_UNCACHE_BIT_SET
                0x00000000100082e0       0x2c obj_socket_24/gnu_arcem9d_wei_r16/libembarc.a(ota.o)
                0x00000000100082e0                HX_UNCACHE_BIT_SET
 .text.set_ota_result
                0x000000001000830c       0x14 obj_socket_24/gnu_arcem9d_wei_r16/libembarc.a(ota.o)
                0x000000001000830c                set_ota_result
 .text.get_ota_result
                0x0000000010008320       0x20 obj_socket_24/gnu_arcem9d_wei_r16/libembarc.a(ota.o)
                0x0000000010008320                get_ota_result
 .text.read_otp_init
                0x0000000010008340       0x30 obj_socket_24/gnu_arcem9d_wei_r16/libembarc.a(ota.o)
                0x0000000010008340                read_otp_init
 .text.read_otp_chip_id
                0x0000000010008370       0x54 obj_socket_24/gnu_arcem9d_wei_r16/libembarc.a(ota.o)
                0x0000000010008370                read_otp_chip_id
 .text.read_otp_algo_id
                0x00000000100083c4       0x64 obj_socket_24/gnu_arcem9d_wei_r16/libembarc.a(ota.o)
                0x00000000100083c4                read_otp_algo_id
 .text.i2c_read_otp_chip_id
                0x0000000010008428       0x5c obj_socket_24/gnu_arcem9d_wei_r16/libembarc.a(ota.o)
                0x0000000010008428                i2c_read_otp_chip_id
 .text.i2c_read_otp_algo_id
                0x0000000010008484       0x68 obj_socket_24/gnu_arcem9d_wei_r16/libembarc.a(ota.o)
                0x0000000010008484                i2c_read_otp_algo_id
 .text.cli_pmu_wdt_timeout_cb
                0x00000000100084ec        0xc obj_socket_24/gnu_arcem9d_wei_r16/libembarc.a(powermode.o)
 .text.cli_pmu_sen_rtc_cb
                0x00000000100084f8        0xc obj_socket_24/gnu_arcem9d_wei_r16/libembarc.a(powermode.o)
 .text.hx_lib_pm_init
                0x0000000010008504       0x1c obj_socket_24/gnu_arcem9d_wei_r16/libembarc.a(powermode.o)
                0x0000000010008504                hx_lib_pm_init
 .text.hx_lib_pm_trigger
                0x0000000010008520       0x10 obj_socket_24/gnu_arcem9d_wei_r16/libembarc.a(powermode.o)
                0x0000000010008520                hx_lib_pm_trigger
 .text.hx_lib_pm_clear_event
                0x0000000010008530       0x14 obj_socket_24/gnu_arcem9d_wei_r16/libembarc.a(powermode.o)
                0x0000000010008530                hx_lib_pm_clear_event
 .text.hx_lib_pm_cpu_rst
                0x0000000010008544       0x20 obj_socket_24/gnu_arcem9d_wei_r16/libembarc.a(powermode.o)
                0x0000000010008544                hx_lib_pm_cpu_rst
 .text.hx_lib_pm_cldo_en
                0x0000000010008564       0x24 obj_socket_24/gnu_arcem9d_wei_r16/libembarc.a(powermode.o)
                0x0000000010008564                hx_lib_pm_cldo_en
 .text.hx_lib_pm_pmutoallon_ready_check
                0x0000000010008588      0x12c obj_socket_24/gnu_arcem9d_wei_r16/libembarc.a(powermode.o)
                0x0000000010008588                hx_lib_pm_pmutoallon_ready_check
 .text.hx_lib_pm_chip_rst
                0x00000000100086b4       0xac obj_socket_24/gnu_arcem9d_wei_r16/libembarc.a(powermode.o)
                0x00000000100086b4                hx_lib_pm_chip_rst
 .text.SENSORLIB_EDM_WDT_ISR_CB
                0x0000000010008760       0x64 obj_socket_24/gnu_arcem9d_wei_r16/libembarc.a(sensor_dp_lib.o)
                0x0000000010008760                SENSORLIB_EDM_WDT_ISR_CB
 .text.INP1BITPARSER_ERR_ISR_CB
                0x00000000100087c4       0x94 obj_socket_24/gnu_arcem9d_wei_r16/libembarc.a(sensor_dp_lib.o)
                0x00000000100087c4                INP1BITPARSER_ERR_ISR_CB
 .text.sensordplib_gated_dp_clk_bycase
                0x0000000010008858      0x280 obj_socket_24/gnu_arcem9d_wei_r16/libembarc.a(sensor_dp_lib.o)
                0x0000000010008858                sensordplib_gated_dp_clk_bycase
 .text.sensor_dp_SensorCtrl_ISR_CB
                0x0000000010008ad8      0x134 obj_socket_24/gnu_arcem9d_wei_r16/libembarc.a(sensor_dp_lib.o)
                0x0000000010008ad8                sensor_dp_SensorCtrl_ISR_CB
 .text.stop_periodic_timer
                0x0000000010008c0c        0x8 obj_socket_24/gnu_arcem9d_wei_r16/libembarc.a(sensor_dp_lib.o)
                0x0000000010008c0c                stop_periodic_timer
 .text.sensor_dplib_wdma2_error_cb
                0x0000000010008c14       0x58 obj_socket_24/gnu_arcem9d_wei_r16/libembarc.a(sensor_dp_lib.o)
                0x0000000010008c14                sensor_dplib_wdma2_error_cb
 .text.sensor_dp_WDMA2_CB
                0x0000000010008c6c      0x13c obj_socket_24/gnu_arcem9d_wei_r16/libembarc.a(sensor_dp_lib.o)
                0x0000000010008c6c                sensor_dp_WDMA2_CB
 .text.get_SensorCrl_INP_Cfg
                0x0000000010008da8       0xfc obj_socket_24/gnu_arcem9d_wei_r16/libembarc.a(sensor_dp_lib.o)
                0x0000000010008da8                get_SensorCrl_INP_Cfg
 .text.setup_SensorCtrl_INP
                0x0000000010008ea4       0x50 obj_socket_24/gnu_arcem9d_wei_r16/libembarc.a(sensor_dp_lib.o)
                0x0000000010008ea4                setup_SensorCtrl_INP
 .text.hx_dplib_register_cb
                0x0000000010008ef4       0x88 obj_socket_24/gnu_arcem9d_wei_r16/libembarc.a(sensor_dp_lib.o)
                0x0000000010008ef4                hx_dplib_register_cb
 .text.sensordplib_edm_timing_config
                0x0000000010008f7c       0x78 obj_socket_24/gnu_arcem9d_wei_r16/libembarc.a(sensor_dp_lib.o)
                0x0000000010008f7c                sensordplib_edm_timing_config
 .text.sensordplib_set_sensorctrl_inp
                0x0000000010008ff4      0x234 obj_socket_24/gnu_arcem9d_wei_r16/libembarc.a(sensor_dp_lib.o)
                0x0000000010008ff4                sensordplib_set_sensorctrl_inp
 .text.sensordplib_edm_wdt_config
                0x0000000010009228       0x50 obj_socket_24/gnu_arcem9d_wei_r16/libembarc.a(sensor_dp_lib.o)
                0x0000000010009228                sensordplib_edm_wdt_config
 .text.sensordplib_set_sensorctrl_start
                0x0000000010009278       0x80 obj_socket_24/gnu_arcem9d_wei_r16/libembarc.a(sensor_dp_lib.o)
                0x0000000010009278                sensordplib_set_sensorctrl_start
 .text.sensordplib_set_raw_wdma2
                0x00000000100092f8       0xbc obj_socket_24/gnu_arcem9d_wei_r16/libembarc.a(sensor_dp_lib.o)
                0x00000000100092f8                sensordplib_set_raw_wdma2
 .text.sensordplib_stop_capture
                0x00000000100093b4       0x70 obj_socket_24/gnu_arcem9d_wei_r16/libembarc.a(sensor_dp_lib.o)
                0x00000000100093b4                sensordplib_stop_capture
 .text.sensordplib_start_swreset
                0x0000000010009424        0x4 obj_socket_24/gnu_arcem9d_wei_r16/libembarc.a(sensor_dp_lib.o)
                0x0000000010009424                sensordplib_start_swreset
 .text.sensordplib_stop_swreset_WoSensorCtrl
                0x0000000010009428        0x8 obj_socket_24/gnu_arcem9d_wei_r16/libembarc.a(sensor_dp_lib.o)
                0x0000000010009428                sensordplib_stop_swreset_WoSensorCtrl
 .text.sensordplib_get_status
                0x0000000010009430       0x20 obj_socket_24/gnu_arcem9d_wei_r16/libembarc.a(sensor_dp_lib.o)
                0x0000000010009430                sensordplib_get_status
 .text.sensordplib_get_xdma_fin
                0x0000000010009450       0x2c obj_socket_24/gnu_arcem9d_wei_r16/libembarc.a(sensor_dp_lib.o)
                0x0000000010009450                sensordplib_get_xdma_fin
 .text.sensordplib_set_xDMA_baseaddrbyapp
                0x000000001000947c       0x1c obj_socket_24/gnu_arcem9d_wei_r16/libembarc.a(sensor_dp_lib.o)
                0x000000001000947c                sensordplib_set_xDMA_baseaddrbyapp
 .text.sensordplib_set_jpegfilesize_addrbyapp
                0x0000000010009498        0xc obj_socket_24/gnu_arcem9d_wei_r16/libembarc.a(sensor_dp_lib.o)
                0x0000000010009498                sensordplib_set_jpegfilesize_addrbyapp
 .text.sensordplib_init
                0x00000000100094a4       0x3c obj_socket_24/gnu_arcem9d_wei_r16/libembarc.a(sensor_dp_lib.o)
                0x00000000100094a4                sensordplib_init
 .text.sensordplib_set_mclkctrl_xsleepctrl_bySCMode
                0x00000000100094e0       0xac obj_socket_24/gnu_arcem9d_wei_r16/libembarc.a(sensor_dp_lib.o)
                0x00000000100094e0                sensordplib_set_mclkctrl_xsleepctrl_bySCMode
 .text.hx_drv_hw5x5_init
                0x000000001000958c        0x4 obj_socket_24/gnu_arcem9d_wei_r16/libembarc.a(hx_drv_hw5x5.o)
                0x000000001000958c                hx_drv_hw5x5_init
 .text.hx_drv_cdm_init
                0x0000000010009590        0x4 obj_socket_24/gnu_arcem9d_wei_r16/libembarc.a(hx_drv_cdm.o)
                0x0000000010009590                hx_drv_cdm_init
 .text.hx_drv_cdm_set_enable
                0x0000000010009594       0x10 obj_socket_24/gnu_arcem9d_wei_r16/libembarc.a(hx_drv_cdm.o)
                0x0000000010009594                hx_drv_cdm_set_enable
 .text.hx_drv_hogdma_init
                0x00000000100095a4        0x4 obj_socket_24/gnu_arcem9d_wei_r16/libembarc.a(hx_drv_hogdma.o)
                0x00000000100095a4                hx_drv_hogdma_init
 .text.hx_drv_jpeg_init
                0x00000000100095a8        0x4 obj_socket_24/gnu_arcem9d_wei_r16/libembarc.a(hx_drv_jpeg.o)
                0x00000000100095a8                hx_drv_jpeg_init
 .text.hx_drv_jpeg_get_EncOutRealMEMSize
                0x00000000100095ac       0x14 obj_socket_24/gnu_arcem9d_wei_r16/libembarc.a(hx_drv_jpeg.o)
                0x00000000100095ac                hx_drv_jpeg_get_EncOutRealMEMSize
 .text.hx_drv_jpeg_set_FillFileSizeToMem
                0x00000000100095c0       0x40 obj_socket_24/gnu_arcem9d_wei_r16/libembarc.a(hx_drv_jpeg.o)
                0x00000000100095c0                hx_drv_jpeg_set_FillFileSizeToMem
 .text.hx_drv_rsdma_init
                0x0000000010009600        0x4 obj_socket_24/gnu_arcem9d_wei_r16/libembarc.a(hx_drv_rsdma.o)
                0x0000000010009600                hx_drv_rsdma_init
 .text.hx_drv_xdma_WDMA2_abnormal_isr
                0x0000000010009604       0x24 obj_socket_24/gnu_arcem9d_wei_r16/libembarc.a(hx_drv_xdma.o)
 .text.hx_drv_xdma_WDMA2_normal_isr
                0x0000000010009628       0x24 obj_socket_24/gnu_arcem9d_wei_r16/libembarc.a(hx_drv_xdma.o)
 .text.hx_drv_xdma_init
                0x000000001000964c        0x4 obj_socket_24/gnu_arcem9d_wei_r16/libembarc.a(hx_drv_xdma.o)
                0x000000001000964c                hx_drv_xdma_init
 .text.hx_drv_xdma_set_enable
                0x0000000010009650       0x40 obj_socket_24/gnu_arcem9d_wei_r16/libembarc.a(hx_drv_xdma.o)
                0x0000000010009650                hx_drv_xdma_set_enable
 .text.hx_drv_xdma_WDMA1_clear_Normalint
                0x0000000010009690       0x10 obj_socket_24/gnu_arcem9d_wei_r16/libembarc.a(hx_drv_xdma.o)
                0x0000000010009690                hx_drv_xdma_WDMA1_clear_Normalint
 .text.hx_drv_xdma_WDMA1_clear_AbNormalint
                0x00000000100096a0       0x10 obj_socket_24/gnu_arcem9d_wei_r16/libembarc.a(hx_drv_xdma.o)
                0x00000000100096a0                hx_drv_xdma_WDMA1_clear_AbNormalint
 .text.hx_drv_xdma_get_WDMA1INTStatus
                0x00000000100096b0       0x14 obj_socket_24/gnu_arcem9d_wei_r16/libembarc.a(hx_drv_xdma.o)
                0x00000000100096b0                hx_drv_xdma_get_WDMA1INTStatus
 .text.hx_drv_xdma_set_WDMA2DMAMode
                0x00000000100096c4       0x1c obj_socket_24/gnu_arcem9d_wei_r16/libembarc.a(hx_drv_xdma.o)
                0x00000000100096c4                hx_drv_xdma_set_WDMA2DMAMode
 .text.hx_drv_xdma_set_WDMA2FinMode
                0x00000000100096e0       0x1c obj_socket_24/gnu_arcem9d_wei_r16/libembarc.a(hx_drv_xdma.o)
                0x00000000100096e0                hx_drv_xdma_set_WDMA2FinMode
 .text.hx_drv_xdma_set_WDMA2AddrSizeCnt
                0x00000000100096fc       0x40 obj_socket_24/gnu_arcem9d_wei_r16/libembarc.a(hx_drv_xdma.o)
                0x00000000100096fc                hx_drv_xdma_set_WDMA2AddrSizeCnt
 .text.hx_drv_xdma_get_WDMA2AddrSizeCnt
                0x000000001000973c       0x30 obj_socket_24/gnu_arcem9d_wei_r16/libembarc.a(hx_drv_xdma.o)
                0x000000001000973c                hx_drv_xdma_get_WDMA2AddrSizeCnt
 .text.hx_drv_xdma_WDMA2_clear_Normalint
                0x000000001000976c       0x10 obj_socket_24/gnu_arcem9d_wei_r16/libembarc.a(hx_drv_xdma.o)
                0x000000001000976c                hx_drv_xdma_WDMA2_clear_Normalint
 .text.hx_drv_xdma_WDMA2_clear_AbNormalint
                0x000000001000977c       0x10 obj_socket_24/gnu_arcem9d_wei_r16/libembarc.a(hx_drv_xdma.o)
                0x000000001000977c                hx_drv_xdma_WDMA2_clear_AbNormalint
 .text.hx_drv_xdma_set_WDMA2INTMask
                0x000000001000978c       0x20 obj_socket_24/gnu_arcem9d_wei_r16/libembarc.a(hx_drv_xdma.o)
                0x000000001000978c                hx_drv_xdma_set_WDMA2INTMask
 .text.hx_drv_xdma_get_WDMA2INTStatus
                0x00000000100097ac       0x14 obj_socket_24/gnu_arcem9d_wei_r16/libembarc.a(hx_drv_xdma.o)
                0x00000000100097ac                hx_drv_xdma_get_WDMA2INTStatus
 .text.hx_drv_xdma_WDMA2_register_cb
                0x00000000100097c0       0x58 obj_socket_24/gnu_arcem9d_wei_r16/libembarc.a(hx_drv_xdma.o)
                0x00000000100097c0                hx_drv_xdma_WDMA2_register_cb
 .text.hx_drv_xdma_WDMA3_clear_Normalint
                0x0000000010009818       0x10 obj_socket_24/gnu_arcem9d_wei_r16/libembarc.a(hx_drv_xdma.o)
                0x0000000010009818                hx_drv_xdma_WDMA3_clear_Normalint
 .text.hx_drv_xdma_WDMA3_clear_AbNormalint
                0x0000000010009828       0x10 obj_socket_24/gnu_arcem9d_wei_r16/libembarc.a(hx_drv_xdma.o)
                0x0000000010009828                hx_drv_xdma_WDMA3_clear_AbNormalint
 .text.hx_drv_xdma_get_WDMA3INTStatus
                0x0000000010009838       0x14 obj_socket_24/gnu_arcem9d_wei_r16/libembarc.a(hx_drv_xdma.o)
                0x0000000010009838                hx_drv_xdma_get_WDMA3INTStatus
 .text.hx_drv_xdma_RDMA_clear_Normalint
                0x000000001000984c       0x10 obj_socket_24/gnu_arcem9d_wei_r16/libembarc.a(hx_drv_xdma.o)
                0x000000001000984c                hx_drv_xdma_RDMA_clear_Normalint
 .text.hx_drv_xdma_RDMA_clear_AbNormalint
                0x000000001000985c       0x10 obj_socket_24/gnu_arcem9d_wei_r16/libembarc.a(hx_drv_xdma.o)
                0x000000001000985c                hx_drv_xdma_RDMA_clear_AbNormalint
 .text.hx_drv_xdma_get_RDMAINTStatus
                0x000000001000986c       0x14 obj_socket_24/gnu_arcem9d_wei_r16/libembarc.a(hx_drv_xdma.o)
                0x000000001000986c                hx_drv_xdma_get_RDMAINTStatus
 .text.hx_drv_xdma_set_WDMA2AutoFileSize
                0x0000000010009880       0x1c obj_socket_24/gnu_arcem9d_wei_r16/libembarc.a(hx_drv_xdma.o)
                0x0000000010009880                hx_drv_xdma_set_WDMA2AutoFileSize
 .text.hx_drv_xdma_set_WDMA2allCfg
                0x000000001000989c       0x5c obj_socket_24/gnu_arcem9d_wei_r16/libembarc.a(hx_drv_xdma.o)
                0x000000001000989c                hx_drv_xdma_set_WDMA2allCfg
 .text.hx_drv_xdma_set_mask
                0x00000000100098f8       0x24 obj_socket_24/gnu_arcem9d_wei_r16/libembarc.a(hx_drv_xdma.o)
                0x00000000100098f8                hx_drv_xdma_set_mask
 .text.dfss_iic_0_install
                0x000000001000991c       0x48 obj_socket_24/gnu_arcem9d_wei_r16/libembarc.a(hx_drv_iic_m.o)
 .text.dfss_iic_1_install
                0x0000000010009964       0x48 obj_socket_24/gnu_arcem9d_wei_r16/libembarc.a(hx_drv_iic_m.o)
 .text.dfss_iic_2_install
                0x00000000100099ac       0x48 obj_socket_24/gnu_arcem9d_wei_r16/libembarc.a(hx_drv_iic_m.o)
 .text.dfss_iic_0_read
                0x00000000100099f4       0x10 obj_socket_24/gnu_arcem9d_wei_r16/libembarc.a(hx_drv_iic_m.o)
 .text.dfss_iic_1_read
                0x0000000010009a04       0x10 obj_socket_24/gnu_arcem9d_wei_r16/libembarc.a(hx_drv_iic_m.o)
 .text.dfss_iic_2_read
                0x0000000010009a14       0x10 obj_socket_24/gnu_arcem9d_wei_r16/libembarc.a(hx_drv_iic_m.o)
 .text.dfss_iic_0_write
                0x0000000010009a24       0x10 obj_socket_24/gnu_arcem9d_wei_r16/libembarc.a(hx_drv_iic_m.o)
 .text.dfss_iic_1_write
                0x0000000010009a34       0x10 obj_socket_24/gnu_arcem9d_wei_r16/libembarc.a(hx_drv_iic_m.o)
 .text.dfss_iic_2_write
                0x0000000010009a44       0x10 obj_socket_24/gnu_arcem9d_wei_r16/libembarc.a(hx_drv_iic_m.o)
 .text.dfss_iic_0_control
                0x0000000010009a54       0x10 obj_socket_24/gnu_arcem9d_wei_r16/libembarc.a(hx_drv_iic_m.o)
 .text.dfss_iic_1_control
                0x0000000010009a64       0x10 obj_socket_24/gnu_arcem9d_wei_r16/libembarc.a(hx_drv_iic_m.o)
 .text.dfss_iic_2_control
                0x0000000010009a74       0x10 obj_socket_24/gnu_arcem9d_wei_r16/libembarc.a(hx_drv_iic_m.o)
 .text.dfss_iic_0_close
                0x0000000010009a84        0xc obj_socket_24/gnu_arcem9d_wei_r16/libembarc.a(hx_drv_iic_m.o)
 .text.dfss_iic_1_close
                0x0000000010009a90        0xc obj_socket_24/gnu_arcem9d_wei_r16/libembarc.a(hx_drv_iic_m.o)
 .text.dfss_iic_2_close
                0x0000000010009a9c        0xc obj_socket_24/gnu_arcem9d_wei_r16/libembarc.a(hx_drv_iic_m.o)
 .text.dfss_iic_0_open
                0x0000000010009aa8        0xc obj_socket_24/gnu_arcem9d_wei_r16/libembarc.a(hx_drv_iic_m.o)
 .text.dfss_iic_1_open
                0x0000000010009ab4        0xc obj_socket_24/gnu_arcem9d_wei_r16/libembarc.a(hx_drv_iic_m.o)
 .text.dfss_iic_2_open
                0x0000000010009ac0        0xc obj_socket_24/gnu_arcem9d_wei_r16/libembarc.a(hx_drv_iic_m.o)
 .text.iic_err_cb0
                0x0000000010009acc        0xc obj_socket_24/gnu_arcem9d_wei_r16/libembarc.a(hx_drv_iic_m.o)
 .text.iic_err_cb1
                0x0000000010009ad8        0xc obj_socket_24/gnu_arcem9d_wei_r16/libembarc.a(hx_drv_iic_m.o)
 .text.iic_err_cb2
                0x0000000010009ae4        0xc obj_socket_24/gnu_arcem9d_wei_r16/libembarc.a(hx_drv_iic_m.o)
 .text.iic_tx_cb0
                0x0000000010009af0        0xc obj_socket_24/gnu_arcem9d_wei_r16/libembarc.a(hx_drv_iic_m.o)
 .text.iic_tx_cb1
                0x0000000010009afc        0xc obj_socket_24/gnu_arcem9d_wei_r16/libembarc.a(hx_drv_iic_m.o)
 .text.iic_tx_cb2
                0x0000000010009b08        0xc obj_socket_24/gnu_arcem9d_wei_r16/libembarc.a(hx_drv_iic_m.o)
 .text.iic_rx_cb0
                0x0000000010009b14        0xc obj_socket_24/gnu_arcem9d_wei_r16/libembarc.a(hx_drv_iic_m.o)
 .text.iic_rx_cb1
                0x0000000010009b20        0xc obj_socket_24/gnu_arcem9d_wei_r16/libembarc.a(hx_drv_iic_m.o)
 .text.iic_rx_cb2
                0x0000000010009b2c        0xc obj_socket_24/gnu_arcem9d_wei_r16/libembarc.a(hx_drv_iic_m.o)
 .text.hx_drv_i2cm_init
                0x0000000010009b38       0xe4 obj_socket_24/gnu_arcem9d_wei_r16/libembarc.a(hx_drv_iic_m.o)
                0x0000000010009b38                hx_drv_i2cm_init
 .text.hx_drv_i2cm_write_data
                0x0000000010009c1c       0xac obj_socket_24/gnu_arcem9d_wei_r16/libembarc.a(hx_drv_iic_m.o)
                0x0000000010009c1c                hx_drv_i2cm_write_data
 .text.hx_drv_i2cm_writeread
                0x0000000010009cc8       0x88 obj_socket_24/gnu_arcem9d_wei_r16/libembarc.a(hx_drv_iic_m.o)
                0x0000000010009cc8                hx_drv_i2cm_writeread
 .text.dfss_iic_s_0_install
                0x0000000010009d50       0x48 obj_socket_24/gnu_arcem9d_wei_r16/libembarc.a(hx_drv_iic_s.o)
 .text.dfss_iic_s_0_read
                0x0000000010009d98       0x10 obj_socket_24/gnu_arcem9d_wei_r16/libembarc.a(hx_drv_iic_s.o)
 .text.dfss_iic_s_0_write
                0x0000000010009da8       0x10 obj_socket_24/gnu_arcem9d_wei_r16/libembarc.a(hx_drv_iic_s.o)
 .text.dfss_iic_s_0_control
                0x0000000010009db8       0x10 obj_socket_24/gnu_arcem9d_wei_r16/libembarc.a(hx_drv_iic_s.o)
 .text.dfss_iic_s_0_close
                0x0000000010009dc8        0xc obj_socket_24/gnu_arcem9d_wei_r16/libembarc.a(hx_drv_iic_s.o)
 .text.dfss_iic_s_0_open
                0x0000000010009dd4        0xc obj_socket_24/gnu_arcem9d_wei_r16/libembarc.a(hx_drv_iic_s.o)
 .text.iic_s_err_cb0
                0x0000000010009de0        0xc obj_socket_24/gnu_arcem9d_wei_r16/libembarc.a(hx_drv_iic_s.o)
 .text.iic_s_tx_cb0
                0x0000000010009dec        0xc obj_socket_24/gnu_arcem9d_wei_r16/libembarc.a(hx_drv_iic_s.o)
 .text.iic_s_rx_cb0
                0x0000000010009df8        0xc obj_socket_24/gnu_arcem9d_wei_r16/libembarc.a(hx_drv_iic_s.o)
 .text.hx_drv_i2cs_get_dev
                0x0000000010009e04       0x2c obj_socket_24/gnu_arcem9d_wei_r16/libembarc.a(hx_drv_iic_s.o)
                0x0000000010009e04                hx_drv_i2cs_get_dev
 .text.hx_drv_i2cs_init
                0x0000000010009e30       0x2c obj_socket_24/gnu_arcem9d_wei_r16/libembarc.a(hx_drv_iic_s.o)
                0x0000000010009e30                hx_drv_i2cs_init
 .text.dw_spi_1_read_ptl
                0x0000000010009e5c        0x4 obj_socket_24/gnu_arcem9d_wei_r16/libembarc.a(hx_drv_spi_m.o)
 .text.dw_spi_0_install
                0x0000000010009e60      0x128 obj_socket_24/gnu_arcem9d_wei_r16/libembarc.a(hx_drv_spi_m.o)
 .text.dw_spi_1_install
                0x0000000010009f88      0x128 obj_socket_24/gnu_arcem9d_wei_r16/libembarc.a(hx_drv_spi_m.o)
 .text.dw_spi_0_flash_Send_Op_code
                0x000000001000a0b0       0x10 obj_socket_24/gnu_arcem9d_wei_r16/libembarc.a(hx_drv_spi_m.o)
 .text.dw_spi_1_flash_Send_Op_code
                0x000000001000a0c0       0x10 obj_socket_24/gnu_arcem9d_wei_r16/libembarc.a(hx_drv_spi_m.o)
 .text.dw_spi_0_flash_erase_sector
                0x000000001000a0d0        0xc obj_socket_24/gnu_arcem9d_wei_r16/libembarc.a(hx_drv_spi_m.o)
 .text.dw_spi_1_flash_erase_sector
                0x000000001000a0dc        0xc obj_socket_24/gnu_arcem9d_wei_r16/libembarc.a(hx_drv_spi_m.o)
 .text.dw_spi_0_flash_erase_all
                0x000000001000a0e8        0xc obj_socket_24/gnu_arcem9d_wei_r16/libembarc.a(hx_drv_spi_m.o)
 .text.dw_spi_1_flash_erase_all
                0x000000001000a0f4        0xc obj_socket_24/gnu_arcem9d_wei_r16/libembarc.a(hx_drv_spi_m.o)
 .text.dw_spi_0_flash_id
                0x000000001000a100        0xc obj_socket_24/gnu_arcem9d_wei_r16/libembarc.a(hx_drv_spi_m.o)
 .text.dw_spi_1_flash_id
                0x000000001000a10c        0xc obj_socket_24/gnu_arcem9d_wei_r16/libembarc.a(hx_drv_spi_m.o)
 .text.dw_spi_0_read_ptl
                0x000000001000a118       0x10 obj_socket_24/gnu_arcem9d_wei_r16/libembarc.a(hx_drv_spi_m.o)
 .text.dw_spi_0_read_dma
                0x000000001000a128       0x10 obj_socket_24/gnu_arcem9d_wei_r16/libembarc.a(hx_drv_spi_m.o)
 .text.dw_spi_1_read_dma
                0x000000001000a138       0x10 obj_socket_24/gnu_arcem9d_wei_r16/libembarc.a(hx_drv_spi_m.o)
 .text.dw_spi_0_write_ptl_halt
                0x000000001000a148        0xc obj_socket_24/gnu_arcem9d_wei_r16/libembarc.a(hx_drv_spi_m.o)
 .text.dw_spi_1_write_ptl_halt
                0x000000001000a154        0xc obj_socket_24/gnu_arcem9d_wei_r16/libembarc.a(hx_drv_spi_m.o)
 .text.dw_spi_0_write_ptl_cus
                0x000000001000a160       0x14 obj_socket_24/gnu_arcem9d_wei_r16/libembarc.a(hx_drv_spi_m.o)
 .text.dw_spi_1_write_ptl_cus
                0x000000001000a174       0x14 obj_socket_24/gnu_arcem9d_wei_r16/libembarc.a(hx_drv_spi_m.o)
 .text.dw_spi_0_write_ptl
                0x000000001000a188       0x10 obj_socket_24/gnu_arcem9d_wei_r16/libembarc.a(hx_drv_spi_m.o)
 .text.dw_spi_1_write_ptl
                0x000000001000a198       0x10 obj_socket_24/gnu_arcem9d_wei_r16/libembarc.a(hx_drv_spi_m.o)
 .text.dw_spi_0_read_dma_status
                0x000000001000a1a8       0x10 obj_socket_24/gnu_arcem9d_wei_r16/libembarc.a(hx_drv_spi_m.o)
 .text.dw_spi_1_read_dma_status
                0x000000001000a1b8       0x10 obj_socket_24/gnu_arcem9d_wei_r16/libembarc.a(hx_drv_spi_m.o)
 .text.dw_spi_0_write_dma
                0x000000001000a1c8       0x10 obj_socket_24/gnu_arcem9d_wei_r16/libembarc.a(hx_drv_spi_m.o)
 .text.dw_spi_1_write_dma
                0x000000001000a1d8       0x10 obj_socket_24/gnu_arcem9d_wei_r16/libembarc.a(hx_drv_spi_m.o)
 .text.dw_spi_0_read
                0x000000001000a1e8       0x10 obj_socket_24/gnu_arcem9d_wei_r16/libembarc.a(hx_drv_spi_m.o)
 .text.dw_spi_1_read
                0x000000001000a1f8       0x10 obj_socket_24/gnu_arcem9d_wei_r16/libembarc.a(hx_drv_spi_m.o)
 .text.dw_spi_0_write
                0x000000001000a208       0x10 obj_socket_24/gnu_arcem9d_wei_r16/libembarc.a(hx_drv_spi_m.o)
 .text.dw_spi_1_write
                0x000000001000a218       0x10 obj_socket_24/gnu_arcem9d_wei_r16/libembarc.a(hx_drv_spi_m.o)
 .text.dw_spi_0_control
                0x000000001000a228       0x10 obj_socket_24/gnu_arcem9d_wei_r16/libembarc.a(hx_drv_spi_m.o)
 .text.dw_spi_1_control
                0x000000001000a238       0x10 obj_socket_24/gnu_arcem9d_wei_r16/libembarc.a(hx_drv_spi_m.o)
 .text.dw_spi_0_close
                0x000000001000a248        0xc obj_socket_24/gnu_arcem9d_wei_r16/libembarc.a(hx_drv_spi_m.o)
 .text.dw_spi_1_close
                0x000000001000a254        0xc obj_socket_24/gnu_arcem9d_wei_r16/libembarc.a(hx_drv_spi_m.o)
 .text.dw_spi_0_open
                0x000000001000a260       0x10 obj_socket_24/gnu_arcem9d_wei_r16/libembarc.a(hx_drv_spi_m.o)
 .text.dw_spi_1_open
                0x000000001000a270       0x10 obj_socket_24/gnu_arcem9d_wei_r16/libembarc.a(hx_drv_spi_m.o)
 .text.dw_spi_0_tx_ptl_isr
                0x000000001000a280        0xc obj_socket_24/gnu_arcem9d_wei_r16/libembarc.a(hx_drv_spi_m.o)
 .text.dw_spi_1_tx_ptl_isr
                0x000000001000a28c        0xc obj_socket_24/gnu_arcem9d_wei_r16/libembarc.a(hx_drv_spi_m.o)
 .text.dw_spi_0_isr
                0x000000001000a298        0xc obj_socket_24/gnu_arcem9d_wei_r16/libembarc.a(hx_drv_spi_m.o)
 .text.dw_spi_1_isr
                0x000000001000a2a4        0xc obj_socket_24/gnu_arcem9d_wei_r16/libembarc.a(hx_drv_spi_m.o)
 .text.dw_spi_0_flash_set_xip
                0x000000001000a2b0       0x28 obj_socket_24/gnu_arcem9d_wei_r16/libembarc.a(hx_drv_spi_m.o)
 .text.dw_spi_1_flash_set_xip
                0x000000001000a2d8       0x28 obj_socket_24/gnu_arcem9d_wei_r16/libembarc.a(hx_drv_spi_m.o)
 .text.dw_spi_0_flash_word_write
                0x000000001000a300       0x24 obj_socket_24/gnu_arcem9d_wei_r16/libembarc.a(hx_drv_spi_m.o)
 .text.dw_spi_1_flash_word_write
                0x000000001000a324       0x24 obj_socket_24/gnu_arcem9d_wei_r16/libembarc.a(hx_drv_spi_m.o)
 .text.dw_spi_0_flash_write
                0x000000001000a348       0x28 obj_socket_24/gnu_arcem9d_wei_r16/libembarc.a(hx_drv_spi_m.o)
 .text.dw_spi_1_flash_write
                0x000000001000a370       0x28 obj_socket_24/gnu_arcem9d_wei_r16/libembarc.a(hx_drv_spi_m.o)
 .text.dw_spi_0_flash_word_read
                0x000000001000a398       0x30 obj_socket_24/gnu_arcem9d_wei_r16/libembarc.a(hx_drv_spi_m.o)
 .text.dw_spi_1_flash_word_read
                0x000000001000a3c8       0x30 obj_socket_24/gnu_arcem9d_wei_r16/libembarc.a(hx_drv_spi_m.o)
 .text.dw_spi_0_flash_read
                0x000000001000a3f8       0x30 obj_socket_24/gnu_arcem9d_wei_r16/libembarc.a(hx_drv_spi_m.o)
 .text.dw_spi_1_flash_read
                0x000000001000a428       0x30 obj_socket_24/gnu_arcem9d_wei_r16/libembarc.a(hx_drv_spi_m.o)
 .text.hx_drv_spi_mst_get_dev
                0x000000001000a458       0x4c obj_socket_24/gnu_arcem9d_wei_r16/libembarc.a(hx_drv_spi_m.o)
                0x000000001000a458                hx_drv_spi_mst_get_dev
 .text.hx_drv_spi_mst_init
                0x000000001000a4a4       0x60 obj_socket_24/gnu_arcem9d_wei_r16/libembarc.a(hx_drv_spi_m.o)
                0x000000001000a4a4                hx_drv_spi_mst_init
 .text.dw_spi_set_format
                0x000000001000a504      0x104 obj_socket_24/gnu_arcem9d_wei_r16/libembarc.a(dw_spi.o)
 .text.dw_spi_set_read_count
                0x000000001000a608       0x18 obj_socket_24/gnu_arcem9d_wei_r16/libembarc.a(dw_spi.o)
 .text.dw_spi_set_dfs
                0x000000001000a620       0x24 obj_socket_24/gnu_arcem9d_wei_r16/libembarc.a(dw_spi.o)
 .text.spi_mst0_rx_ISR
                0x000000001000a644        0xc obj_socket_24/gnu_arcem9d_wei_r16/libembarc.a(dw_spi.o)
 .text.spi_mst0_tx_ISR
                0x000000001000a650        0xc obj_socket_24/gnu_arcem9d_wei_r16/libembarc.a(dw_spi.o)
 .text.dw_spi_rx_ptl_isr
                0x000000001000a65c       0x20 obj_socket_24/gnu_arcem9d_wei_r16/libembarc.a(dw_spi.o)
 .text.dw_spi_get_txavail
                0x000000001000a67c       0x18 obj_socket_24/gnu_arcem9d_wei_r16/libembarc.a(dw_spi.o)
 .text.dw_spi_writer
                0x000000001000a694       0x8c obj_socket_24/gnu_arcem9d_wei_r16/libembarc.a(dw_spi.o)
 .text.dw_spi_init_transfer
                0x000000001000a720       0x4c obj_socket_24/gnu_arcem9d_wei_r16/libembarc.a(dw_spi.o)
 .text.dw_spi_dis_cbr
                0x000000001000a76c       0x6c obj_socket_24/gnu_arcem9d_wei_r16/libembarc.a(dw_spi.o)
 .text.dw_spi_abort_tx
                0x000000001000a7d8       0x3c obj_socket_24/gnu_arcem9d_wei_r16/libembarc.a(dw_spi.o)
 .text.dw_spi_abort_rx
                0x000000001000a814       0x3c obj_socket_24/gnu_arcem9d_wei_r16/libembarc.a(dw_spi.o)
 .text.dw_spi_disable_interrupt
                0x000000001000a850       0x40 obj_socket_24/gnu_arcem9d_wei_r16/libembarc.a(dw_spi.o)
 .text.dw_spi_reset_device
                0x000000001000a890       0x2c obj_socket_24/gnu_arcem9d_wei_r16/libembarc.a(dw_spi.o)
 .text.dw_spi_ena_cbr
                0x000000001000a8bc       0x64 obj_socket_24/gnu_arcem9d_wei_r16/libembarc.a(dw_spi.o)
 .text.dw_spi_set_transfer_mode.part.0
                0x000000001000a920       0x1c obj_socket_24/gnu_arcem9d_wei_r16/libembarc.a(dw_spi.o)
 .text.dw_spi_chk_xfer_aligned
                0x000000001000a93c       0x3c obj_socket_24/gnu_arcem9d_wei_r16/libembarc.a(dw_spi.o)
 .text.dw_spi_psnd_32bit_dat_len.constprop.0
                0x000000001000a978       0x40 obj_socket_24/gnu_arcem9d_wei_r16/libembarc.a(dw_spi.o)
 .text.create_dma_descriptors_rx.constprop.0
                0x000000001000a9b8       0xe8 obj_socket_24/gnu_arcem9d_wei_r16/libembarc.a(dw_spi.o)
 .text.create_dma_descriptors_tx.constprop.0
                0x000000001000aaa0      0x110 obj_socket_24/gnu_arcem9d_wei_r16/libembarc.a(dw_spi.o)
 .text.dw_spi_DMA_send
                0x000000001000abb0       0xb4 obj_socket_24/gnu_arcem9d_wei_r16/libembarc.a(dw_spi.o)
 .text.dw_spi_reader.isra.0
                0x000000001000ac64       0x8c obj_socket_24/gnu_arcem9d_wei_r16/libembarc.a(dw_spi.o)
 .text.dw_spi_poll_transfer
                0x000000001000acf0       0x44 obj_socket_24/gnu_arcem9d_wei_r16/libembarc.a(dw_spi.o)
 .text.dw_spi_DMA_send_recv
                0x000000001000ad34      0x104 obj_socket_24/gnu_arcem9d_wei_r16/libembarc.a(dw_spi.o)
 .text.word_switch_func
                0x000000001000ae38       0x3c obj_socket_24/gnu_arcem9d_wei_r16/libembarc.a(dw_spi.o)
                0x000000001000ae38                word_switch_func
 .text.dw_spi_open
                0x000000001000ae74      0x1dc obj_socket_24/gnu_arcem9d_wei_r16/libembarc.a(dw_spi.o)
                0x000000001000ae74                dw_spi_open
 .text.dw_spi_close
                0x000000001000b050       0x84 obj_socket_24/gnu_arcem9d_wei_r16/libembarc.a(dw_spi.o)
                0x000000001000b050                dw_spi_close
 .text.dw_spi_eeprom_setWriteEnable
                0x000000001000b0d4       0x24 obj_socket_24/gnu_arcem9d_wei_r16/libembarc.a(dw_spi.o)
                0x000000001000b0d4                dw_spi_eeprom_setWriteEnable
 .text.dw_spi_eeprom_waitWIP
                0x000000001000b0f8       0x3c obj_socket_24/gnu_arcem9d_wei_r16/libembarc.a(dw_spi.o)
                0x000000001000b0f8                dw_spi_eeprom_waitWIP
 .text.dw_spi_eeprom_set_quad_mode
                0x000000001000b134      0x1dc obj_socket_24/gnu_arcem9d_wei_r16/libembarc.a(dw_spi.o)
                0x000000001000b134                dw_spi_eeprom_set_quad_mode
 .text.dw_spi_eeprom_setXIP_para_dual
                0x000000001000b310       0xb8 obj_socket_24/gnu_arcem9d_wei_r16/libembarc.a(dw_spi.o)
                0x000000001000b310                dw_spi_eeprom_setXIP_para_dual
 .text.dw_spi_eeprom_setXIP_para
                0x000000001000b3c8       0xb8 obj_socket_24/gnu_arcem9d_wei_r16/libembarc.a(dw_spi.o)
                0x000000001000b3c8                dw_spi_eeprom_setXIP_para
 .text.dw_spi_eeprom_clear_write_protect
                0x000000001000b480      0x198 obj_socket_24/gnu_arcem9d_wei_r16/libembarc.a(dw_spi.o)